Component: ARM Compiler 5.06 update 6 (build 750) Tool: armlink [4d35ed]

==============================================================================

Section Cross References

    main.o(i.BSP_All_Init) refers to bsp_imu.o(i.mpu_device_init) for mpu_device_init
    main.o(i.BSP_All_Init) refers to bsp_imu.o(i.init_quaternion) for init_quaternion
    main.o(i.BSP_All_Init) refers to stm32f4xx_hal_tim.o(i.HAL_TIM_Base_Start_IT) for HAL_TIM_Base_Start_IT
    main.o(i.BSP_All_Init) refers to bsp_oled.o(i.OLED_Init) for OLED_Init
    main.o(i.BSP_All_Init) refers to bsp_oled.o(i.OLED_Clear) for OLED_Clear
    main.o(i.BSP_All_Init) refers to bsp_pwr.o(i.PWR24V_On) for PWR24V_On
    main.o(i.BSP_All_Init) refers to bsp_can.o(i.CAN_FilterInit) for CAN_FilterInit
    main.o(i.BSP_All_Init) refers to pid.o(i.PID_Init) for PID_Init
    main.o(i.BSP_All_Init) refers to stm32f4xx_hal_uart.o(i.HAL_UART_Receive_IT) for HAL_UART_Receive_IT
    main.o(i.BSP_All_Init) refers to stm32f4xx_hal_uart.o(i.HAL_UART_Receive_DMA) for HAL_UART_Receive_DMA
    main.o(i.BSP_All_Init) refers to judgetask.o(i.InitJudgeUart) for InitJudgeUart
    main.o(i.BSP_All_Init) refers to bsp_pwm.o(i.PWM_init) for PWM_init
    main.o(i.BSP_All_Init) refers to bsp_rc.o(i.dbus_uart_init) for dbus_uart_init
    main.o(i.BSP_All_Init) refers to bsp_pwr.o(i.LASER_On) for LASER_On
    main.o(i.BSP_All_Init) refers to stm32f4xx_hal_tim.o(i.HAL_TIM_Base_Stop_IT) for HAL_TIM_Base_Stop_IT
    main.o(i.BSP_All_Init) refers to bsp_beep.o(i.Beep) for Beep
    main.o(i.BSP_All_Init) refers to tim.o(.bss) for htim11
    main.o(i.BSP_All_Init) refers to can.o(.bss) for hcan1
    main.o(i.BSP_All_Init) refers to pid.o(.bss) for PID_GM6020
    main.o(i.BSP_All_Init) refers to pid.o(.bss) for PID_GM6020_speed
    main.o(i.BSP_All_Init) refers to pid.o(.bss) for PID_M2006
    main.o(i.BSP_All_Init) refers to pid.o(.bss) for PID_M3508_Follow
    main.o(i.BSP_All_Init) refers to pid.o(.bss) for PID_HEAT_PWM
    main.o(i.BSP_All_Init) refers to bsp_usart.o(.data) for aRxBuffer
    main.o(i.BSP_All_Init) refers to usart.o(.bss) for huart2
    main.o(i.BSP_All_Init) refers to gimbal.o(.data) for tmp_vision
    main.o(i.SystemClock_Config) refers to memseta.o(.text) for __aeabi_memclr4
    main.o(i.SystemClock_Config) refers to stm32f4xx_hal_rcc.o(i.HAL_RCC_OscConfig) for HAL_RCC_OscConfig
    main.o(i.SystemClock_Config) refers to stm32f4xx_hal_rcc.o(i.HAL_RCC_ClockConfig) for HAL_RCC_ClockConfig
    main.o(i.main) refers to stm32f4xx_hal.o(i.HAL_Init) for HAL_Init
    main.o(i.main) refers to main.o(i.SystemClock_Config) for SystemClock_Config
    main.o(i.main) refers to gpio.o(i.MX_GPIO_Init) for MX_GPIO_Init
    main.o(i.main) refers to dma.o(i.MX_DMA_Init) for MX_DMA_Init
    main.o(i.main) refers to adc.o(i.MX_ADC1_Init) for MX_ADC1_Init
    main.o(i.main) refers to spi.o(i.MX_SPI1_Init) for MX_SPI1_Init
    main.o(i.main) refers to spi.o(i.MX_SPI5_Init) for MX_SPI5_Init
    main.o(i.main) refers to can.o(i.MX_CAN1_Init) for MX_CAN1_Init
    main.o(i.main) refers to can.o(i.MX_CAN2_Init) for MX_CAN2_Init
    main.o(i.main) refers to tim.o(i.MX_TIM1_Init) for MX_TIM1_Init
    main.o(i.main) refers to tim.o(i.MX_TIM6_Init) for MX_TIM6_Init
    main.o(i.main) refers to tim.o(i.MX_TIM5_Init) for MX_TIM5_Init
    main.o(i.main) refers to usart.o(i.MX_USART1_UART_Init) for MX_USART1_UART_Init
    main.o(i.main) refers to usart.o(i.MX_USART2_UART_Init) for MX_USART2_UART_Init
    main.o(i.main) refers to tim.o(i.MX_TIM12_Init) for MX_TIM12_Init
    main.o(i.main) refers to tim.o(i.MX_TIM4_Init) for MX_TIM4_Init
    main.o(i.main) refers to usart.o(i.MX_USART6_UART_Init) for MX_USART6_UART_Init
    main.o(i.main) refers to usart.o(i.MX_UART7_Init) for MX_UART7_Init
    main.o(i.main) refers to tim.o(i.MX_TIM11_Init) for MX_TIM11_Init
    main.o(i.main) refers to tim.o(i.MX_TIM3_Init) for MX_TIM3_Init
    main.o(i.main) refers to usart.o(i.MX_UART8_Init) for MX_UART8_Init
    main.o(i.main) refers to tim.o(i.MX_TIM2_Init) for MX_TIM2_Init
    main.o(i.main) refers to main.o(i.BSP_All_Init) for BSP_All_Init
    main.o(i.main) refers to rc_control.o(i.angle_init) for angle_init
    main.o(i.main) refers to stm32f4xx_hal_tim.o(i.HAL_TIM_Base_Start_IT) for HAL_TIM_Base_Start_IT
    main.o(i.main) refers to freertos.o(i.MX_FREERTOS_Init) for MX_FREERTOS_Init
    main.o(i.main) refers to cmsis_os.o(i.osKernelStart) for osKernelStart
    main.o(i.main) refers to tim.o(.bss) for htim2
    gpio.o(i.MX_GPIO_Init) refers to memseta.o(.text) for __aeabi_memclr4
    gpio.o(i.MX_GPIO_Init) refers to stm32f4xx_hal_gpio.o(i.HAL_GPIO_WritePin) for HAL_GPIO_WritePin
    gpio.o(i.MX_GPIO_Init) refers to stm32f4xx_hal_gpio.o(i.HAL_GPIO_Init) for HAL_GPIO_Init
    freertos.o(i.MX_FREERTOS_Init) refers to memcpya.o(.text) for __aeabi_memcpy4
    freertos.o(i.MX_FREERTOS_Init) refers to cmsis_os.o(i.osThreadCreate) for osThreadCreate
[...]
    HAL_RCC_GetPCLK1Freq                     0x08002779   Thumb Code    20  stm32f4xx_hal_rcc.o(i.HAL_RCC_GetPCLK1Freq)
    HAL_RCC_GetPCLK2Freq                     0x08002799   Thumb Code    20  stm32f4xx_hal_rcc.o(i.HAL_RCC_GetPCLK2Freq)
    HAL_RCC_GetSysClockFreq                  0x080027b9   Thumb Code    88  stm32f4xx_hal_rcc.o(i.HAL_RCC_GetSysClockFreq)
    HAL_RCC_OscConfig                        0x0800281d   Thumb Code   840  stm32f4xx_hal_rcc.o(i.HAL_RCC_OscConfig)
    HAL_SPI_Init                             0x08002b79   Thumb Code   128  stm32f4xx_hal_spi.o(i.HAL_SPI_Init)
    HAL_SPI_MspInit                          0x08002bf9   Thumb Code   180  spi.o(i.HAL_SPI_MspInit)
    HAL_SPI_Transmit                         0x08002cc5   Thumb Code   348  stm32f4xx_hal_spi.o(i.HAL_SPI_Transmit)
    HAL_SPI_TransmitReceive                  0x08002e21   Thumb Code   482  stm32f4xx_hal_spi.o(i.HAL_SPI_TransmitReceive)
    HAL_SYSTICK_Config                       0x08003003   Thumb Code    40  stm32f4xx_hal_cortex.o(i.HAL_SYSTICK_Config)
    HAL_TIMEx_BreakCallback                  0x0800302b   Thumb Code     2  stm32f4xx_hal_tim_ex.o(i.HAL_TIMEx_BreakCallback)
    HAL_TIMEx_CommutCallback                 0x0800302d   Thumb Code     2  stm32f4xx_hal_tim_ex.o(i.HAL_TIMEx_CommutCallback)
    HAL_TIMEx_ConfigBreakDeadTime            0x0800302f   Thumb Code    84  stm32f4xx_hal_tim_ex.o(i.HAL_TIMEx_ConfigBreakDeadTime)
    HAL_TIMEx_MasterConfigSynchronization    0x08003085   Thumb Code   116  stm32f4xx_hal_tim_ex.o(i.HAL_TIMEx_MasterConfigSynchronization)
    HAL_TIM_Base_Init                        0x08003115   Thumb Code    54  stm32f4xx_hal_tim.o(i.HAL_TIM_Base_Init)
    HAL_TIM_Base_MspInit                     0x0800314d   Thumb Code   170  tim.o(i.HAL_TIM_Base_MspInit)
    HAL_TIM_Base_Start_IT                    0x0800320d   Thumb Code    34  stm32f4xx_hal_tim.o(i.HAL_TIM_Base_Start_IT)
    HAL_TIM_Base_Stop_IT                     0x0800322f   Thumb Code    42  stm32f4xx_hal_tim.o(i.HAL_TIM_Base_Stop_IT)
    HAL_TIM_ConfigClockSource                0x08003259   Thumb Code   214  stm32f4xx_hal_tim.o(i.HAL_TIM_ConfigClockSource)
    HAL_TIM_IC_CaptureCallback               0x0800332f   Thumb Code     2  stm32f4xx_hal_tim.o(i.HAL_TIM_IC_CaptureCallback)
    HAL_TIM_IRQHandler                       0x08003331   Thumb Code   358  stm32f4xx_hal_tim.o(i.HAL_TIM_IRQHandler)
    HAL_TIM_MspPostInit                      0x08003499   Thumb Code   192  tim.o(i.HAL_TIM_MspPostInit)
    HAL_TIM_OC_DelayElapsedCallback          0x08003579   Thumb Code     2  stm32f4xx_hal_tim.o(i.HAL_TIM_OC_DelayElapsedCallback)
    HAL_TIM_PWM_ConfigChannel                0x0800357b   Thumb Code   208  stm32f4xx_hal_tim.o(i.HAL_TIM_PWM_ConfigChannel)
    HAL_TIM_PWM_Init                         0x0800364b   Thumb Code    54  stm32f4xx_hal_tim.o(i.HAL_TIM_PWM_Init)
    HAL_TIM_PWM_MspInit                      0x08003681   Thumb Code    98  tim.o(i.HAL_TIM_PWM_MspInit)
    HAL_TIM_PWM_PulseFinishedCallback        0x080036f5   Thumb Code     2  stm32f4xx_hal_tim.o(i.HAL_TIM_PWM_PulseFinishedCallback)
    HAL_TIM_PWM_Start                        0x080036f9   Thumb Code    58  stm32f4xx_hal_tim.o(i.HAL_TIM_PWM_Start)
    HAL_TIM_PWM_Stop                         0x0800373d   Thumb Code    84  stm32f4xx_hal_tim.o(i.HAL_TIM_PWM_Stop)
    HAL_TIM_PeriodElapsedCallback            0x08003799   Thumb Code   110  bsp_tim.o(i.HAL_TIM_PeriodElapsedCallback)
    HAL_TIM_TriggerCallback                  0x08003821   Thumb Code     2  stm32f4xx_hal_tim.o(i.HAL_TIM_TriggerCallback)
    HAL_UART_ErrorCallback                   0x08003823   Thumb Code    76  bsp_usart.o(i.HAL_UART_ErrorCallback)
    HAL_UART_GetState                        0x0800386f   Thumb Code    10  stm32f4xx_hal_uart.o(i.HAL_UART_GetState)
    HAL_UART_IRQHandler                      0x08003879   Thumb Code   270  stm32f4xx_hal_uart.o(i.HAL_UART_IRQHandler)
    HAL_UART_Init                            0x0800398d   Thumb Code    98  stm32f4xx_hal_uart.o(i.HAL_UART_Init)
    HAL_UART_MspInit                         0x080039f1   Thumb Code   704  usart.o(i.HAL_UART_MspInit)
    HAL_UART_Receive_DMA                     0x08003ce9   Thumb Code   138  stm32f4xx_hal_uart.o(i.HAL_UART_Receive_DMA)
    HAL_UART_Receive_IT                      0x08003d81   Thumb Code    82  stm32f4xx_hal_uart.o(i.HAL_UART_Receive_IT)
    HAL_UART_RxCpltCallback                  0x08003dd5   Thumb Code    34  bsp_usart.o(i.HAL_UART_RxCpltCallback)
    HAL_UART_RxHalfCpltCallback              0x08003e01   Thumb Code     2  stm32f4xx_hal_uart.o(i.HAL_UART_RxHalfCpltCallback)
    HAL_UART_Transmit                        0x08003e03   Thumb Code   186  stm32f4xx_hal_uart.o(i.HAL_UART_Transmit)
    HAL_UART_Transmit_DMA                    0x08003ebd   Thumb Code   114  stm32f4xx_hal_uart.o(i.HAL_UART_Transmit_DMA)
    HAL_UART_TxCpltCallback                  0x08003f3d   Thumb Code     2  stm32f4xx_hal_uart.o(i.HAL_UART_TxCpltCallback)
    HAL_UART_TxHalfCpltCallback              0x08003f3f   Thumb Code     2  stm32f4xx_hal_uart.o(i.HAL_UART_TxHalfCpltCallback)
    HardFault_Handler                        0x08003f41   Thumb Code     2  stm32f4xx_it.o(i.HardFault_Handler)
    IMU_Get                                  0x08003f43   Thumb Code    24  bsp_imu.o(i.IMU_Get)
    InitJudgeUart                            0x08003f5d   Thumb Code    52  judgetask.o(i.InitJudgeUart)
    JUDEG_UI                                 0x08003f99   Thumb Code   450  judgetask.o(i.JUDEG_UI)
    KalmanCreate                             0x080041f9   Thumb Code    42  kalman.o(i.KalmanCreate)
    KalmanFilter                             0x08004229   Thumb Code    90  kalman.o(i.KalmanFilter)
    LASER_On                                 0x08004285   Thumb Code    10  bsp_pwr.o(i.LASER_On)
    LED_G_Toggle                             0x08004295   Thumb Code    10  bsp_led.o(i.LED_G_Toggle)
    LED_R_Toggle                             0x080042a5   Thumb Code    10  bsp_led.o(i.LED_R_Toggle)
    Level_Up_System                          0x080042b5   Thumb Code   594  rc_control.o(i.Level_Up_System)
    M2006_Total_Angle                        0x08004541   Thumb Code   102  rc_control.o(i.M2006_Total_Angle)
    M3508_follow_2                           0x080045b5   Thumb Code   974  pid.o(i.M3508_follow_2)
    MX_ADC1_Init                             0x080049a9   Thumb Code    88  adc.o(i.MX_ADC1_Init)
    MX_CAN1_Init                             0x08004a0d   Thumb Code    62  can.o(i.MX_CAN1_Init)
    MX_CAN2_Init                             0x08004a55   Thumb Code    60  can.o(i.MX_CAN2_Init)
    MX_DMA_Init                              0x08004a99   Thumb Code   120  dma.o(i.MX_DMA_Init)
    MX_FREERTOS_Init                         0x08004b15   Thumb Code    74  freertos.o(i.MX_FREERTOS_Init)
    MX_GPIO_Init                             0x08004b69   Thumb Code   300  gpio.o(i.MX_GPIO_Init)
    MX_SPI1_Init                             0x08004cad   Thumb Code    62  spi.o(i.MX_SPI1_Init)
    MX_SPI5_Init                             0x08004cf5   Thumb Code    60  spi.o(i.MX_SPI5_Init)
    MX_TIM11_Init                            0x08004d39   Thumb Code    44  tim.o(i.MX_TIM11_Init)
    MX_TIM12_Init                            0x08004d6d   Thumb Code    84  tim.o(i.MX_TIM12_Init)
    MX_TIM1_Init                             0x08004dc9   Thumb Code   204  tim.o(i.MX_TIM1_Init)
    MX_TIM2_Init                             0x08004e9d   Thumb Code    96  tim.o(i.MX_TIM2_Init)
    MX_TIM3_Init                             0x08004f01   Thumb Code   104  tim.o(i.MX_TIM3_Init)
    MX_TIM4_Init                             0x08004f71   Thumb Code    96  tim.o(i.MX_TIM4_Init)
    MX_TIM5_Init                             0x08004fd9   Thumb Code   164  tim.o(i.MX_TIM5_Init)
    MX_TIM6_Init                             0x08005085   Thumb Code    62  tim.o(i.MX_TIM6_Init)
    MX_UART7_Init                            0x080050cd   Thumb Code    48  usart.o(i.MX_UART7_Init)
    MX_UART8_Init                            0x08005105   Thumb Code    48  usart.o(i.MX_UART8_Init)
    MX_USART1_UART_Init                      0x0800513d   Thumb Code    50  usart.o(i.MX_USART1_UART_Init)
    MX_USART2_UART_Init                      0x0800517d   Thumb Code    48  usart.o(i.MX_USART2_UART_Init)
    MX_USART6_UART_Init                      0x080051b5   Thumb Code    48  usart.o(i.MX_USART6_UART_Init)
    MemManage_Handler                        0x080051ed   Thumb Code     2  stm32f4xx_it.o(i.MemManage_Handler)
    NMI_Handler                              0x080051ef   Thumb Code     2  stm32f4xx_it.o(i.NMI_Handler)
    OLED_Clear                               0x080051f1   Thumb Code    60  bsp_oled.o(i.OLED_Clear)
    OLED_Init                                0x08005231   Thumb Code   286  bsp_oled.o(i.OLED_Init)
    OLED_WriteByte                           0x08005355   Thumb Code    36  bsp_oled.o(i.OLED_WriteByte)
    PID_Calculate                            0x08005381   Thumb Code  1236  pid.o(i.PID_Calculate)
    PID_Init                                 0x08005855   Thumb Code    18  pid.o(i.PID_Init)
    PWM_init                                 0x0800586d   Thumb Code    22  bsp_pwm.o(i.PWM_init)
    PWR24V_On                                0x08005889   Thumb Code    48  bsp_pwr.o(i.PWR24V_On)
    RC_PC                                    0x080058bd   Thumb Code  1900  rc_control.o(i.RC_PC)
    Referee_Transmit_character_AiMBot        0x0800603d   Thumb Code   250  judgetask.o(i.Referee_Transmit_character_AiMBot)
    Referee_Transmit_character_bin_cover     0x08006149   Thumb Code   250  judgetask.o(i.Referee_Transmit_character_bin_cover)
    Referee_Transmit_character_present       0x08006255   Thumb Code   300  judgetask.o(i.Referee_Transmit_character_present)
    Referee_Transmit_character_rate          0x080063a1   Thumb Code   250  judgetask.o(i.Referee_Transmit_character_rate)
    Referee_Transmit_character_top           0x080064ad   Thumb Code   248  judgetask.o(i.Referee_Transmit_character_top)
    Referee_Transmit_character_wheel         0x080065b5   Thumb Code   242  judgetask.o(i.Referee_Transmit_character_wheel)
    Referee_Transmit_graphic                 0x080066b5   Thumb Code   268  judgetask.o(i.Referee_Transmit_graphic)
    Referee_Transmit_graphic_2               0x080067cd   Thumb Code   934  judgetask.o(i.Referee_Transmit_graphic_2)
    Referee_Transmit_graphic_3               0x08006b81   Thumb Code   532  judgetask.o(i.Referee_Transmit_graphic_3)
    Referee_Transmit_graphic_Init            0x08006da1   Thumb Code   406  judgetask.o(i.Referee_Transmit_graphic_Init)
    Referee_Transmit_graphic_Precent         0x08006f45   Thumb Code   452  judgetask.o(i.Referee_Transmit_graphic_Precent)
    Referee_Update_BuffMask                  0x08007125   Thumb Code    18  judgetask.o(i.Referee_Update_BuffMask)
    Referee_Update_PowerHeatData             0x08007141   Thumb Code   154  judgetask.o(i.Referee_Update_PowerHeatData)
    Referee_Update_RobotState                0x080071e5   Thumb Code   434  judgetask.o(i.Referee_Update_RobotState)
    Referee_Update_ShootData                 0x080073ad   Thumb Code    52  judgetask.o(i.Referee_Update_ShootData)
    Referee_Update_hurt                      0x080073e9   Thumb Code    18  judgetask.o(i.Referee_Update_hurt)
    StartControl                             0x080074f1   Thumb Code    88  freertos.o(i.StartControl)
    StartDebug                               0x0800755d   Thumb Code    64  freertos.o(i.StartDebug)
    StartDefaultTask                         0x080075b5   Thumb Code   266  freertos.o(i.StartDefaultTask)
    SysTick_Handler                          0x080076fd   Thumb Code    24  stm32f4xx_it.o(i.SysTick_Handler)
    SystemClock_Config                       0x08007715   Thumb Code   126  main.o(i.SystemClock_Config)
    SystemInit                               0x0800779d   Thumb Code    66  system_stm32f4xx.o(i.SystemInit)
    TIM1_TRG_COM_TIM11_IRQHandler            0x080077f1   Thumb Code    18  stm32f4xx_it.o(i.TIM1_TRG_COM_TIM11_IRQHandler)
    TIM2_IRQHandler                          0x0800780d   Thumb Code     6  stm32f4xx_it.o(i.TIM2_IRQHandler)
    TIM6_DAC_IRQHandler                      0x08007819   Thumb Code     6  stm32f4xx_it.o(i.TIM6_DAC_IRQHandler)
    TIM_Base_SetConfig                       0x08007825   Thumb Code   156  stm32f4xx_hal_tim.o(i.TIM_Base_SetConfig)
    TIM_CCxChannelCmd                        0x080078ed   Thumb Code    26  stm32f4xx_hal_tim.o(i.TIM_CCxChannelCmd)
    TIM_ETR_SetConfig                        0x08007907   Thumb Code    20  stm32f4xx_hal_tim.o(i.TIM_ETR_SetConfig)
    TIM_OC2_SetConfig                        0x0800798d   Thumb Code    98  stm32f4xx_hal_tim.o(i.TIM_OC2_SetConfig)
    UART7_IRQHandler                         0x08007af9   Thumb Code     6  stm32f4xx_it.o(i.UART7_IRQHandler)
    UART8_IRQHandler                         0x08007b05   Thumb Code     6  stm32f4xx_it.o(i.UART8_IRQHandler)
    UART_PutBuff                             0x08007c17   Thumb Code    32  bsp_usart.o(i.UART_PutBuff)
    USART1_IRQHandler                        0x08007ebd   Thumb Code    18  stm32f4xx_it.o(i.USART1_IRQHandler)
    USART2_IRQHandler                        0x08007ed5   Thumb Code    34  stm32f4xx_it.o(i.USART2_IRQHandler)
    USART6_IRQHandler                        0x08007f01   Thumb Code     6  stm32f4xx_it.o(i.USART6_IRQHandler)
    UsageFault_Handler                       0x08007f0d   Thumb Code     2  stm32f4xx_it.o(i.UsageFault_Handler)
    VCAN_SendWare                            0x08007f11   Thumb Code    52  bsp_usart.o(i.VCAN_SendWare)
    Verify_CRC16_Check_Sum                   0x08007f4d   Thumb Code    54  crc.o(i.Verify_CRC16_Check_Sum)
    Verify_CRC8_Check_Sum                    0x08007f89   Thumb Code    42  crc.o(i.Verify_CRC8_Check_Sum)
    VisionUartRxCpltCallback                 0x08007fb5   Thumb Code   270  gimbal.o(i.VisionUartRxCpltCallback)
    __ARM_fpclassify                         0x080080e1   Thumb Code    48  fpclassify.o(i.__ARM_fpclassify)
    __hardfp_acos                            0x08008131   Thumb Code   738  acos.o(i.__hardfp_acos)
    __hardfp_asin                            0x08008489   Thumb Code   770  asin.o(i.__hardfp_asin)
    __hardfp_atan                            0x080087e9   Thumb Code   622  atan.o(i.__hardfp_atan)
    __hardfp_atan2                           0x08008ac1   Thumb Code   432  atan2.o(i.__hardfp_atan2)
    __hardfp_cos                             0x08008cb1   Thumb Code   180  cos.o(i.__hardfp_cos)
    __hardfp_fabs                            0x08008d79   Thumb Code    20  fabs.o(i.__hardfp_fabs)
    __hardfp_pow                             0x08008d91   Thumb Code  3072  pow.o(i.__hardfp_pow)
    __hardfp_sin                             0x080099e1   Thumb Code   180  sin.o(i.__hardfp_sin)
    __hardfp_sqrt                            0x08009aa9   Thumb Code   122  sqrt.o(i.__hardfp_sqrt)
    __ieee754_rem_pio2                       0x08009b29   Thumb Code   938  rred.o(i.__ieee754_rem_pio2)
    __kernel_cos                             0x08009f61   Thumb Code   322  cos_i.o(i.__kernel_cos)
    __kernel_poly                            0x0800a0d1   Thumb Code   248  poly.o(i.__kernel_poly)
    __kernel_sin                             0x0800a1c9   Thumb Code   280  sin_i.o(i.__kernel_sin)
    __mathlib_dbl_divzero                    0x0800a2f9   Thumb Code    28  dunder.o(i.__mathlib_dbl_divzero)
    __mathlib_dbl_infnan                     0x0800a329   Thumb Code    20  dunder.o(i.__mathlib_dbl_infnan)
    __mathlib_dbl_infnan2                    0x0800a33d   Thumb Code    20  dunder.o(i.__mathlib_dbl_infnan2)
    __mathlib_dbl_invalid                    0x0800a351   Thumb Code    24  dunder.o(i.__mathlib_dbl_invalid)
    __mathlib_dbl_overflow                   0x0800a371   Thumb Code    24  dunder.o(i.__mathlib_dbl_overflow)
    __mathlib_dbl_underflow                  0x0800a391   Thumb Code    24  dunder.o(i.__mathlib_dbl_underflow)
    __scatterload_copy                       0x0800a3b1   Thumb Code    14  handlers.o(i.__scatterload_copy)
    __scatterload_null                       0x0800a3bf   Thumb Code     2  handlers.o(i.__scatterload_null)
    __scatterload_zeroinit                   0x0800a3c1   Thumb Code    14  handlers.o(i.__scatterload_zeroinit)
    __set_errno                              0x0800a3d1   Thumb Code     6  errno.o(i.__set_errno)
    abs_limit                                0x0800a3dd   Thumb Code    42  pid.o(i.abs_limit)
    angle_init                               0x0800a409   Thumb Code    20  rc_control.o(i.angle_init)
    angle_sum                                0x0800a425   Thumb Code    80  rc_control.o(i.angle_sum)
    atan                                     0x0800a485   Thumb Code    16  atan.o(i.atan)
    dbus_uart_init                           0x0800a495   Thumb Code    64  bsp_rc.o(i.dbus_uart_init)
    fabs                                     0x0800a4dd   Thumb Code    24  fabs.o(i.fabs)
    free                                     0x0800a4f5   Thumb Code    76  malloc.o(i.free)
    get_total_angle_6020                     0x0800a545   Thumb Code   118  bsp_can.o(i.get_total_angle_6020)
    imu_ahrs_update                          0x0800a5bd   Thumb Code  1146  bsp_imu.o(i.imu_ahrs_update)
    imu_attitude_update                      0x0800aa39   Thumb Code   346  bsp_imu.o(i.imu_attitude_update)
    init_quaternion                          0x0800abad   Thumb Code   360  bsp_imu.o(i.init_quaternion)
    inv_sqrt                                 0x0800ad79   Thumb Code    40  bsp_imu.o(i.inv_sqrt)
    ist8310_get_data                         0x0800ada5   Thumb Code    10  bsp_imu.o(i.ist8310_get_data)
    ist8310_init                             0x0800adaf   Thumb Code   256  bsp_imu.o(i.ist8310_init)
    itoa                                     0x0800af29   Thumb Code    76  judgetask.o(i.itoa)
    judgeUartRxCpltCallback                  0x0800af75   Thumb Code   266  judgetask.o(i.judgeUartRxCpltCallback)
    limit                                    0x0800b08d   Thumb Code    30  chassis.o(i.limit)
    main                                     0x0800b0ad   Thumb Code   112  main.o(i.main)
    malloc                                   0x0800b12d   Thumb Code    92  malloc.o(i.malloc)
    map                                      0x0800b199   Thumb Code    40  chassis.o(i.map)
    mpu_device_init                          0x0800b1c1   Thumb Code    90  bsp_imu.o(i.mpu_device_init)
    mpu_get_data                             0x0800b225   Thumb Code   234  bsp_imu.o(i.mpu_get_data)
    mpu_offset_call                          0x0800b3b5   Thumb Code   160  bsp_imu.o(i.mpu_offset_call)
    mpu_read_byte                            0x0800b459   Thumb Code    68  bsp_imu.o(i.mpu_read_byte)
    mpu_read_bytes                           0x0800b4a9   Thumb Code    80  bsp_imu.o(i.mpu_read_bytes)
    mpu_set_accel_fsr                        0x0800b505   Thumb Code    10  bsp_imu.o(i.mpu_set_accel_fsr)
    mpu_set_gyro_fsr                         0x0800b50f   Thumb Code    10  bsp_imu.o(i.mpu_set_gyro_fsr)
    mpu_write_byte                           0x0800b519   Thumb Code    72  bsp_imu.o(i.mpu_write_byte)
    osDelay                                  0x0800b595   Thumb Code    14  cmsis_os.o(i.osDelay)
    osKernelStart                            0x0800b5a3   Thumb Code    10  cmsis_os.o(i.osKernelStart)
    osThreadCreate                           0x0800b5ad   Thumb Code    84  cmsis_os.o(i.osThreadCreate)
    pvPortMalloc                             0x0800b94d   Thumb Code   210  heap_4.o(i.pvPortMalloc)
    pxPortInitialiseStack                    0x0800ba25   Thumb Code    40  port.o(i.pxPortInitialiseStack)
    rc_callback_handler                      0x0800ba51   Thumb Code   306  bsp_rc.o(i.rc_callback_handler)
    sqrt                                     0x0800bb83   Thumb Code   110  sqrt.o(i.sqrt)
    uart_receive_handler                     0x0800bbf1   Thumb Code    92  bsp_rc.o(i.uart_receive_handler)
    uxListRemove                             0x0800bc59   Thumb Code    38  list.o(i.uxListRemove)
    vApplicationGetIdleTaskMemory            0x0800bc81   Thumb Code    16  freertos.o(i.vApplicationGetIdleTaskMemory)
    vListInitialise                          0x0800bc95   Thumb Code    22  list.o(i.vListInitialise)
    vListInitialiseItem                      0x0800bcab   Thumb Code     6  list.o(i.vListInitialiseItem)
    vListInsert                              0x0800bcb1   Thumb Code    48  list.o(i.vListInsert)
    vListInsertEnd                           0x0800bce1   Thumb Code    24  list.o(i.vListInsertEnd)
    vPortEnterCritical                       0x0800bcf9   Thumb Code    54  port.o(i.vPortEnterCritical)
    vPortExitCritical                        0x0800bd39   Thumb Code    34  port.o(i.vPortExitCritical)
    vPortFree                                0x0800bd61   Thumb Code    88  heap_4.o(i.vPortFree)
    vPortSetupTimerInterrupt                 0x0800bdbd   Thumb Code    32  port.o(i.vPortSetupTimerInterrupt)
    vTaskDelay                               0x0800bde1   Thumb Code    66  tasks.o(i.vTaskDelay)
    vTaskStartScheduler                      0x0800be2d   Thumb Code    90  tasks.o(i.vTaskStartScheduler)
    vTaskSuspendAll                          0x0800be99   Thumb Code    10  tasks.o(i.vTaskSuspendAll)
    vTaskSwitchContext                       0x0800bea9   Thumb Code    82  tasks.o(i.vTaskSwitchContext)
    velocity                                 0x0800bf05   Thumb Code   290  chassis.o(i.velocity)
    xPortStartScheduler                      0x0800c039   Thumb Code   222  port.o(i.xPortStartScheduler)
    xPortSysTickHandler                      0x0800c12d   Thumb Code    38  port.o(i.xPortSysTickHandler)
    xTaskCreate                              0x0800c159   Thumb Code    90  tasks.o(i.xTaskCreate)
    xTaskCreateStatic                        0x0800c1b3   Thumb Code    86  tasks.o(i.xTaskCreateStatic)
    xTaskGetSchedulerState                   0x0800c209   Thumb Code    22  tasks.o(i.xTaskGetSchedulerState)
    xTaskIncrementTick                       0x0800c225   Thumb Code   192  tasks.o(i.xTaskIncrementTick)
    xTaskResumeAll                           0x0800c2ed   Thumb Code   182  tasks.o(i.xTaskResumeAll)
    CRC8_TAB                                 0x0800c418   Data         256  crc.o(.constdata)
    wCRC_Table                               0x0800c518   Data         512  crc.o(.constdata)
    AHBPrescTable                            0x0800c720   Data          16  system_stm32f4xx.o(.constdata)
    APBPrescTable                            0x0800c730   Data           8  system_stm32f4xx.o(.constdata)
    __mathlib_zero                           0x0800c928   Data           8  qnan.o(.constdata)
    Region$$Table$$Base                      0x0800ca3c   Number         0  anon$$obj.o(Region$$Table)
    Region$$Table$$Limit                     0x0800ca5c   Number         0  anon$$obj.o(Region$$Table)
    dialspd                                  0x20000000   Data           2  freertos.o(.data)
    Startflag                                0x20000002   Data           2  freertos.o(.data)
    RC_FLAG                                  0x20000004   Data           2  freertos.o(.data)
    RcCounter                                0x20000006   Data           2  freertos.o(.data)
    RcCounterTrue                            0x20000008   Data           2  freertos.o(.data)
    RcCounterFalse                           0x2000000a   Data           2  freertos.o(.data)
    imukal_speed                             0x2000000c   Data           4  freertos.o(.data)
    pit_speed                                0x20000010   Data           4  freertos.o(.data)
    defaultTaskHandle                        0x20000014   Data           4  freertos.o(.data)
    ControlHandle                            0x20000018   Data           4  freertos.o(.data)
    DebugHandle                              0x2000001c   Data           4  freertos.o(.data)
    last_imu_yaw                             0x20000020   Data           8  freertos.o(.data)
    tim11_cnt                                0x2000002c   Data           2  bsp_tim.o(.data)
    lastangle                                0x20000030   Data           4  bsp_tim.o(.data)
    thisangle                                0x20000034   Data           4  bsp_tim.o(.data)
    GM6020speed                              0x20000038   Data           4  bsp_tim.o(.data)
    lastangle_pit                            0x2000003c   Data           4  bsp_tim.o(.data)
    thisangle_pit                            0x20000040   Data           4  bsp_tim.o(.data)
    GM6020speed_pit                          0x20000044   Data           4  bsp_tim.o(.data)
    aRxBuffer                                0x20000048   Data           1  bsp_usart.o(.data)
    CAN1_CNT                                 0x2000004a   Data           2  bsp_can.o(.data)
    CAN2_CNT                                 0x2000004c   Data           2  bsp_can.o(.data)
    id                                       0x20000052   Data           1  bsp_imu.o(.data)
    q0                                       0x20000054   Data           4  bsp_imu.o(.data)
    q1                                       0x20000058   Data           4  bsp_imu.o(.data)
    q2                                       0x2000005c   Data           4  bsp_imu.o(.data)
    q3                                       0x20000060   Data           4  bsp_imu.o(.data)
    exInt                                    0x20000064   Data           4  bsp_imu.o(.data)
    eyInt                                    0x20000068   Data           4  bsp_imu.o(.data)
    ezInt                                    0x2000006c   Data           4  bsp_imu.o(.data)
    last_update                              0x20000094   Data           4  bsp_imu.o(.data)
    now_update                               0x20000098   Data           4  bsp_imu.o(.data)
    ist_buff                                 0x2000009c   Data           6  bsp_imu.o(.data)
    pi                                       0x200000b0   Data           4  pid.o(.data)
    angle0                                   0x200000b4   Data           4  pid.o(.data)
    yaw0                                     0x200000b8   Data           4  pid.o(.data)
    chasisspd                                0x200000bc   Data           4  pid.o(.data)
    spin_angle_set                           0x200000c0   Data           4  gimbal.o(.data)
    pitch_angle_set                          0x200000c4   Data           4  gimbal.o(.data)
    Vision_receiving                         0x200000c8   Data           1  gimbal.o(.data)
    Vision_buffercnt                         0x200000c9   Data           1  gimbal.o(.data)
    tmp_vision                               0x200000ca   Data           1  gimbal.o(.data)
    vis_pitch                                0x200000cc   Data           4  gimbal.o(.data)
    vis_yaw                                  0x200000d0   Data           4  gimbal.o(.data)
    rc_flag                                  0x200000d8   Data           1  rc_control.o(.data)
    shootflag2                               0x200000d9   Data           1  rc_control.o(.data)
    spin_flag1                               0x200000da   Data           1  rc_control.o(.data)
    M2006flag                                0x200000db   Data           1  rc_control.o(.data)
    IsSpeedUpFlag                            0x200000dc   Data           1  rc_control.o(.data)
    IsSpinFlag                               0x200000dd   Data           1  rc_control.o(.data)
    ShotFlag                                 0x200000de   Data           1  rc_control.o(.data)
    frispd                                   0x200000e0   Data           2  rc_control.o(.data)
    frispdmax                                0x200000e2   Data           2  rc_control.o(.data)
    FollowInitAngle                          0x200000e4   Data           2  rc_control.o(.data)
    Compensatefrispd                         0x200000e6   Data           2  rc_control.o(.data)
    tempx                                    0x200000e8   Data           2  rc_control.o(.data)
    tempy                                    0x200000ea   Data           2  rc_control.o(.data)
    M2006_cur                                0x200000ec   Data           4  rc_control.o(.data)
    STORETOTALANGLE                          0x200000f0   Data           4  rc_control.o(.data)
    p_flag                                   0x200000f4   Data           4  rc_control.o(.data)
    lowpassy_last                            0x200000f8   Data           4  rc_control.o(.data)
    lowpassp_last                            0x200000fc   Data           4  rc_control.o(.data)
    CompensateCounter                        0x20000100   Data           4  rc_control.o(.data)
    lowpassy                                 0x20000104   Data           4  rc_control.o(.data)
    lowpassp                                 0x20000108   Data           4  rc_control.o(.data)
    imu_last_anglesum                        0x20000110   Data           8  rc_control.o(.data)
    imu_angle_bias                           0x20000118   Data           8  rc_control.o(.data)
    imu_agbias_sum                           0x20000120   Data           8  rc_control.o(.data)
    spin_flag                                0x20000128   Data           1  rc_control.o(.data)
    IsFollowFlag                             0x20000129   Data           1  rc_control.o(.data)
    receiving                                0x2000012c   Data           1  judgetask.o(.data)
    buffercnt                                0x2000012d   Data           1  judgetask.o(.data)
    JUDGE_Received                           0x2000012e   Data           1  judgetask.o(.data)
    JUDGE_State                              0x2000012f   Data           1  judgetask.o(.data)
    lenth                                    0x20000130   Data           1  judgetask.o(.data)
    tmp_judge                                0x20000131   Data           1  judgetask.o(.data)
    hurtLck                                  0x20000132   Data           1  judgetask.o(.data)
    BuffMask                                 0x20000133   Data           1  judgetask.o(.data)
    maxHP                                    0x20000134   Data           2  judgetask.o(.data)
    maxHeat0                                 0x20000136   Data           2  judgetask.o(.data)
    remainHeat0                              0x20000138   Data           2  judgetask.o(.data)
    maxHeat1                                 0x2000013a   Data           2  judgetask.o(.data)
    remainHeat1                              0x2000013c   Data           2  judgetask.o(.data)
    RealHeat0                                0x2000013e   Data           2  judgetask.o(.data)
    cmdID                                    0x20000144   Data           2  judgetask.o(.data)
    realBulletSpeed0                         0x20000148   Data           4  judgetask.o(.data)
    cooldown0                                0x2000014c   Data           4  judgetask.o(.data)
    ShootData                                0x20000154   Data           7  judgetask.o(.data)
    CRC_INIT                                 0x2000015c   Data           2  crc.o(.data)
    uwTickFreq                               0x20000160   Data           1  stm32f4xx_hal.o(.data)
    uwTickPrio                               0x20000164   Data           4  stm32f4xx_hal.o(.data)
    uwTick                                   0x20000168   Data           4  stm32f4xx_hal.o(.data)
    pxCurrentTCB                             0x2000016c   Data           4  tasks.o(.data)
    SystemCoreClock                          0x200001cc   Data           4  system_stm32f4xx.o(.data)
    __microlib_freelist                      0x200001d0   Data           4  mvars.o(.data)
    __microlib_freelist_initialised          0x200001d4   Data           4  mvars.o(.data)
    imu_speed                                0x200001dc   Data          48  freertos.o(.bss)
    pit_data_speed                           0x2000020c   Data          48  freertos.o(.bss)
    hadc1                                    0x20000490   Data          72  adc.o(.bss)
    hcan1                                    0x200004d8   Data          40  can.o(.bss)
    hcan2                                    0x20000500   Data          40  can.o(.bss)
    hspi1                                    0x20000528   Data          88  spi.o(.bss)
    hspi5                                    0x20000580   Data          88  spi.o(.bss)
    htim1                                    0x200005d8   Data          64  tim.o(.bss)
    htim2                                    0x20000618   Data          64  tim.o(.bss)
    htim3                                    0x20000658   Data          64  tim.o(.bss)
    htim4                                    0x20000698   Data          64  tim.o(.bss)
    htim5                                    0x200006d8   Data          64  tim.o(.bss)
    htim6                                    0x20000718   Data          64  tim.o(.bss)
    htim11                                   0x20000758   Data          64  tim.o(.bss)
    htim12                                   0x20000798   Data          64  tim.o(.bss)
    huart7                                   0x200007d8   Data          64  usart.o(.bss)
    huart8                                   0x20000818   Data          64  usart.o(.bss)
    huart1                                   0x20000858   Data          64  usart.o(.bss)
    huart2                                   0x20000898   Data          64  usart.o(.bss)
    huart6                                   0x200008d8   Data          64  usart.o(.bss)
    hdma_uart7_rx                            0x20000918   Data          96  usart.o(.bss)
    hdma_uart7_tx                            0x20000978   Data          96  usart.o(.bss)
    hdma_usart1_rx                           0x200009d8   Data          96  usart.o(.bss)
    hdma_usart6_rx                           0x20000a38   Data          96  usart.o(.bss)
    hdma_usart6_tx                           0x20000a98   Data          96  usart.o(.bss)
    CAN_GM6020                               0x20000af8   Data          40  bsp_can.o(.bss)
    CAN_M2006                                0x20000b20   Data          60  bsp_can.o(.bss)
    CAN_M3508                                0x20000b5c   Data         192  bsp_can.o(.bss)
    powerData                                0x20000c1c   Data          16  bsp_can.o(.bss)
    imu                                      0x20000c2c   Data          72  bsp_imu.o(.bss)
    mpu_buff                                 0x20000c74   Data          14  bsp_imu.o(.bss)
    mpu_data                                 0x20000c82   Data          32  bsp_imu.o(.bss)
    dbus_buf                                 0x200010a2   Data          18  bsp_rc.o(.bss)
    rc                                       0x200010b4   Data          36  bsp_rc.o(.bss)
    PID_GM6020                               0x200010d8   Data         696  pid.o(.bss)
    PID_M2006_ANGLE                          0x20001390   Data         348  pid.o(.bss)
    PID_M3508                                0x200014ec   Data         928  pid.o(.bss)
    PID_Superpower                           0x2000188c   Data         116  pid.o(.bss)
    PID_GM6020_speed                         0x20001900   Data         232  pid.o(.bss)
    PID_M2006                                0x200019e8   Data         348  pid.o(.bss)
    PID_M3508_Follow                         0x20001b44   Data         116  pid.o(.bss)
    PID_HEAT_PWM                             0x20001bb8   Data         116  pid.o(.bss)
    BN                                       0x20001c2c   Data          84  chassis.o(.bss)
    setSpeed                                 0x20001c80   Data          16  chassis.o(.bss)
    Vision_buffer                            0x20001c90   Data          10  gimbal.o(.bss)
    datadata                                 0x20001c9c   Data          32  gimbal.o(.bss)
    vis_data_pit                             0x20001cbc   Data          48  gimbal.o(.bss)
    vis_data_yaw                             0x20001cec   Data          48  gimbal.o(.bss)
    buffer                                   0x20001d1c   Data         256  judgetask.o(.bss)
    CliendTxBuffer                           0x20001e1c   Data         128  judgetask.o(.bss)
    GraphicData                              0x20001e9c   Data         120  judgetask.o(.bss)
    CharacterData                            0x20001f14   Data          60  judgetask.o(.bss)
    client_state_now                         0x20001f50   Data          13  judgetask.o(.bss)
    client_state_past                        0x20001f5d   Data          13  judgetask.o(.bss)
    user_data                                0x20001f6a   Data          13  judgetask.o(.bss)
    GameRobotState                           0x20001f77   Data          27  judgetask.o(.bss)
    PowerHeat                                0x20001f92   Data          16  judgetask.o(.bss)
    custom_data                              0x20001fa2   Data          13  judgetask.o(.bss)
    __heap_base                              0x20005ca0   Data           0  startup_stm32f427xx.o(HEAP)
    __heap_limit                             0x200062a0   Data           0  startup_stm32f427xx.o(HEAP)
    __initial_sp                             0x200066a0   Data           0  startup_stm32f427xx.o(STACK)



==============================================================================

Memory Map of the image

  Image Entry point : 0x080001ad

  Load Region LR_IROM1 (Base: 0x08000000, Size: 0x0000cc38, Max: 0x00200000, ABSOLUTE, COMPRESSED[0x0000caa8])

    Execution Region ER_IROM1 (Exec base: 0x08000000, Load base: 0x08000000, Size: 0x0000ca5c, Max: 0x00200000, ABSOLUTE)

    Exec Addr    Load Addr    Size         Type   Attr      Idx    E Section Name        Object

    0x08000000   0x08000000   0x000001ac   Data   RO         7086    RESET               startup_stm32f427xx.o
    0x080001ac   0x080001ac   0x00000000   Code   RO         7239  * .ARM.Collect$$$$00000000  mc_w.l(entry.o)
    0x080001ac   0x080001ac   0x00000004   Code   RO         7597    .ARM.Collect$$$$00000001  mc_w.l(entry2.o)
    0x080001b0   0x080001b0   0x00000004   Code   RO         7600    .ARM.Collect$$$$00000004  mc_w.l(entry5.o)
    0x080001b4   0x080001b4   0x00000000   Code   RO         7602    .ARM.Collect$$$$00000008  mc_w.l(entry7b.o)
    0x080001b4   0x080001b4   0x00000000   Code   RO         7604    .ARM.Collect$$$$0000000A  mc_w.l(entry8b.o)
    0x080001b4   0x080001b4   0x00000008   Code   RO         7605    .ARM.Collect$$$$0000000B  mc_w.l(entry9a.o)
    0x080001bc   0x080001bc   0x00000000   Code   RO         7607    .ARM.Collect$$$$0000000D  mc_w.l(entry10a.o)
    0x080001bc   0x080001bc   0x00000000   Code   RO         7609    .ARM.Collect$$$$0000000F  mc_w.l(entry11a.o)
    0x080001bc   0x080001bc   0x00000004   Code   RO         7598    .ARM.Collect$$$$00002712  mc_w.l(entry2.o)
    0x080001c0   0x080001c0   0x000000be   Code   RO         7007    .emb_text           port.o
    0x0800027e   0x0800027e   0x00000002   PAD
    0x08000280   0x08000280   0x00000024   Code   RO         7087    .text               startup_stm32f427xx.o
    0x080002a4   0x080002a4   0x00000062   Code   RO         7242    .text               mc_w.l(uldiv.o)
    0x08000306   0x08000306   0x00000024   Code   RO         7244    .text               mc_w.l(memcpya.o)
    0x0800032a   0x0800032a   0x00000024   Code   RO         7248    .text               mc_w.l(memseta.o)
    0x0800034e   0x0800034e   0x00000012   Code   RO         7250    .text               mc_w.l(strcpy.o)
    0x08000360   0x08000360   0x0000014e   Code   RO         7542    .text               mf_w.l(dadd.o)
    0x080004ae   0x080004ae   0x000000e4   Code   RO         7544    .text               mf_w.l(dmul.o)
    0x08000592   0x08000592   0x000000de   Code   RO         7546    .text               mf_w.l(ddiv.o)
    0x08000670   0x08000670   0x00000022   Code   RO         7548    .text               mf_w.l(dflti.o)
    0x08000692   0x08000692   0x0000001a   Code   RO         7550    .text               mf_w.l(dfltui.o)
    0x080006ac   0x080006ac   0x0000003e   Code   RO         7552    .text               mf_w.l(dfixi.o)
    0x080006ea   0x080006ea   0x00000032   Code   RO         7554    .text               mf_w.l(dfixui.o)
    0x0800071c   0x0800071c   0x00000026   Code   RO         7556    .text               mf_w.l(f2d.o)
    0x08000742   0x08000742   0x00000002   PAD
    0x08000744   0x08000744   0x00000030   Code   RO         7558    .text               mf_w.l(cdcmple.o)
    0x08000774   0x08000774   0x00000030   Code   RO         7560    .text               mf_w.l(cdrcmple.o)
    0x080007a4   0x080007a4   0x00000038   Code   RO         7562    .text               mf_w.l(d2f.o)
    0x080007dc   0x080007dc   0x0000001e   Code   RO         7614    .text               mc_w.l(llshl.o)
    0x080007fa   0x080007fa   0x00000020   Code   RO         7616    .text               mc_w.l(llushr.o)
    0x0800081a   0x0800081a   0x00000024   Code   RO         7618    .text               mc_w.l(llsshr.o)
    0x0800083e   0x0800083e   0x00000000   Code   RO         7629    .text               mc_w.l(iusefp.o)
    0x0800083e   0x0800083e   0x0000006e   Code   RO         7630    .text               mf_w.l(fepilogue.o)
    0x080008ac   0x080008ac   0x000000ba   Code   RO         7632    .text               mf_w.l(depilogue.o)
    0x08000966   0x08000966   0x0000002e   Code   RO         7636    .text               mf_w.l(dscalb.o)
    0x08000994   0x08000994   0x000000a2   Code   RO         7638    .text               mf_w.l(dsqrt.o)
    0x08000a36   0x08000a36   0x00000002   PAD
    0x08000a38   0x08000a38   0x00000024   Code   RO         7642    .text               mc_w.l(init.o)
    0x08000a5c   0x08000a5c   0x00000056   Code   RO         7652    .text               mc_w.l(__dczerorl2.o)
    0x08000ab2   0x08000ab2   0x00000002   PAD
    0x08000ab4   0x08000ab4   0x00000128   Code   RO         2512    i.ADC_Init          stm32f4xx_hal_adc.o
    0x08000bdc   0x08000bdc   0x00000028   Code   RO         2426    i.Append_CRC16_Check_Sum  crc.o
    0x08000c04   0x08000c04   0x00000020   Code   RO         2427    i.Append_CRC8_Check_Sum  crc.o
    0x08000c24   0x08000c24   0x000000a8   Code   RO         1782    i.BNumberInit       chassis.o
    0x08000ccc   0x08000ccc   0x000002a4   Code   RO            4    i.BSP_All_Init      main.o
    0x08000f70   0x08000f70   0x00000084   Code   RO         2031    i.BT_SendDialWave   bluetooth.o
    0x08000ff4   0x08000ff4   0x00000024   Code   RO         1341    i.Beep              bsp_beep.o
    0x08001018   0x08001018   0x0000000c   Code   RO         1342    i.Beep_Off          bsp_beep.o
    0x08001024   0x08001024   0x00000002   Code   RO          779    i.BusFault_Handler  stm32f4xx_it.o
    0x08001026   0x08001026   0x00000002   PAD
    0x08001028   0x08001028   0x0000000c   Code   RO          780    i.CAN1_RX0_IRQHandler  stm32f4xx_it.o
    0x08001034   0x08001034   0x0000000c   Code   RO          781    i.CAN1_TX_IRQHandler  stm32f4xx_it.o
    0x08001040   0x08001040   0x0000000c   Code   RO          782    i.CAN2_RX0_IRQHandler  stm32f4xx_it.o
    0x0800104c   0x0800104c   0x00000080   Code   RO         1085    i.CAN_Chassis_SendCurrent  bsp_can.o
    0x080010cc   0x080010cc   0x0000007c   Code   RO         1086    i.CAN_FilterInit    bsp_can.o
    0x08001148   0x08001148   0x00000056   Code   RO         1088    i.CAN_SendMsg       bsp_can.o
    0x0800119e   0x0800119e   0x00000002   PAD
    0x080011a0   0x080011a0   0x00000094   Code   RO         1089    i.CAN_Shoot_SendCurrent  bsp_can.o
    0x08001234   0x08001234   0x00000030   Code   RO         1090    i.CAN_Superpower    bsp_can.o
    0x08001264   0x08001264   0x0000000c   Code   RO          783    i.DMA1_Stream1_IRQHandler  stm32f4xx_it.o
    0x08001270   0x08001270   0x0000000c   Code   RO          784    i.DMA1_Stream3_IRQHandler  stm32f4xx_it.o
    0x0800127c   0x0800127c   0x0000000c   Code   RO          785    i.DMA2_Stream1_IRQHandler  stm32f4xx_it.o
    0x08001288   0x08001288   0x0000000c   Code   RO          786    i.DMA2_Stream2_IRQHandler  stm32f4xx_it.o
    0x08001294   0x08001294   0x0000000c   Code   RO          787    i.DMA2_Stream6_IRQHandler  stm32f4xx_it.o
    0x080012a0   0x080012a0   0x00000028   Code   RO         3295    i.DMA_CalcBaseAndBitshift  stm32f4xx_hal_dma.o
    0x080012c8   0x080012c8   0x00000054   Code   RO         3296    i.DMA_CheckFifoParam  stm32f4xx_hal_dma.o
    0x0800131c   0x0800131c   0x00000028   Code   RO         3297    i.DMA_SetConfig     stm32f4xx_hal_dma.o
    0x08001344   0x08001344   0x00000002   Code   RO          788    i.DebugMon_Handler  stm32f4xx_it.o
    0x08001346   0x08001346   0x00000002   Code   RO            5    i.Error_Handler     main.o
    0x08001348   0x08001348   0x0000002c   Code   RO         2428    i.Get_CRC16_Check_Sum  crc.o
    0x08001374   0x08001374   0x00000020   Code   RO         2429    i.Get_CRC8_Check_Sum  crc.o
    0x08001394   0x08001394   0x00000164   Code   RO         2514    i.HAL_ADC_ConfigChannel  stm32f4xx_hal_adc.o
    0x080014f8   0x080014f8   0x00000054   Code   RO         2523    i.HAL_ADC_Init      stm32f4xx_hal_adc.o
    0x0800154c   0x0800154c   0x00000060   Code   RO          449    i.HAL_ADC_MspInit   adc.o
    0x080015ac   0x080015ac   0x00000024   Code   RO         3999    i.HAL_CAN_ActivateNotification  stm32f4xx_hal_can.o
    0x080015d0   0x080015d0   0x000000c8   Code   RO         4000    i.HAL_CAN_AddTxMessage  stm32f4xx_hal_can.o
    0x08001698   0x08001698   0x0000010c   Code   RO         4001    i.HAL_CAN_ConfigFilter  stm32f4xx_hal_can.o
    0x080017a4   0x080017a4   0x00000002   Code   RO         4004    i.HAL_CAN_ErrorCallback  stm32f4xx_hal_can.o
    0x080017a6   0x080017a6   0x000000e8   Code   RO         4007    i.HAL_CAN_GetRxMessage  stm32f4xx_hal_can.o
    0x0800188e   0x0800188e   0x0000002c   Code   RO         4009    i.HAL_CAN_GetTxMailboxesFreeLevel  stm32f4xx_hal_can.o
    0x080018ba   0x080018ba   0x000001fc   Code   RO         4011    i.HAL_CAN_IRQHandler  stm32f4xx_hal_can.o
    0x08001ab6   0x08001ab6   0x0000011a   Code   RO         4012    i.HAL_CAN_Init      stm32f4xx_hal_can.o
    0x08001bd0   0x08001bd0   0x0000010c   Code   RO          491    i.HAL_CAN_MspInit   can.o
    0x08001cdc   0x08001cdc   0x00000002   Code   RO         4019    i.HAL_CAN_RxFifo0FullCallback  stm32f4xx_hal_can.o
    0x08001cde   0x08001cde   0x00000002   PAD
    0x08001ce0   0x08001ce0   0x00000250   Code   RO         1091    i.HAL_CAN_RxFifo0MsgPendingCallback  bsp_can.o
    0x08001f30   0x08001f30   0x00000002   Code   RO         4021    i.HAL_CAN_RxFifo1FullCallback  stm32f4xx_hal_can.o
    0x08001f32   0x08001f32   0x00000002   Code   RO         4022    i.HAL_CAN_RxFifo1MsgPendingCallback  stm32f4xx_hal_can.o
    0x08001f34   0x08001f34   0x00000002   Code   RO         4023    i.HAL_CAN_SleepCallback  stm32f4xx_hal_can.o
    0x08001f36   0x08001f36   0x00000002   PAD
    0x08001f38   0x08001f38   0x00000058   Code   RO         4024    i.HAL_CAN_Start     stm32f4xx_hal_can.o
    0x08001f90   0x08001f90   0x00000002   Code   RO         4026    i.HAL_CAN_TxMailbox0AbortCallback  stm32f4xx_hal_can.o
    0x08001f92   0x08001f92   0x00000002   Code   RO         4027    i.HAL_CAN_TxMailbox0CompleteCallback  stm32f4xx_hal_can.o
    0x08001f94   0x08001f94   0x00000002   Code   RO         4028    i.HAL_CAN_TxMailbox1AbortCallback  stm32f4xx_hal_can.o
    0x08001f96   0x08001f96   0x00000002   Code   RO         4029    i.HAL_CAN_TxMailbox1CompleteCallback  stm32f4xx_hal_can.o
    0x08001f98   0x08001f98   0x00000002   Code   RO         4030    i.HAL_CAN_TxMailbox2AbortCallback  stm32f4xx_hal_can.o
    0x08001f9a   0x08001f9a   0x00000002   Code   RO         4031    i.HAL_CAN_TxMailbox2CompleteCallback  stm32f4xx_hal_can.o
    0x08001f9c   0x08001f9c   0x00000002   Code   RO         4033    i.HAL_CAN_WakeUpFromRxMsgCallback  stm32f4xx_hal_can.o
    0x08001f9e   0x08001f9e   0x00000024   Code   RO         3299    i.HAL_DMA_Abort_IT  stm32f4xx_hal_dma.o
    0x08001fc2   0x08001fc2   0x00000002   PAD
    0x08001fc4   0x08001fc4   0x000001a0   Code   RO         3303    i.HAL_DMA_IRQHandler  stm32f4xx_hal_dma.o
    0x08002164   0x08002164   0x000000d4   Code   RO         3304    i.HAL_DMA_Init      stm32f4xx_hal_dma.o
    0x08002238   0x08002238   0x00000046   Code   RO         3307    i.HAL_DMA_Start     stm32f4xx_hal_dma.o
    0x0800227e   0x0800227e   0x0000006e   Code   RO         3308    i.HAL_DMA_Start_IT  stm32f4xx_hal_dma.o
    0x080022ec   0x080022ec   0x00000024   Code   RO         3735    i.HAL_Delay         stm32f4xx_hal.o
    0x08002310   0x08002310   0x000001d4   Code   RO         3191    i.HAL_GPIO_Init     stm32f4xx_hal_gpio.o
    0x080024e4   0x080024e4   0x0000000e   Code   RO         3194    i.HAL_GPIO_TogglePin  stm32f4xx_hal_gpio.o
    0x080024f2   0x080024f2   0x0000000a   Code   RO         3195    i.HAL_GPIO_WritePin  stm32f4xx_hal_gpio.o
    0x080024fc   0x080024fc   0x0000000c   Code   RO         3743    i.HAL_GetTick       stm32f4xx_hal.o
    0x08002508   0x08002508   0x00000010   Code   RO         3749    i.HAL_IncTick       stm32f4xx_hal.o
    0x08002518   0x08002518   0x00000034   Code   RO         3750    i.HAL_Init          stm32f4xx_hal.o
    0x0800254c   0x0800254c   0x00000040   Code   RO         3751    i.HAL_InitTick      stm32f4xx_hal.o
    0x0800258c   0x0800258c   0x00000038   Code   RO          939    i.HAL_MspInit       stm32f4xx_hal_msp.o
    0x080025c4   0x080025c4   0x0000001a   Code   RO         3598    i.HAL_NVIC_EnableIRQ  stm32f4xx_hal_cortex.o
    0x080025de   0x080025de   0x00000002   PAD
    0x080025e0   0x080025e0   0x00000040   Code   RO         3604    i.HAL_NVIC_SetPriority  stm32f4xx_hal_cortex.o
    0x08002620   0x08002620   0x00000024   Code   RO         3605    i.HAL_NVIC_SetPriorityGrouping  stm32f4xx_hal_cortex.o
    0x08002644   0x08002644   0x00000134   Code   RO         2785    i.HAL_RCC_ClockConfig  stm32f4xx_hal_rcc.o
    0x08002778   0x08002778   0x00000020   Code   RO         2792    i.HAL_RCC_GetPCLK1Freq  stm32f4xx_hal_rcc.o
    0x08002798   0x08002798   0x00000020   Code   RO         2793    i.HAL_RCC_GetPCLK2Freq  stm32f4xx_hal_rcc.o
    0x080027b8   0x080027b8   0x00000064   Code   RO         2794    i.HAL_RCC_GetSysClockFreq  stm32f4xx_hal_rcc.o
    0x0800281c   0x0800281c   0x0000035c   Code   RO         2797    i.HAL_RCC_OscConfig  stm32f4xx_hal_rcc.o
    0x08002b78   0x08002b78   0x00000080   Code   RO         4243    i.HAL_SPI_Init      stm32f4xx_hal_spi.o
    0x08002bf8   0x08002bf8   0x000000cc   Code   RO          564    i.HAL_SPI_MspInit   spi.o
    0x08002cc4   0x08002cc4   0x0000015c   Code   RO         4251    i.HAL_SPI_Transmit  stm32f4xx_hal_spi.o
    0x08002e20   0x08002e20   0x000001e2   Code   RO         4252    i.HAL_SPI_TransmitReceive  stm32f4xx_hal_spi.o
    0x08003002   0x08003002   0x00000028   Code   RO         3609    i.HAL_SYSTICK_Config  stm32f4xx_hal_cortex.o
    0x0800302a   0x0800302a   0x00000002   Code   RO         5231    i.HAL_TIMEx_BreakCallback  stm32f4xx_hal_tim_ex.o
    0x0800302c   0x0800302c   0x00000002   Code   RO         5232    i.HAL_TIMEx_CommutCallback  stm32f4xx_hal_tim_ex.o
    0x0800302e   0x0800302e   0x00000054   Code   RO         5234    i.HAL_TIMEx_ConfigBreakDeadTime  stm32f4xx_hal_tim_ex.o
    0x08003082   0x08003082   0x00000002   PAD
    0x08003084   0x08003084   0x00000090   Code   RO         5249    i.HAL_TIMEx_MasterConfigSynchronization  stm32f4xx_hal_tim_ex.o
    0x08003114   0x08003114   0x00000036   Code   RO         4556    i.HAL_TIM_Base_Init  stm32f4xx_hal_tim.o
    0x0800314a   0x0800314a   0x00000002   PAD
    0x0800314c   0x0800314c   0x000000c0   Code   RO          612    i.HAL_TIM_Base_MspInit  tim.o
    0x0800320c   0x0800320c   0x00000022   Code   RO         4561    i.HAL_TIM_Base_Start_IT  stm32f4xx_hal_tim.o
    0x0800322e   0x0800322e   0x0000002a   Code   RO         4564    i.HAL_TIM_Base_Stop_IT  stm32f4xx_hal_tim.o
    0x08003258   0x08003258   0x000000d6   Code   RO         4565    i.HAL_TIM_ConfigClockSource  stm32f4xx_hal_tim.o
    0x0800332e   0x0800332e   0x00000002   Code   RO         4585    i.HAL_TIM_IC_CaptureCallback  stm32f4xx_hal_tim.o
    0x08003330   0x08003330   0x00000166   Code   RO         4599    i.HAL_TIM_IRQHandler  stm32f4xx_hal_tim.o
    0x08003496   0x08003496   0x00000002   PAD
    0x08003498   0x08003498   0x000000e0   Code   RO          613    i.HAL_TIM_MspPostInit  tim.o
    0x08003578   0x08003578   0x00000002   Code   RO         4602    i.HAL_TIM_OC_DelayElapsedCallback  stm32f4xx_hal_tim.o
    0x0800357a   0x0800357a   0x000000d0   Code   RO         4623    i.HAL_TIM_PWM_ConfigChannel  stm32f4xx_hal_tim.o
    0x0800364a   0x0800364a   0x00000036   Code   RO         4626    i.HAL_TIM_PWM_Init  stm32f4xx_hal_tim.o
    0x08003680   0x08003680   0x00000074   Code   RO          615    i.HAL_TIM_PWM_MspInit  tim.o
    0x080036f4   0x080036f4   0x00000002   Code   RO         4629    i.HAL_TIM_PWM_PulseFinishedCallback  stm32f4xx_hal_tim.o
    0x080036f6   0x080036f6   0x00000002   PAD
    0x080036f8   0x080036f8   0x00000044   Code   RO         4631    i.HAL_TIM_PWM_Start  stm32f4xx_hal_tim.o
    0x0800373c   0x0800373c   0x0000005c   Code   RO         4634    i.HAL_TIM_PWM_Stop  stm32f4xx_hal_tim.o
    0x08003798   0x08003798   0x00000088   Code   RO          999    i.HAL_TIM_PeriodElapsedCallback  bsp_tim.o
    0x08003820   0x08003820   0x00000002   Code   RO         4642    i.HAL_TIM_TriggerCallback  stm32f4xx_hal_tim.o
    0x08003822   0x08003822   0x0000004c   Code   RO         1029    i.HAL_UART_ErrorCallback  bsp_usart.o
    0x0800386e   0x0800386e   0x0000000a   Code   RO         5505    i.HAL_UART_GetState  stm32f4xx_hal_uart.o
    0x08003878   0x08003878   0x00000114   Code   RO         5506    i.HAL_UART_IRQHandler  stm32f4xx_hal_uart.o
    0x0800398c   0x0800398c   0x00000062   Code   RO         5507    i.HAL_UART_Init     stm32f4xx_hal_uart.o
    0x080039ee   0x080039ee   0x00000002   PAD
    0x080039f0   0x080039f0   0x000002f8   Code   RO          714    i.HAL_UART_MspInit  usart.o
    0x08003ce8   0x08003ce8   0x00000098   Code   RO         5511    i.HAL_UART_Receive_DMA  stm32f4xx_hal_uart.o
    0x08003d80   0x08003d80   0x00000052   Code   RO         5512    i.HAL_UART_Receive_IT  stm32f4xx_hal_uart.o
    0x08003dd2   0x08003dd2   0x00000002   PAD
    0x08003dd4   0x08003dd4   0x0000002c   Code   RO         1030    i.HAL_UART_RxCpltCallback  bsp_usart.o
    0x08003e00   0x08003e00   0x00000002   Code   RO         5514    i.HAL_UART_RxHalfCpltCallback  stm32f4xx_hal_uart.o
    0x08003e02   0x08003e02   0x000000ba   Code   RO         5515    i.HAL_UART_Transmit  stm32f4xx_hal_uart.o
    0x08003ebc   0x08003ebc   0x00000080   Code   RO         5516    i.HAL_UART_Transmit_DMA  stm32f4xx_hal_uart.o
    0x08003f3c   0x08003f3c   0x00000002   Code   RO         5518    i.HAL_UART_TxCpltCallback  stm32f4xx_hal_uart.o
    0x08003f3e   0x08003f3e   0x00000002   Code   RO         5519    i.HAL_UART_TxHalfCpltCallback  stm32f4xx_hal_uart.o
    0x08003f40   0x08003f40   0x00000002   Code   RO          789    i.HardFault_Handler  stm32f4xx_it.o
    0x08003f42   0x08003f42   0x00000018   Code   RO         1199    i.IMU_Get           bsp_imu.o
    0x08003f5a   0x08003f5a   0x00000002   PAD
    0x08003f5c   0x08003f5c   0x0000003c   Code   RO         2233    i.InitJudgeUart     judgetask.o
    0x08003f98   0x08003f98   0x00000260   Code   RO         2234    i.JUDEG_UI          judgetask.o
    0x080041f8   0x080041f8   0x00000030   Code   RO         1668    i.KalmanCreate      kalman.o
    0x08004228   0x08004228   0x0000005a   Code   RO         1669    i.KalmanFilter      kalman.o
    0x08004282   0x08004282   0x00000002   PAD
    0x08004284   0x08004284   0x00000010   Code   RO         1579    i.LASER_On          bsp_pwr.o
    0x08004294   0x08004294   0x00000010   Code   RO         1520    i.LED_G_Toggle      bsp_led.o
    0x080042a4   0x080042a4   0x00000010   Code   RO         1524    i.LED_R_Toggle      bsp_led.o
    0x080042b4   0x080042b4   0x0000028c   Code   RO         1907    i.Level_Up_System   rc_control.o
    0x08004540   0x08004540   0x00000074   Code   RO         1908    i.M2006_Total_Angle  rc_control.o
    0x080045b4   0x080045b4   0x000003f4   Code   RO         1697    i.M3508_follow_2    pid.o
    0x080049a8   0x080049a8   0x00000064   Code   RO          450    i.MX_ADC1_Init      adc.o
    0x08004a0c   0x08004a0c   0x00000048   Code   RO          492    i.MX_CAN1_Init      can.o
    0x08004a54   0x08004a54   0x00000044   Code   RO          493    i.MX_CAN2_Init      can.o
    0x08004a98   0x08004a98   0x0000007c   Code   RO          539    i.MX_DMA_Init       dma.o
    0x08004b14   0x08004b14   0x00000054   Code   RO          352    i.MX_FREERTOS_Init  freertos.o
    0x08004b68   0x08004b68   0x00000144   Code   RO          325    i.MX_GPIO_Init      gpio.o
    0x08004cac   0x08004cac   0x00000048   Code   RO          565    i.MX_SPI1_Init      spi.o
    0x08004cf4   0x08004cf4   0x00000044   Code   RO          566    i.MX_SPI5_Init      spi.o
    0x08004d38   0x08004d38   0x00000034   Code   RO          616    i.MX_TIM11_Init     tim.o
    0x08004d6c   0x08004d6c   0x0000005c   Code   RO          617    i.MX_TIM12_Init     tim.o
    0x08004dc8   0x08004dc8   0x000000d4   Code   RO          618    i.MX_TIM1_Init      tim.o
    0x08004e9c   0x08004e9c   0x00000064   Code   RO          619    i.MX_TIM2_Init      tim.o
    0x08004f00   0x08004f00   0x00000070   Code   RO          620    i.MX_TIM3_Init      tim.o
    0x08004f70   0x08004f70   0x00000068   Code   RO          621    i.MX_TIM4_Init      tim.o
    0x08004fd8   0x08004fd8   0x000000ac   Code   RO          622    i.MX_TIM5_Init      tim.o
    0x08005084   0x08005084   0x00000048   Code   RO          623    i.MX_TIM6_Init      tim.o
    0x080050cc   0x080050cc   0x00000038   Code   RO          715    i.MX_UART7_Init     usart.o
    0x08005104   0x08005104   0x00000038   Code   RO          716    i.MX_UART8_Init     usart.o
    0x0800513c   0x0800513c   0x00000040   Code   RO          717    i.MX_USART1_UART_Init  usart.o
    0x0800517c   0x0800517c   0x00000038   Code   RO          718    i.MX_USART2_UART_Init  usart.o
    0x080051b4   0x080051b4   0x00000038   Code   RO          719    i.MX_USART6_UART_Init  usart.o
    0x080051ec   0x080051ec   0x00000002   Code   RO          790    i.MemManage_Handler  stm32f4xx_it.o
    0x080051ee   0x080051ee   0x00000002   Code   RO          791    i.NMI_Handler       stm32f4xx_it.o
    0x080051f0   0x080051f0   0x00000040   Code   RO         1381    i.OLED_Clear        bsp_oled.o
    0x08005230   0x08005230   0x00000124   Code   RO         1386    i.OLED_Init         bsp_oled.o
    0x08005354   0x08005354   0x0000002c   Code   RO         1394    i.OLED_WriteByte    bsp_oled.o
    0x08005380   0x08005380   0x000004d4   Code   RO         1698    i.PID_Calculate     pid.o
    0x08005854   0x08005854   0x00000018   Code   RO         1699    i.PID_Init          pid.o
    0x0800586c   0x0800586c   0x0000001c   Code   RO         1172    i.PWM_init          bsp_pwm.o
    0x08005888   0x08005888   0x00000034   Code   RO         1581    i.PWR24V_On         bsp_pwr.o
    0x080058bc   0x080058bc   0x00000780   Code   RO         1911    i.RC_PC             rc_control.o
    0x0800603c   0x0800603c   0x0000010c   Code   RO         2238    i.Referee_Transmit_character_AiMBot  judgetask.o
    0x08006148   0x08006148   0x0000010c   Code   RO         2239    i.Referee_Transmit_character_bin_cover  judgetask.o
    0x08006254   0x08006254   0x0000014c   Code   RO         2240    i.Referee_Transmit_character_present  judgetask.o
    0x080063a0   0x080063a0   0x0000010c   Code   RO         2241    i.Referee_Transmit_character_rate  judgetask.o
    0x080064ac   0x080064ac   0x00000108   Code   RO         2242    i.Referee_Transmit_character_top  judgetask.o
    0x080065b4   0x080065b4   0x00000100   Code   RO         2243    i.Referee_Transmit_character_wheel  judgetask.o
    0x080066b4   0x080066b4   0x00000118   Code   RO         2244    i.Referee_Transmit_graphic  judgetask.o
    0x080067cc   0x080067cc   0x000003b4   Code   RO         2245    i.Referee_Transmit_graphic_2  judgetask.o
    0x08006b80   0x08006b80   0x00000220   Code   RO         2246    i.Referee_Transmit_graphic_3  judgetask.o
    0x08006da0   0x08006da0   0x000001a4   Code   RO         2247    i.Referee_Transmit_graphic_Init  judgetask.o
    0x08006f44   0x08006f44   0x000001e0   Code   RO         2248    i.Referee_Transmit_graphic_Precent  judgetask.o
    0x08007124   0x08007124   0x0000001c   Code   RO         2250    i.Referee_Update_BuffMask  judgetask.o
    0x08007140   0x08007140   0x000000a4   Code   RO         2251    i.Referee_Update_PowerHeatData  judgetask.o
    0x080071e4   0x080071e4   0x000001c8   Code   RO         2252    i.Referee_Update_RobotState  judgetask.o
    0x080073ac   0x080073ac   0x0000003c   Code   RO         2253    i.Referee_Update_ShootData  judgetask.o
    0x080073e8   0x080073e8   0x0000001c   Code   RO         2254    i.Referee_Update_hurt  judgetask.o
    0x08007404   0x08007404   0x00000058   Code   RO         4281    i.SPI_EndRxTxTransaction  stm32f4xx_hal_spi.o
    0x0800745c   0x0800745c   0x00000094   Code   RO         4286    i.SPI_WaitFlagStateUntilTimeout  stm32f4xx_hal_spi.o
    0x080074f0   0x080074f0   0x0000006c   Code   RO          353    i.StartControl      freertos.o
    0x0800755c   0x0800755c   0x00000058   Code   RO          354    i.StartDebug        freertos.o
    0x080075b4   0x080075b4   0x00000148   Code   RO          355    i.StartDefaultTask  freertos.o
    0x080076fc   0x080076fc   0x00000018   Code   RO          792    i.SysTick_Handler   stm32f4xx_it.o
    0x08007714   0x08007714   0x00000088   Code   RO            6    i.SystemClock_Config  main.o
    0x0800779c   0x0800779c   0x00000054   Code   RO         7095    i.SystemInit        system_stm32f4xx.o
    0x080077f0   0x080077f0   0x0000001c   Code   RO          793    i.TIM1_TRG_COM_TIM11_IRQHandler  stm32f4xx_it.o
    0x0800780c   0x0800780c   0x0000000c   Code   RO          794    i.TIM2_IRQHandler   stm32f4xx_it.o
    0x08007818   0x08007818   0x0000000c   Code   RO          795    i.TIM6_DAC_IRQHandler  stm32f4xx_it.o
    0x08007824   0x08007824   0x000000c8   Code   RO         4644    i.TIM_Base_SetConfig  stm32f4xx_hal_tim.o
    0x080078ec   0x080078ec   0x0000001a   Code   RO         4645    i.TIM_CCxChannelCmd  stm32f4xx_hal_tim.o
    0x08007906   0x08007906   0x00000014   Code   RO         4655    i.TIM_ETR_SetConfig  stm32f4xx_hal_tim.o
    0x0800791a   0x0800791a   0x00000010   Code   RO         4656    i.TIM_ITRx_SetConfig  stm32f4xx_hal_tim.o
    0x0800792a   0x0800792a   0x00000002   PAD
    0x0800792c   0x0800792c   0x00000060   Code   RO         4657    i.TIM_OC1_SetConfig  stm32f4xx_hal_tim.o
    0x0800798c   0x0800798c   0x0000006c   Code   RO         4658    i.TIM_OC2_SetConfig  stm32f4xx_hal_tim.o
    0x080079f8   0x080079f8   0x00000068   Code   RO         4659    i.TIM_OC3_SetConfig  stm32f4xx_hal_tim.o
    0x08007a60   0x08007a60   0x00000050   Code   RO         4660    i.TIM_OC4_SetConfig  stm32f4xx_hal_tim.o
    0x08007ab0   0x08007ab0   0x00000022   Code   RO         4662    i.TIM_TI1_ConfigInputStage  stm32f4xx_hal_tim.o
    0x08007ad2   0x08007ad2   0x00000024   Code   RO         4664    i.TIM_TI2_ConfigInputStage  stm32f4xx_hal_tim.o
    0x08007af6   0x08007af6   0x00000002   PAD
    0x08007af8   0x08007af8   0x0000000c   Code   RO          796    i.UART7_IRQHandler  stm32f4xx_it.o
    0x08007b04   0x08007b04   0x0000000c   Code   RO          797    i.UART8_IRQHandler  stm32f4xx_it.o
    0x08007b10   0x08007b10   0x00000010   Code   RO         5520    i.UART_DMAAbortOnError  stm32f4xx_hal_uart.o
    0x08007b20   0x08007b20   0x0000004a   Code   RO         5521    i.UART_DMAError     stm32f4xx_hal_uart.o
    0x08007b6a   0x08007b6a   0x0000003c   Code   RO         5522    i.UART_DMAReceiveCplt  stm32f4xx_hal_uart.o
    0x08007ba6   0x08007ba6   0x0000000a   Code   RO         5524    i.UART_DMARxHalfCplt  stm32f4xx_hal_uart.o
    0x08007bb0   0x08007bb0   0x0000002e   Code   RO         5526    i.UART_DMATransmitCplt  stm32f4xx_hal_uart.o
    0x08007bde   0x08007bde   0x0000000a   Code   RO         5528    i.UART_DMATxHalfCplt  stm32f4xx_hal_uart.o
    0x08007be8   0x08007be8   0x0000001c   Code   RO         5530    i.UART_EndRxTransfer  stm32f4xx_hal_uart.o
    0x08007c04   0x08007c04   0x00000012   Code   RO         5531    i.UART_EndTxTransfer  stm32f4xx_hal_uart.o
    0x08007c16   0x08007c16   0x00000020   Code   RO         1031    i.UART_PutBuff      bsp_usart.o
    0x08007c36   0x08007c36   0x00000096   Code   RO         5532    i.UART_Receive_IT   stm32f4xx_hal_uart.o
    0x08007ccc   0x08007ccc   0x00000128   Code   RO         5533    i.UART_SetConfig    stm32f4xx_hal_uart.o
    0x08007df4   0x08007df4   0x00000062   Code   RO         5534    i.UART_Transmit_IT  stm32f4xx_hal_uart.o
    0x08007e56   0x08007e56   0x00000064   Code   RO         5535    i.UART_WaitOnFlagUntilTimeout  stm32f4xx_hal_uart.o
    0x08007eba   0x08007eba   0x00000002   PAD
    0x08007ebc   0x08007ebc   0x00000018   Code   RO          798    i.USART1_IRQHandler  stm32f4xx_it.o
    0x08007ed4   0x08007ed4   0x0000002c   Code   RO          799    i.USART2_IRQHandler  stm32f4xx_it.o
    0x08007f00   0x08007f00   0x0000000c   Code   RO          800    i.USART6_IRQHandler  stm32f4xx_it.o
    0x08007f0c   0x08007f0c   0x00000002   Code   RO          801    i.UsageFault_Handler  stm32f4xx_it.o
    0x08007f0e   0x08007f0e   0x00000002   PAD
    0x08007f10   0x08007f10   0x0000003c   Code   RO         1032    i.VCAN_SendWare     bsp_usart.o
    0x08007f4c   0x08007f4c   0x0000003c   Code   RO         2430    i.Verify_CRC16_Check_Sum  crc.o
    0x08007f88   0x08007f88   0x0000002a   Code   RO         2431    i.Verify_CRC8_Check_Sum  crc.o
    0x08007fb2   0x08007fb2   0x00000002   PAD
    0x08007fb4   0x08007fb4   0x0000012c   Code   RO         1831    i.VisionUartRxCpltCallback  gimbal.o
    0x080080e0   0x080080e0   0x00000030   Code   RO         7581    i.__ARM_fpclassify  m_wm.l(fpclassify.o)
    0x08008110   0x08008110   0x00000020   Code   RO         3611    i.__NVIC_SetPriority  stm32f4xx_hal_cortex.o
    0x08008130   0x08008130   0x00000358   Code   RO         7129    i.__hardfp_acos     m_wm.l(acos.o)
    0x08008488   0x08008488   0x00000360   Code   RO         7143    i.__hardfp_asin     m_wm.l(asin.o)
    0x080087e8   0x080087e8   0x000002d8   Code   RO         7157    i.__hardfp_atan     m_wm.l(atan.o)
    0x08008ac0   0x08008ac0   0x000001f0   Code   RO         7171    i.__hardfp_atan2    m_wm.l(atan2.o)
    0x08008cb0   0x08008cb0   0x000000c8   Code   RO         7183    i.__hardfp_cos      m_wm.l(cos.o)
    0x08008d78   0x08008d78   0x00000014   Code   RO         7195    i.__hardfp_fabs     m_wm.l(fabs.o)
    0x08008d8c   0x08008d8c   0x00000004   PAD
    0x08008d90   0x08008d90   0x00000c50   Code   RO         7201    i.__hardfp_pow      m_wm.l(pow.o)
    0x080099e0   0x080099e0   0x000000c8   Code   RO         7215    i.__hardfp_sin      m_wm.l(sin.o)
    0x08009aa8   0x08009aa8   0x0000007a   Code   RO         7227    i.__hardfp_sqrt     m_wm.l(sqrt.o)
    0x08009b22   0x08009b22   0x00000006   PAD
    0x08009b28   0x08009b28   0x00000438   Code   RO         7586    i.__ieee754_rem_pio2  m_wm.l(rred.o)
    0x08009f60   0x08009f60   0x00000170   Code   RO         7564    i.__kernel_cos      m_wm.l(cos_i.o)
    0x0800a0d0   0x0800a0d0   0x000000f8   Code   RO         7583    i.__kernel_poly     m_wm.l(poly.o)
    0x0800a1c8   0x0800a1c8   0x00000130   Code   RO         7591    i.__kernel_sin      m_wm.l(sin_i.o)
    0x0800a2f8   0x0800a2f8   0x00000030   Code   RO         7567    i.__mathlib_dbl_divzero  m_wm.l(dunder.o)
    0x0800a328   0x0800a328   0x00000014   Code   RO         7568    i.__mathlib_dbl_infnan  m_wm.l(dunder.o)
    0x0800a33c   0x0800a33c   0x00000014   Code   RO         7569    i.__mathlib_dbl_infnan2  m_wm.l(dunder.o)
    0x0800a350   0x0800a350   0x00000020   Code   RO         7570    i.__mathlib_dbl_invalid  m_wm.l(dunder.o)
    0x0800a370   0x0800a370   0x00000020   Code   RO         7571    i.__mathlib_dbl_overflow  m_wm.l(dunder.o)
    0x0800a390   0x0800a390   0x00000020   Code   RO         7573    i.__mathlib_dbl_underflow  m_wm.l(dunder.o)
    0x0800a3b0   0x0800a3b0   0x0000000e   Code   RO         7646    i.__scatterload_copy  mc_w.l(handlers.o)
    0x0800a3be   0x0800a3be   0x00000002   Code   RO         7647    i.__scatterload_null  mc_w.l(handlers.o)
    0x0800a3c0   0x0800a3c0   0x0000000e   Code   RO         7648    i.__scatterload_zeroinit  mc_w.l(handlers.o)
    0x0800a3ce   0x0800a3ce   0x00000002   PAD
    0x0800a3d0   0x0800a3d0   0x0000000c   Code   RO         7624    i.__set_errno       mc_w.l(errno.o)
    0x0800a3dc   0x0800a3dc   0x0000002a   Code   RO         1701    i.abs_limit         pid.o
    0x0800a406   0x0800a406   0x00000002   PAD
    0x0800a408   0x0800a408   0x0000001c   Code   RO         1915    i.angle_init        rc_control.o
    0x0800a424   0x0800a424   0x00000060   Code   RO         1916    i.angle_sum         rc_control.o
    0x0800a484   0x0800a484   0x00000010   Code   RO         7159    i.atan              m_wm.l(atan.o)
    0x0800a494   0x0800a494   0x00000048   Code   RO         1623    i.dbus_uart_init    bsp_rc.o
    0x0800a4dc   0x0800a4dc   0x00000018   Code   RO         7197    i.fabs              m_wm.l(fabs.o)
    0x0800a4f4   0x0800a4f4   0x00000050   Code   RO         7514    i.free              mc_w.l(malloc.o)
    0x0800a544   0x0800a544   0x00000076   Code   RO         1094    i.get_total_angle_6020  bsp_can.o
    0x0800a5ba   0x0800a5ba   0x00000002   PAD
    0x0800a5bc   0x0800a5bc   0x0000047a   Code   RO         1200    i.imu_ahrs_update   bsp_imu.o
    0x0800aa36   0x0800aa36   0x00000002   PAD
    0x0800aa38   0x0800aa38   0x00000174   Code   RO         1201    i.imu_attitude_update  bsp_imu.o
    0x0800abac   0x0800abac   0x000001cc   Code   RO         1202    i.init_quaternion   bsp_imu.o
    0x0800ad78   0x0800ad78   0x0000002c   Code   RO         1203    i.inv_sqrt          bsp_imu.o
    0x0800ada4   0x0800ada4   0x0000000a   Code   RO         1204    i.ist8310_get_data  bsp_imu.o
    0x0800adae   0x0800adae   0x00000100   Code   RO         1205    i.ist8310_init      bsp_imu.o
    0x0800aeae   0x0800aeae   0x00000038   Code   RO         1206    i.ist_reg_read_by_mpu  bsp_imu.o
    0x0800aee6   0x0800aee6   0x00000042   Code   RO         1207    i.ist_reg_write_by_mpu  bsp_imu.o
    0x0800af28   0x0800af28   0x0000004c   Code   RO         2257    i.itoa              judgetask.o
    0x0800af74   0x0800af74   0x00000118   Code   RO         2258    i.judgeUartRxCpltCallback  judgetask.o
    0x0800b08c   0x0800b08c   0x0000001e   Code   RO         1783    i.limit             chassis.o
    0x0800b0aa   0x0800b0aa   0x00000002   PAD
    0x0800b0ac   0x0800b0ac   0x00000074   Code   RO            7    i.main              main.o
    0x0800b120   0x0800b120   0x0000000c   Code   RO         6579    i.makeFreeRtosPriority  cmsis_os.o
    0x0800b12c   0x0800b12c   0x0000006c   Code   RO         7515    i.malloc            mc_w.l(malloc.o)
    0x0800b198   0x0800b198   0x00000028   Code   RO         1784    i.map               chassis.o
    0x0800b1c0   0x0800b1c0   0x00000064   Code   RO         1208    i.mpu_device_init   bsp_imu.o
    0x0800b224   0x0800b224   0x00000100   Code   RO         1209    i.mpu_get_data      bsp_imu.o
    0x0800b324   0x0800b324   0x0000008e   Code   RO         1210    i.mpu_master_i2c_auto_read_config  bsp_imu.o
    0x0800b3b2   0x0800b3b2   0x00000002   PAD
    0x0800b3b4   0x0800b3b4   0x000000a4   Code   RO         1211    i.mpu_offset_call   bsp_imu.o
    0x0800b458   0x0800b458   0x00000050   Code   RO         1212    i.mpu_read_byte     bsp_imu.o
    0x0800b4a8   0x0800b4a8   0x0000005c   Code   RO         1213    i.mpu_read_bytes    bsp_imu.o
    0x0800b504   0x0800b504   0x0000000a   Code   RO         1214    i.mpu_set_accel_fsr  bsp_imu.o
    0x0800b50e   0x0800b50e   0x0000000a   Code   RO         1215    i.mpu_set_gyro_fsr  bsp_imu.o
    0x0800b518   0x0800b518   0x00000054   Code   RO         1216    i.mpu_write_byte    bsp_imu.o
    0x0800b56c   0x0800b56c   0x00000028   Code   RO         1396    i.oled_set_pos      bsp_oled.o
    0x0800b594   0x0800b594   0x0000000e   Code   RO         6581    i.osDelay           cmsis_os.o
    0x0800b5a2   0x0800b5a2   0x0000000a   Code   RO         6584    i.osKernelStart     cmsis_os.o
    0x0800b5ac   0x0800b5ac   0x00000054   Code   RO         6618    i.osThreadCreate    cmsis_os.o
    0x0800b600   0x0800b600   0x00000070   Code   RO         6273    i.prvAddCurrentTaskToDelayedList  tasks.o
    0x0800b670   0x0800b670   0x000000d0   Code   RO         6274    i.prvAddNewTaskToReadyList  tasks.o
    0x0800b740   0x0800b740   0x00000034   Code   RO         6275    i.prvDeleteTCB      tasks.o
    0x0800b774   0x0800b774   0x0000004c   Code   RO         6946    i.prvHeapInit       heap_4.o
    0x0800b7c0   0x0800b7c0   0x00000060   Code   RO         6276    i.prvIdleTask       tasks.o
    0x0800b820   0x0800b820   0x00000098   Code   RO         6277    i.prvInitialiseNewTask  tasks.o
    0x0800b8b8   0x0800b8b8   0x0000004c   Code   RO         6947    i.prvInsertBlockIntoFreeList  heap_4.o
    0x0800b904   0x0800b904   0x00000020   Code   RO         6278    i.prvResetNextTaskUnblockTime  tasks.o
    0x0800b924   0x0800b924   0x00000028   Code   RO         7008    i.prvTaskExitError  port.o
    0x0800b94c   0x0800b94c   0x000000d8   Code   RO         6948    i.pvPortMalloc      heap_4.o
    0x0800ba24   0x0800ba24   0x0000002c   Code   RO         7009    i.pxPortInitialiseStack  port.o
    0x0800ba50   0x0800ba50   0x00000132   Code   RO         1625    i.rc_callback_handler  bsp_rc.o
    0x0800bb82   0x0800bb82   0x0000006e   Code   RO         7229    i.sqrt              m_wm.l(sqrt.o)
    0x0800bbf0   0x0800bbf0   0x00000068   Code   RO         1626    i.uart_receive_handler  bsp_rc.o
    0x0800bc58   0x0800bc58   0x00000026   Code   RO         5909    i.uxListRemove      list.o
    0x0800bc7e   0x0800bc7e   0x00000002   PAD
    0x0800bc80   0x0800bc80   0x00000014   Code   RO          356    i.vApplicationGetIdleTaskMemory  freertos.o
    0x0800bc94   0x0800bc94   0x00000016   Code   RO         5910    i.vListInitialise   list.o
    0x0800bcaa   0x0800bcaa   0x00000006   Code   RO         5911    i.vListInitialiseItem  list.o
    0x0800bcb0   0x0800bcb0   0x00000030   Code   RO         5912    i.vListInsert       list.o
    0x0800bce0   0x0800bce0   0x00000018   Code   RO         5913    i.vListInsertEnd    list.o
    0x0800bcf8   0x0800bcf8   0x00000040   Code   RO         7011    i.vPortEnterCritical  port.o
    0x0800bd38   0x0800bd38   0x00000028   Code   RO         7012    i.vPortExitCritical  port.o
    0x0800bd60   0x0800bd60   0x0000005c   Code   RO         6949    i.vPortFree         heap_4.o
    0x0800bdbc   0x0800bdbc   0x00000024   Code   RO         7013    i.vPortSetupTimerInterrupt  port.o
    0x0800bde0   0x0800bde0   0x0000004c   Code   RO         6286    i.vTaskDelay        tasks.o
    0x0800be2c   0x0800be2c   0x0000006c   Code   RO         6299    i.vTaskStartScheduler  tasks.o
    0x0800be98   0x0800be98   0x00000010   Code   RO         6301    i.vTaskSuspendAll   tasks.o
    0x0800bea8   0x0800bea8   0x0000005c   Code   RO         6302    i.vTaskSwitchContext  tasks.o
    0x0800bf04   0x0800bf04   0x00000134   Code   RO         1785    i.velocity          chassis.o
    0x0800c038   0x0800c038   0x000000f4   Code   RO         7015    i.xPortStartScheduler  port.o
    0x0800c12c   0x0800c12c   0x0000002c   Code   RO         7016    i.xPortSysTickHandler  port.o
    0x0800c158   0x0800c158   0x0000005a   Code   RO         6304    i.xTaskCreate       tasks.o
    0x0800c1b2   0x0800c1b2   0x00000056   Code   RO         6305    i.xTaskCreateStatic  tasks.o
    0x0800c208   0x0800c208   0x0000001c   Code   RO         6309    i.xTaskGetSchedulerState  tasks.o
    0x0800c224   0x0800c224   0x000000c8   Code   RO         6312    i.xTaskIncrementTick  tasks.o
    0x0800c2ec   0x0800c2ec   0x000000c4   Code   RO         6318    i.xTaskResumeAll    tasks.o
    0x0800c3b0   0x0800c3b0   0x00000054   Data   RO          358    .constdata          freertos.o
    0x0800c404   0x0800c404   0x00000014   Data   RO         1218    .constdata          bsp_imu.o
    0x0800c418   0x0800c418   0x00000300   Data   RO         2433    .constdata          crc.o
    0x0800c718   0x0800c718   0x00000008   Data   RO         3310    .constdata          stm32f4xx_hal_dma.o
    0x0800c720   0x0800c720   0x00000010   Data   RO         7096    .constdata          system_stm32f4xx.o
    0x0800c730   0x0800c730   0x00000008   Data   RO         7097    .constdata          system_stm32f4xx.o
    0x0800c738   0x0800c738   0x00000050   Data   RO         7132    .constdata          m_wm.l(acos.o)
    0x0800c788   0x0800c788   0x00000050   Data   RO         7146    .constdata          m_wm.l(asin.o)
    0x0800c7d8   0x0800c7d8   0x00000098   Data   RO         7160    .constdata          m_wm.l(atan.o)
    0x0800c870   0x0800c870   0x00000088   Data   RO         7204    .constdata          m_wm.l(pow.o)
    0x0800c8f8   0x0800c8f8   0x00000030   Data   RO         7565    .constdata          m_wm.l(cos_i.o)
    0x0800c928   0x0800c928   0x00000008   Data   RO         7585    .constdata          m_wm.l(qnan.o)
    0x0800c930   0x0800c930   0x000000c8   Data   RO         7588    .constdata          m_wm.l(rred.o)
    0x0800c9f8   0x0800c9f8   0x00000028   Data   RO         7592    .constdata          m_wm.l(sin_i.o)
    0x0800ca20   0x0800ca20   0x0000001c   Data   RO          359    .conststring        freertos.o
    0x0800ca3c   0x0800ca3c   0x00000020   Data   RO         7644    Region$$Table       anon$$obj.o


    Execution Region RW_IRAM2 (Exec base: 0x10000000, Load base: 0x0800caa8, Size: 0x00000000, Max: 0x00010000, ABSOLUTE)

    **** No section assigned to this execution region ****


    Execution Region RW_IRAM1 (Exec base: 0x20000000, Load base: 0x0800ca5c, Size: 0x000066a0, Max: 0x00030000, ABSOLUTE, COMPRESSED[0x0000004c])

    Exec Addr    Load Addr    Size         Type   Attr      Idx    E Section Name        Object

    0x20000000   COMPRESSED   0x00000028   Data   RW          364    .data               freertos.o
    0x20000028   COMPRESSED   0x00000004   Data   RW          495    .data               can.o
    0x2000002c   COMPRESSED   0x0000001c   Data   RW         1000    .data               bsp_tim.o
    0x20000048   COMPRESSED   0x00000001   Data   RW         1036    .data               bsp_usart.o
    0x20000049   COMPRESSED   0x00000001   PAD
    0x2000004a   COMPRESSED   0x00000004   Data   RW         1096    .data               bsp_can.o
    0x2000004e   COMPRESSED   0x00000002   PAD
    0x20000050   COMPRESSED   0x00000060   Data   RW         1219    .data               bsp_imu.o
    0x200000b0   COMPRESSED   0x00000010   Data   RW         1708    .data               pid.o
    0x200000c0   COMPRESSED   0x00000004   Data   RW         1835    .data               gimbal.o
    0x200000c4   COMPRESSED   0x00000004   Data   RW         1836    .data               gimbal.o
    0x200000c8   COMPRESSED   0x00000003   Data   RW         1838    .data               gimbal.o
    0x200000cb   COMPRESSED   0x00000001   PAD
    0x200000cc   COMPRESSED   0x00000004   Data   RW         1839    .data               gimbal.o
    0x200000d0   COMPRESSED   0x00000004   Data   RW         1840    .data               gimbal.o
    0x200000d4   COMPRESSED   0x00000004   PAD
    0x200000d8   COMPRESSED   0x00000050   Data   RW         1920    .data               rc_control.o
    0x20000128   COMPRESSED   0x00000001   Data   RW         1924    .data               rc_control.o
    0x20000129   COMPRESSED   0x00000001   Data   RW         1936    .data               rc_control.o
    0x2000012a   COMPRESSED   0x00000002   PAD
    0x2000012c   COMPRESSED   0x0000002f   Data   RW         2261    .data               judgetask.o
    0x2000015b   COMPRESSED   0x00000001   PAD
    0x2000015c   COMPRESSED   0x00000002   Data   RW         2434    .data               crc.o
    0x2000015e   COMPRESSED   0x00000002   PAD
    0x20000160   COMPRESSED   0x0000000c   Data   RW         3757    .data               stm32f4xx_hal.o
    0x2000016c   COMPRESSED   0x0000003c   Data   RW         6321    .data               tasks.o
    0x200001a8   COMPRESSED   0x00000018   Data   RW         6954    .data               heap_4.o
    0x200001c0   COMPRESSED   0x0000000c   Data   RW         7017    .data               port.o
    0x200001cc   COMPRESSED   0x00000004   Data   RW         7098    .data               system_stm32f4xx.o
    0x200001d0   COMPRESSED   0x00000004   Data   RW         7620    .data               mc_w.l(mvars.o)
    0x200001d4   COMPRESSED   0x00000004   Data   RW         7621    .data               mc_w.l(mvars.o)
    0x200001d8   COMPRESSED   0x00000004   Data   RW         7625    .data               mc_w.l(errno.o)
    0x200001dc        -       0x000002b4   Zero   RW          357    .bss                freertos.o
    0x20000490        -       0x00000048   Zero   RW          451    .bss                adc.o
    0x200004d8        -       0x00000050   Zero   RW          494    .bss                can.o
    0x20000528        -       0x000000b0   Zero   RW          567    .bss                spi.o
    0x200005d8        -       0x00000200   Zero   RW          624    .bss                tim.o
    0x200007d8        -       0x00000320   Zero   RW          720    .bss                usart.o
    0x20000af8        -       0x00000134   Zero   RW         1095    .bss                bsp_can.o
    0x20000c2c        -       0x00000076   Zero   RW         1217    .bss                bsp_imu.o
    0x20000ca2        -       0x00000400   Zero   RW         1397    .bss                bsp_oled.o
    0x200010a2        -       0x00000036   Zero   RW         1627    .bss                bsp_rc.o
    0x200010d8        -       0x00000828   Zero   RW         1702    .bss                pid.o
    0x20001900        -       0x000000e8   Zero   RW         1703    .bss                pid.o
    0x200019e8        -       0x0000015c   Zero   RW         1704    .bss                pid.o
    0x20001b44        -       0x00000074   Zero   RW         1705    .bss                pid.o
    0x20001bb8        -       0x00000074   Zero   RW         1707    .bss                pid.o
    0x20001c2c        -       0x00000064   Zero   RW         1786    .bss                chassis.o
    0x20001c90        -       0x0000002c   Zero   RW         1832    .bss                gimbal.o
    0x20001cbc        -       0x00000030   Zero   RW         1833    .bss                gimbal.o
    0x20001cec        -       0x00000030   Zero   RW         1834    .bss                gimbal.o
    0x20001d1c        -       0x00000293   Zero   RW         2259    .bss                judgetask.o
    0x20001faf   COMPRESSED   0x00000001   PAD
    0x20001fb0        -       0x000000f0   Zero   RW         6320    .bss                tasks.o
    0x200020a0        -       0x00003c00   Zero   RW         6953    .bss                heap_4.o
    0x20005ca0        -       0x00000600   Zero   RW         7085    HEAP                startup_stm32f427xx.o
    0x200062a0        -       0x00000400   Zero   RW         7084    STACK               startup_stm32f427xx.o


==============================================================================

Image component sizes


      Code (inc. data)   RO Data    RW Data    ZI Data      Debug   Object Name

       196         24          0          0         72       1605   adc.o
       132         20          0          0          0        590   bluetooth.o
        48         10          0          0          0        946   bsp_beep.o
      1244         68          0          4        308       7133   bsp_can.o
      3372        228         20         96        118      13874   bsp_imu.o
        32         12          0          0          0        870   bsp_led.o
       440         18          0          0       1024       4361   bsp_oled.o
        28          6          0          0          0        463   bsp_pwm.o
        68         10          0          0          0        911   bsp_pwr.o
       482         20          0          0         54       3487   bsp_rc.o
       136         26          0         28          0       1280   bsp_tim.o
       212         18          0          1          0       3406   bsp_usart.o
       408         42          0          4         80       2374   can.o
       546         54          0          0        100       3393   chassis.o
       120          0          0          0          0      23013   cmsis_os.o
       250         22        768          2          0       4524   crc.o
       124          4          0          0          0        794   dma.o
         0          0          0          0          0      15716   event_groups.o
       628        120        112         40        692       5684   freertos.o
       300         30          0         19        140       2303   gimbal.o
       324         24          0          0          0       1071   gpio.o
       460         24          0         24      15360       7227   heap_4.o
      6088        436          0         47        659      25908   judgetask.o
       138          6          0          0          0       1750   kalman.o
       138          0          0          0          0       3462   list.o
       930        108          0          0          0     801787   main.o
      2314        102          0         16       2900       5588   pid.o
       702         72          0         12          0      10940   port.o
      2812        252          0         82          0       7545   rc_control.o
       344         42          0          0        176       2302   spi.o
        36          8        428          0       2560        792   startup_stm32f427xx.o
       180         28          0         12          0       9445   stm32f4xx_hal.o
       736         34          0          0          0       2839   stm32f4xx_hal_adc.o
      1682          6          0          0          0      14737   stm32f4xx_hal_can.o
       198         14          0          0          0      33863   stm32f4xx_hal_cortex.o
      1008         16          8          0          0       7206   stm32f4xx_hal_dma.o
       492         54          0          0          0       2985   stm32f4xx_hal_gpio.o
        56          4          0          0          0        810   stm32f4xx_hal_msp.o
      1332         76          0          0          0       5148   stm32f4xx_hal_rcc.o
      1194          8          0          0          0       6176   stm32f4xx_hal_spi.o
      1852         98          0          0          0      16978   stm32f4xx_hal_tim.o
       232         28          0          0          0       3209   stm32f4xx_hal_tim_ex.o
      1844         44          0          0          0      15989   stm32f4xx_hal_uart.o
       288        104          0          0          0      10536   stm32f4xx_it.o
         0          0          0          0          0        392   stream_buffer.o
        84         18         24          4          0       1115   system_stm32f4xx.o
      1544        116          0         60        240      19899   tasks.o
      1448        134          0          0        512       7669   tim.o
      1048        102          0          0        800       4775   usart.o

    ----------------------------------------------------------------------
     38322       2690       1392        464      25796    1128870   Object Totals
         0          0         32          0          0          0   (incl. Generated)
        52          0          0         13          1          0   (incl. Padding)

    ----------------------------------------------------------------------

      Code (inc. data)   RO Data    RW Data    ZI Data      Debug   Library Member Name

       856        118         80          0          0        288   acos.o
       864         94         80          0          0        280   asin.o
       744        106        152          0          0        352   atan.o
       496         64          0          0          0        192   atan2.o
       200         20          0          0          0        164   cos.o
       368         46         48          0          0        200   cos_i.o
       184         44          0          0          0        744   dunder.o
        44          0          0          0          0        248   fabs.o
        48          0          0          0          0        124   fpclassify.o
       248          0          0          0          0        152   poly.o
      3152        296        136          0          0        352   pow.o
         0          0          8          0          0          0   qnan.o
      1080        142        200          0          0        188   rred.o
       200         20          0          0          0        164   sin.o
       304         24         40          0          0        208   sin_i.o
       232          0          0          0          0        296   sqrt.o
        86          0          0          0          0          0   __dczerorl2.o
         0          0          0          0          0          0   entry.o
         0          0          0          0          0          0   entry10a.o
         0          0          0          0          0          0   entry11a.o
         8          4          0          0          0          0   entry2.o
         4          0          0          0          0          0   entry5.o
         0          0          0          0          0          0   entry7b.o
         0          0          0          0          0          0   entry8b.o
         8          4          0          0          0          0   entry9a.o
        12          6          0          4          0         68   errno.o
        30          0          0          0          0          0   handlers.o
        36          8          0          0          0         68   init.o
         0          0          0          0          0          0   iusefp.o
        30          0          0          0          0         68   llshl.o
        36          0          0          0          0         68   llsshr.o
        32          0          0          0          0         68   llushr.o
       188         20          0          0          0        160   malloc.o
        36          0          0          0          0         68   memcpya.o
        36          0          0          0          0        108   memseta.o
         0          0          0          8          0          0   mvars.o
        18          0          0          0          0         68   strcpy.o
        98          0          0          0          0         92   uldiv.o
        48          0          0          0          0         68   cdcmple.o
        48          0          0          0          0         68   cdrcmple.o
        56          0          0          0          0         88   d2f.o
       334          0          0          0          0        148   dadd.o
       222          0          0          0          0        100   ddiv.o
       186          0          0          0          0        176   depilogue.o
        62          0          0          0          0         80   dfixi.o
        50          0          0          0          0         76   dfixui.o
        34          0          0          0          0         76   dflti.o
        26          0          0          0          0         76   dfltui.o
       228          0          0          0          0         96   dmul.o
        46          0          0          0          0         80   dscalb.o
       162          0          0          0          0        100   dsqrt.o
        38          0          0          0          0         68   f2d.o
       110          0          0          0          0        168   fepilogue.o

    ----------------------------------------------------------------------
     11346       1016        744         12          0       6256   Library Totals
        18          0          0          0          0          0   (incl. Padding)

    ----------------------------------------------------------------------

      Code (inc. data)   RO Data    RW Data    ZI Data      Debug   Library Name

      9020        974        744          0          0       3952   m_wm.l
       658         42          0         12          0        836   mc_w.l
      1650          0          0          0          0       1468   mf_w.l

    ----------------------------------------------------------------------
     11346       1016        744         12          0       6256   Library Totals

    ----------------------------------------------------------------------

==============================================================================


      Code (inc. data)   RO Data    RW Data    ZI Data      Debug   

     49668       3706       2136        476      25796    1104914   Grand Totals
     49668       3706       2136         76      25796    1104914   ELF Image Totals (compressed)
     49668       3706       2136         76          0          0   ROM Totals

==============================================================================

    Total RO  Size (Code + RO Data)                51804 (  50.59kB)
    Total RW  Size (RW Data + ZI Data)             26272 (  25.66kB)
    Total ROM Size (Code + RO Data + RW Data)      51880 (  50.66kB)

==============================================================================

