Component: ARM Compiler 5.06 update 6 (build 750) Tool: armlink [4d35ed]

==============================================================================

Section Cross References

    startup_stm32f427xx.o(RESET) refers to startup_stm32f427xx.o(STACK) for __initial_sp
    startup_stm32f427xx.o(RESET) refers to startup_stm32f427xx.o(.text) for Reset_Handler
    startup_stm32f427xx.o(RESET) refers to stm32f4xx_it.o(i.NMI_Handler) for NMI_Handler
    startup_stm32f427xx.o(RESET) refers to stm32f4xx_it.o(i.HardFault_Handler) for HardFault_Handler
    startup_stm32f427xx.o(RESET) refers to stm32f4xx_it.o(i.MemManage_Handler) for MemManage_Handler
    startup_stm32f427xx.o(RESET) refers to stm32f4xx_it.o(i.BusFault_Handler) for BusFault_Handler
    startup_stm32f427xx.o(RESET) refers to stm32f4xx_it.o(i.UsageFault_Handler) for UsageFault_Handler
    startup_stm32f427xx.o(RESET) refers to port.o(.emb_text) for SVC_Handler
    startup_stm32f427xx.o(RESET) refers to stm32f4xx_it.o(i.DebugMon_Handler) for DebugMon_Handler
    startup_stm32f427xx.o(RESET) refers to stm32f4xx_it.o(i.SysTick_Handler) for SysTick_Handler
    startup_stm32f427xx.o(RESET) refers to stm32f4xx_it.o(i.DMA1_Stream1_IRQHandler) for DMA1_Stream1_IRQHandler
    startup_stm32f427xx.o(RESET) refers to stm32f4xx_it.o(i.DMA1_Stream3_IRQHandler) for DMA1_Stream3_IRQHandler
    startup_stm32f427xx.o(RESET) refers to stm32f4xx_it.o(i.CAN1_TX_IRQHandler) for CAN1_TX_IRQHandler
    startup_stm32f427xx.o(RESET) refers to stm32f4xx_it.o(i.CAN1_RX0_IRQHandler) for CAN1_RX0_IRQHandler
    startup_stm32f427xx.o(RESET) refers to stm32f4xx_it.o(i.TIM1_TRG_COM_TIM11_IRQHandler) for TIM1_TRG_COM_TIM11_IRQHandler
    startup_stm32f427xx.o(RESET) refers to stm32f4xx_it.o(i.USART1_IRQHandler) for USART1_IRQHandler
    startup_stm32f427xx.o(RESET) refers to stm32f4xx_it.o(i.USART2_IRQHandler) for USART2_IRQHandler
    startup_stm32f427xx.o(RESET) refers to stm32f4xx_it.o(i.TIM6_DAC_IRQHandler) for TIM6_DAC_IRQHandler
    startup_stm32f427xx.o(RESET) refers to stm32f4xx_it.o(i.DMA2_Stream1_IRQHandler) for DMA2_Stream1_IRQHandler
    startup_stm32f427xx.o(RESET) refers to stm32f4xx_it.o(i.DMA2_Stream2_IRQHandler) for DMA2_Stream2_IRQHandler
    startup_stm32f427xx.o(RESET) refers to stm32f4xx_it.o(i.CAN2_RX0_IRQHandler) for CAN2_RX0_IRQHandler
    startup_stm32f427xx.o(RESET) refers to stm32f4xx_it.o(i.DMA2_Stream6_IRQHandler) for DMA2_Stream6_IRQHandler
    startup_stm32f427xx.o(RESET) refers to stm32f4xx_it.o(i.USART6_IRQHandler) for USART6_IRQHandler
    startup_stm32f427xx.o(RESET) refers to stm32f4xx_it.o(i.UART7_IRQHandler) for UART7_IRQHandler
    startup_stm32f427xx.o(RESET) refers to stm32f4xx_it.o(i.UART8_IRQHandler) for UART8_IRQHandler
    startup_stm32f427xx.o(.text) refers to system_stm32f4xx.o(i.SystemInit) for SystemInit
    startup_stm32f427xx.o(.text) refers to entry.o(.ARM.Collect$$$$00000000) for __main
    main.o(i.BSP_All_Init) refers to bsp_imu.o(i.mpu_device_init) for mpu_device_init
    main.o(i.BSP_All_Init) refers to bsp_imu.o(i.init_quaternion) for init_quaternion
    main.o(i.BSP_All_Init) refers to stm32f4xx_hal_tim.o(i.HAL_TIM_Base_Start_IT) for HAL_TIM_Base_Start_IT
    main.o(i.BSP_All_Init) refers to bsp_oled.o(i.OLED_Init) for OLED_Init
    main.o(i.BSP_All_Init) refers to bsp_oled.o(i.OLED_Clear) for OLED_Clear
    main.o(i.BSP_All_Init) refers to bsp_pwr.o(i.PWR24V_On) for PWR24V_On
    main.o(i.BSP_All_Init) refers to bsp_can.o(i.CAN_FilterInit) for CAN_FilterInit
    main.o(i.BSP_All_Init) refers to pid.o(i.PID_Init) for PID_Init
    main.o(i.BSP_All_Init) refers to stm32f4xx_hal_uart.o(i.HAL_UART_Receive_IT) for HAL_UART_Receive_IT
    main.o(i.BSP_All_Init) refers to stm32f4xx_hal_uart.o(i.HAL_UART_Receive_DMA) for HAL_UART_Receive_DMA
    main.o(i.BSP_All_Init) refers to judgetask.o(i.InitJudgeUart) for InitJudgeUart
    main.o(i.BSP_All_Init) refers to bsp_pwm.o(i.PWM_init) for PWM_init
    main.o(i.BSP_All_Init) refers to bsp_rc.o(i.dbus_uart_init) for dbus_uart_init
    main.o(i.BSP_All_Init) refers to bsp_pwr.o(i.LASER_On) for LASER_On
    main.o(i.BSP_All_Init) refers to stm32f4xx_hal_tim.o(i.HAL_TIM_Base_Stop_IT) for HAL_TIM_Base_Stop_IT
    main.o(i.BSP_All_Init) refers to bsp_beep.o(i.Beep) for Beep
    main.o(i.BSP_All_Init) refers to tim.o(.bss) for htim11
    main.o(i.BSP_All_Init) refers to can.o(.bss) for hcan1
    main.o(i.BSP_All_Init) refers to pid.o(.bss) for PID_GM6020
    main.o(i.BSP_All_Init) refers to pid.o(.bss) for PID_GM6020_speed
    main.o(i.BSP_All_Init) refers to pid.o(.bss) for PID_M2006
    main.o(i.BSP_All_Init) refers to pid.o(.bss) for PID_HEAT_PWM
    main.o(i.BSP_All_Init) refers to bsp_usart.o(.data) for aRxBuffer
    main.o(i.BSP_All_Init) refers to usart.o(.bss) for huart2
    main.o(i.BSP_All_Init) refers to gimbal.o(.data) for tmp_vision
    main.o(i.SystemClock_Config) refers to memseta.o(.text) for __aeabi_memclr4
[...]
    HAL_CAN_SleepCallback                    0x08002155   Thumb Code     2  stm32f4xx_hal_can.o(i.HAL_CAN_SleepCallback)
    HAL_CAN_Start                            0x08002159   Thumb Code    88  stm32f4xx_hal_can.o(i.HAL_CAN_Start)
    HAL_CAN_TxMailbox0AbortCallback          0x080021b1   Thumb Code     2  stm32f4xx_hal_can.o(i.HAL_CAN_TxMailbox0AbortCallback)
    HAL_CAN_TxMailbox0CompleteCallback       0x080021b3   Thumb Code     2  stm32f4xx_hal_can.o(i.HAL_CAN_TxMailbox0CompleteCallback)
    HAL_CAN_TxMailbox1AbortCallback          0x080021b5   Thumb Code     2  stm32f4xx_hal_can.o(i.HAL_CAN_TxMailbox1AbortCallback)
    HAL_CAN_TxMailbox1CompleteCallback       0x080021b7   Thumb Code     2  stm32f4xx_hal_can.o(i.HAL_CAN_TxMailbox1CompleteCallback)
    HAL_CAN_TxMailbox2AbortCallback          0x080021b9   Thumb Code     2  stm32f4xx_hal_can.o(i.HAL_CAN_TxMailbox2AbortCallback)
    HAL_CAN_TxMailbox2CompleteCallback       0x080021bb   Thumb Code     2  stm32f4xx_hal_can.o(i.HAL_CAN_TxMailbox2CompleteCallback)
    HAL_CAN_WakeUpFromRxMsgCallback          0x080021bd   Thumb Code     2  stm32f4xx_hal_can.o(i.HAL_CAN_WakeUpFromRxMsgCallback)
    HAL_DMA_Abort_IT                         0x080021bf   Thumb Code    36  stm32f4xx_hal_dma.o(i.HAL_DMA_Abort_IT)
    HAL_DMA_IRQHandler                       0x080021e5   Thumb Code   412  stm32f4xx_hal_dma.o(i.HAL_DMA_IRQHandler)
    HAL_DMA_Init                             0x08002385   Thumb Code   206  stm32f4xx_hal_dma.o(i.HAL_DMA_Init)
    HAL_DMA_Start                            0x08002459   Thumb Code    70  stm32f4xx_hal_dma.o(i.HAL_DMA_Start)
    HAL_DMA_Start_IT                         0x0800249f   Thumb Code   120  stm32f4xx_hal_dma.o(i.HAL_DMA_Start_IT)
    HAL_Delay                                0x08002519   Thumb Code    32  stm32f4xx_hal.o(i.HAL_Delay)
    HAL_GPIO_Init                            0x0800253d   Thumb Code   408  stm32f4xx_hal_gpio.o(i.HAL_GPIO_Init)
    HAL_GPIO_TogglePin                       0x08002709   Thumb Code    14  stm32f4xx_hal_gpio.o(i.HAL_GPIO_TogglePin)
    HAL_GPIO_WritePin                        0x08002717   Thumb Code    10  stm32f4xx_hal_gpio.o(i.HAL_GPIO_WritePin)
    HAL_GetTick                              0x08002721   Thumb Code     6  stm32f4xx_hal.o(i.HAL_GetTick)
    HAL_IncTick                              0x0800272d   Thumb Code    12  stm32f4xx_hal.o(i.HAL_IncTick)
    HAL_Init                                 0x0800273d   Thumb Code    48  stm32f4xx_hal.o(i.HAL_Init)
    HAL_InitTick                             0x08002771   Thumb Code    54  stm32f4xx_hal.o(i.HAL_InitTick)
    HAL_MspInit                              0x080027b1   Thumb Code    52  stm32f4xx_hal_msp.o(i.HAL_MspInit)
    HAL_NVIC_EnableIRQ                       0x080027e9   Thumb Code    26  stm32f4xx_hal_cortex.o(i.HAL_NVIC_EnableIRQ)
    HAL_NVIC_SetPriority                     0x08002805   Thumb Code    60  stm32f4xx_hal_cortex.o(i.HAL_NVIC_SetPriority)
    HAL_NVIC_SetPriorityGrouping             0x08002845   Thumb Code    26  stm32f4xx_hal_cortex.o(i.HAL_NVIC_SetPriorityGrouping)
    HAL_RCC_ClockConfig                      0x08002869   Thumb Code   286  stm32f4xx_hal_rcc.o(i.HAL_RCC_ClockConfig)
    HAL_RCC_GetPCLK1Freq                     0x08002999   Thumb Code    20  stm32f4xx_hal_rcc.o(i.HAL_RCC_GetPCLK1Freq)
    HAL_RCC_GetPCLK2Freq                     0x080029b9   Thumb Code    20  stm32f4xx_hal_rcc.o(i.HAL_RCC_GetPCLK2Freq)
    HAL_RCC_GetSysClockFreq                  0x080029d9   Thumb Code    88  stm32f4xx_hal_rcc.o(i.HAL_RCC_GetSysClockFreq)
    HAL_RCC_OscConfig                        0x08002a3d   Thumb Code   770  stm32f4xx_hal_rcc.o(i.HAL_RCC_OscConfig)
    HAL_SPI_Init                             0x08002d59   Thumb Code   128  stm32f4xx_hal_spi.o(i.HAL_SPI_Init)
    HAL_SPI_MspInit                          0x08002dd9   Thumb Code   180  spi.o(i.HAL_SPI_MspInit)
    HAL_SPI_Transmit                         0x08002ea5   Thumb Code   348  stm32f4xx_hal_spi.o(i.HAL_SPI_Transmit)
    HAL_SPI_TransmitReceive                  0x08003001   Thumb Code   482  stm32f4xx_hal_spi.o(i.HAL_SPI_TransmitReceive)
    HAL_SYSTICK_Config                       0x080031e3   Thumb Code    40  stm32f4xx_hal_cortex.o(i.HAL_SYSTICK_Config)
    HAL_TIMEx_BreakCallback                  0x0800320b   Thumb Code     2  stm32f4xx_hal_tim_ex.o(i.HAL_TIMEx_BreakCallback)
    HAL_TIMEx_CommutCallback                 0x0800320d   Thumb Code     2  stm32f4xx_hal_tim_ex.o(i.HAL_TIMEx_CommutCallback)
    HAL_TIMEx_ConfigBreakDeadTime            0x0800320f   Thumb Code    84  stm32f4xx_hal_tim_ex.o(i.HAL_TIMEx_ConfigBreakDeadTime)
    HAL_TIMEx_MasterConfigSynchronization    0x08003263   Thumb Code    66  stm32f4xx_hal_tim_ex.o(i.HAL_TIMEx_MasterConfigSynchronization)
    HAL_TIM_Base_Init                        0x080032a5   Thumb Code    54  stm32f4xx_hal_tim.o(i.HAL_TIM_Base_Init)
    HAL_TIM_Base_MspInit                     0x080032dd   Thumb Code   134  tim.o(i.HAL_TIM_Base_MspInit)
    HAL_TIM_Base_Start_IT                    0x08003379   Thumb Code    34  stm32f4xx_hal_tim.o(i.HAL_TIM_Base_Start_IT)
    HAL_TIM_Base_Stop_IT                     0x0800339b   Thumb Code    42  stm32f4xx_hal_tim.o(i.HAL_TIM_Base_Stop_IT)
    HAL_TIM_ConfigClockSource                0x080033c5   Thumb Code   214  stm32f4xx_hal_tim.o(i.HAL_TIM_ConfigClockSource)
    HAL_TIM_IC_CaptureCallback               0x0800349b   Thumb Code     2  stm32f4xx_hal_tim.o(i.HAL_TIM_IC_CaptureCallback)
    HAL_TIM_IRQHandler                       0x0800349d   Thumb Code   358  stm32f4xx_hal_tim.o(i.HAL_TIM_IRQHandler)
    HAL_TIM_MspPostInit                      0x08003605   Thumb Code   192  tim.o(i.HAL_TIM_MspPostInit)
    HAL_TIM_OC_DelayElapsedCallback          0x080036e5   Thumb Code     2  stm32f4xx_hal_tim.o(i.HAL_TIM_OC_DelayElapsedCallback)
    HAL_TIM_PWM_ConfigChannel                0x080036e7   Thumb Code   208  stm32f4xx_hal_tim.o(i.HAL_TIM_PWM_ConfigChannel)
    HAL_TIM_PWM_Init                         0x080037b7   Thumb Code    54  stm32f4xx_hal_tim.o(i.HAL_TIM_PWM_Init)
    HAL_TIM_PWM_MspInit                      0x080037ed   Thumb Code    98  tim.o(i.HAL_TIM_PWM_MspInit)
    HAL_TIM_PWM_PulseFinishedCallback        0x08003861   Thumb Code     2  stm32f4xx_hal_tim.o(i.HAL_TIM_PWM_PulseFinishedCallback)
    HAL_TIM_PWM_Start                        0x08003865   Thumb Code    58  stm32f4xx_hal_tim.o(i.HAL_TIM_PWM_Start)
    HAL_TIM_PWM_Stop                         0x080038a9   Thumb Code    84  stm32f4xx_hal_tim.o(i.HAL_TIM_PWM_Stop)
    HAL_TIM_PeriodElapsedCallback            0x08003905   Thumb Code    32  bsp_tim.o(i.HAL_TIM_PeriodElapsedCallback)
    HAL_TIM_TriggerCallback                  0x0800392d   Thumb Code     2  stm32f4xx_hal_tim.o(i.HAL_TIM_TriggerCallback)
    HAL_UART_ErrorCallback                   0x0800392f   Thumb Code    76  bsp_usart.o(i.HAL_UART_ErrorCallback)
    HAL_UART_GetState                        0x0800397b   Thumb Code    10  stm32f4xx_hal_uart.o(i.HAL_UART_GetState)
    HAL_UART_IRQHandler                      0x08003985   Thumb Code   266  stm32f4xx_hal_uart.o(i.HAL_UART_IRQHandler)
    HAL_UART_Init                            0x08003a95   Thumb Code    98  stm32f4xx_hal_uart.o(i.HAL_UART_Init)
    HAL_UART_MspInit                         0x08003af9   Thumb Code   734  usart.o(i.HAL_UART_MspInit)
    HAL_UART_Receive_DMA                     0x08003e11   Thumb Code   138  stm32f4xx_hal_uart.o(i.HAL_UART_Receive_DMA)
    HAL_UART_Receive_IT                      0x08003ea9   Thumb Code    82  stm32f4xx_hal_uart.o(i.HAL_UART_Receive_IT)
    HAL_UART_RxCpltCallback                  0x08003efd   Thumb Code    34  bsp_usart.o(i.HAL_UART_RxCpltCallback)
    HAL_UART_RxHalfCpltCallback              0x08003f29   Thumb Code     2  stm32f4xx_hal_uart.o(i.HAL_UART_RxHalfCpltCallback)
    HAL_UART_Transmit                        0x08003f2b   Thumb Code   186  stm32f4xx_hal_uart.o(i.HAL_UART_Transmit)
    HAL_UART_Transmit_DMA                    0x08003fe5   Thumb Code   114  stm32f4xx_hal_uart.o(i.HAL_UART_Transmit_DMA)
    HAL_UART_TxCpltCallback                  0x08004065   Thumb Code     2  stm32f4xx_hal_uart.o(i.HAL_UART_TxCpltCallback)
    HAL_UART_TxHalfCpltCallback              0x08004067   Thumb Code     2  stm32f4xx_hal_uart.o(i.HAL_UART_TxHalfCpltCallback)
    HardFault_Handler                        0x08004069   Thumb Code     2  stm32f4xx_it.o(i.HardFault_Handler)
    IMU_Get                                  0x0800406b   Thumb Code    24  bsp_imu.o(i.IMU_Get)
    InitJudgeUart                            0x08004085   Thumb Code    36  judgetask.o(i.InitJudgeUart)
    Judge_wheel_of                           0x080040b1   Thumb Code    44  shoot.o(i.Judge_wheel_of)
    LASER_On                                 0x080040e1   Thumb Code    10  bsp_pwr.o(i.LASER_On)
    LED_G_Toggle                             0x080040f1   Thumb Code    10  bsp_led.o(i.LED_G_Toggle)
    LED_R_Toggle                             0x08004101   Thumb Code    10  bsp_led.o(i.LED_R_Toggle)
    M2006_Total_Angle                        0x08004111   Thumb Code   102  rc_control.o(i.M2006_Total_Angle)
    M3508_follow                             0x08004185   Thumb Code   348  pid.o(i.M3508_follow)
    MX_ADC1_Init                             0x080042f1   Thumb Code    88  adc.o(i.MX_ADC1_Init)
    MX_CAN1_Init                             0x08004355   Thumb Code    62  can.o(i.MX_CAN1_Init)
    MX_CAN2_Init                             0x0800439d   Thumb Code    60  can.o(i.MX_CAN2_Init)
    MX_DMA_Init                              0x080043e1   Thumb Code   120  dma.o(i.MX_DMA_Init)
    MX_FREERTOS_Init                         0x0800445d   Thumb Code    74  freertos.o(i.MX_FREERTOS_Init)
    MX_GPIO_Init                             0x080044b1   Thumb Code   300  gpio.o(i.MX_GPIO_Init)
    MX_SPI1_Init                             0x080045f5   Thumb Code    62  spi.o(i.MX_SPI1_Init)
    MX_SPI5_Init                             0x0800463d   Thumb Code    60  spi.o(i.MX_SPI5_Init)
    MX_TIM11_Init                            0x08004681   Thumb Code    44  tim.o(i.MX_TIM11_Init)
    MX_TIM12_Init                            0x080046b5   Thumb Code    84  tim.o(i.MX_TIM12_Init)
    MX_TIM1_Init                             0x08004711   Thumb Code   204  tim.o(i.MX_TIM1_Init)
    MX_TIM3_Init                             0x080047e5   Thumb Code   104  tim.o(i.MX_TIM3_Init)
    MX_TIM4_Init                             0x08004855   Thumb Code    92  tim.o(i.MX_TIM4_Init)
    MX_TIM5_Init                             0x080048b9   Thumb Code   164  tim.o(i.MX_TIM5_Init)
    MX_TIM6_Init                             0x08004965   Thumb Code    62  tim.o(i.MX_TIM6_Init)
    MX_UART7_Init                            0x080049ad   Thumb Code    48  usart.o(i.MX_UART7_Init)
    MX_UART8_Init                            0x080049e5   Thumb Code    48  usart.o(i.MX_UART8_Init)
    MX_USART1_UART_Init                      0x08004a1d   Thumb Code    50  usart.o(i.MX_USART1_UART_Init)
    MX_USART2_UART_Init                      0x08004a5d   Thumb Code    48  usart.o(i.MX_USART2_UART_Init)
    MX_USART6_UART_Init                      0x08004a95   Thumb Code    48  usart.o(i.MX_USART6_UART_Init)
    MemManage_Handler                        0x08004acd   Thumb Code     2  stm32f4xx_it.o(i.MemManage_Handler)
    NMI_Handler                              0x08004acf   Thumb Code     2  stm32f4xx_it.o(i.NMI_Handler)
    OLED_Clear                               0x08004ad1   Thumb Code    60  bsp_oled.o(i.OLED_Clear)
    OLED_Init                                0x08004b11   Thumb Code   286  bsp_oled.o(i.OLED_Init)
    OLED_WriteByte                           0x08004c35   Thumb Code    36  bsp_oled.o(i.OLED_WriteByte)
    PID_Calculate                            0x08004c61   Thumb Code  1522  pid.o(i.PID_Calculate)
    PID_Init                                 0x08005261   Thumb Code    18  pid.o(i.PID_Init)
    PWM_init                                 0x08005279   Thumb Code    22  bsp_pwm.o(i.PWM_init)
    PWR24V_On                                0x08005295   Thumb Code    48  bsp_pwr.o(i.PWR24V_On)
    RC_PC                                    0x080052c9   Thumb Code  2064  rc_control.o(i.RC_PC)
    Referee_Transmit_character_AiMBot        0x08005b01   Thumb Code   250  judgetask.o(i.Referee_Transmit_character_AiMBot)
    Referee_Transmit_character_bin_cover     0x08005c0d   Thumb Code   242  judgetask.o(i.Referee_Transmit_character_bin_cover)
    Referee_Transmit_character_present       0x08005d0d   Thumb Code   250  judgetask.o(i.Referee_Transmit_character_present)
    Referee_Transmit_character_rate          0x08005e19   Thumb Code   250  judgetask.o(i.Referee_Transmit_character_rate)
    Referee_Transmit_character_top           0x08005f25   Thumb Code   248  judgetask.o(i.Referee_Transmit_character_top)
    Referee_Transmit_character_wheel         0x0800602d   Thumb Code   242  judgetask.o(i.Referee_Transmit_character_wheel)
    Referee_Transmit_graphic                 0x0800612d   Thumb Code  1076  judgetask.o(i.Referee_Transmit_graphic)
    Referee_Transmit_graphic_2               0x0800656d   Thumb Code   306  judgetask.o(i.Referee_Transmit_graphic_2)
    Referee_Transmit_graphic_Init            0x080066bd   Thumb Code   398  judgetask.o(i.Referee_Transmit_graphic_Init)
    Referee_Update_BuffMask                  0x08006859   Thumb Code    18  judgetask.o(i.Referee_Update_BuffMask)
    Referee_Update_PowerHeatData             0x08006875   Thumb Code   154  judgetask.o(i.Referee_Update_PowerHeatData)
    Referee_Update_RobotState                0x08006919   Thumb Code   434  judgetask.o(i.Referee_Update_RobotState)
    Referee_Update_ShootData                 0x08006ae1   Thumb Code    48  judgetask.o(i.Referee_Update_ShootData)
    Referee_Update_hurt                      0x08006b19   Thumb Code    18  judgetask.o(i.Referee_Update_hurt)
    StartControl                             0x08006c21   Thumb Code    84  freertos.o(i.StartControl)
    StartDebug                               0x08006c89   Thumb Code   608  freertos.o(i.StartDebug)
    StartDefaultTask                         0x08006fad   Thumb Code   282  freertos.o(i.StartDefaultTask)
    SysTick_Handler                          0x08007119   Thumb Code    24  stm32f4xx_it.o(i.SysTick_Handler)
    SystemClock_Config                       0x08007131   Thumb Code   126  main.o(i.SystemClock_Config)
    SystemInit                               0x080071b9   Thumb Code    66  system_stm32f4xx.o(i.SystemInit)
    TIM1_TRG_COM_TIM11_IRQHandler            0x0800720d   Thumb Code    18  stm32f4xx_it.o(i.TIM1_TRG_COM_TIM11_IRQHandler)
    TIM6_DAC_IRQHandler                      0x08007229   Thumb Code     6  stm32f4xx_it.o(i.TIM6_DAC_IRQHandler)
    TIM_Base_SetConfig                       0x08007235   Thumb Code   156  stm32f4xx_hal_tim.o(i.TIM_Base_SetConfig)
    TIM_CCxChannelCmd                        0x080072fd   Thumb Code    26  stm32f4xx_hal_tim.o(i.TIM_CCxChannelCmd)
    TIM_ETR_SetConfig                        0x08007317   Thumb Code    20  stm32f4xx_hal_tim.o(i.TIM_ETR_SetConfig)
    TIM_OC2_SetConfig                        0x0800739d   Thumb Code    98  stm32f4xx_hal_tim.o(i.TIM_OC2_SetConfig)
    UART7_IRQHandler                         0x08007509   Thumb Code     6  stm32f4xx_it.o(i.UART7_IRQHandler)
    UART8_IRQHandler                         0x08007515   Thumb Code     6  stm32f4xx_it.o(i.UART8_IRQHandler)
    UART_PutBuff                             0x08007627   Thumb Code    32  bsp_usart.o(i.UART_PutBuff)
    USART1_IRQHandler                        0x08007a51   Thumb Code    18  stm32f4xx_it.o(i.USART1_IRQHandler)
    USART2_IRQHandler                        0x08007a69   Thumb Code    34  stm32f4xx_it.o(i.USART2_IRQHandler)
    USART6_IRQHandler                        0x08007a95   Thumb Code     6  stm32f4xx_it.o(i.USART6_IRQHandler)
    UsageFault_Handler                       0x08007aa1   Thumb Code     2  stm32f4xx_it.o(i.UsageFault_Handler)
    VCAN_SendWare                            0x08007aa5   Thumb Code    52  bsp_usart.o(i.VCAN_SendWare)
    Verify_CRC16_Check_Sum                   0x08007ae1   Thumb Code    54  crc.o(i.Verify_CRC16_Check_Sum)
    Verify_CRC8_Check_Sum                    0x08007b1d   Thumb Code    42  crc.o(i.Verify_CRC8_Check_Sum)
    VisionUartRxCpltCallback                 0x08007b49   Thumb Code   270  gimbal.o(i.VisionUartRxCpltCallback)
    __ARM_fpclassify                         0x08007c75   Thumb Code    48  fpclassify.o(i.__ARM_fpclassify)
    __hardfp_acos                            0x08007cc9   Thumb Code   738  acos.o(i.__hardfp_acos)
    __hardfp_asin                            0x08008021   Thumb Code   770  asin.o(i.__hardfp_asin)
    __hardfp_atan                            0x08008381   Thumb Code   622  atan.o(i.__hardfp_atan)
    __hardfp_atan2                           0x08008659   Thumb Code   432  atan2.o(i.__hardfp_atan2)
    __hardfp_cos                             0x08008849   Thumb Code   180  cos.o(i.__hardfp_cos)
    __hardfp_fabs                            0x08008911   Thumb Code    20  fabs.o(i.__hardfp_fabs)
    __hardfp_pow                             0x08008929   Thumb Code  3072  pow.o(i.__hardfp_pow)
    __hardfp_sin                             0x08009579   Thumb Code   180  sin.o(i.__hardfp_sin)
    __hardfp_sqrt                            0x08009641   Thumb Code   122  sqrt.o(i.__hardfp_sqrt)
    __ieee754_rem_pio2                       0x080096c1   Thumb Code   938  rred.o(i.__ieee754_rem_pio2)
    __kernel_cos                             0x08009af9   Thumb Code   322  cos_i.o(i.__kernel_cos)
    __kernel_poly                            0x08009c69   Thumb Code   248  poly.o(i.__kernel_poly)
    __kernel_sin                             0x08009d61   Thumb Code   280  sin_i.o(i.__kernel_sin)
    __mathlib_dbl_divzero                    0x08009e91   Thumb Code    28  dunder.o(i.__mathlib_dbl_divzero)
    __mathlib_dbl_infnan                     0x08009ec1   Thumb Code    20  dunder.o(i.__mathlib_dbl_infnan)
    __mathlib_dbl_infnan2                    0x08009ed5   Thumb Code    20  dunder.o(i.__mathlib_dbl_infnan2)
    __mathlib_dbl_invalid                    0x08009ee9   Thumb Code    24  dunder.o(i.__mathlib_dbl_invalid)
    __mathlib_dbl_overflow                   0x08009f09   Thumb Code    24  dunder.o(i.__mathlib_dbl_overflow)
    __mathlib_dbl_underflow                  0x08009f29   Thumb Code    24  dunder.o(i.__mathlib_dbl_underflow)
    __scatterload_copy                       0x08009f49   Thumb Code    14  handlers.o(i.__scatterload_copy)
    __scatterload_null                       0x08009f57   Thumb Code     2  handlers.o(i.__scatterload_null)
    __scatterload_zeroinit                   0x08009f59   Thumb Code    14  handlers.o(i.__scatterload_zeroinit)
    __set_errno                              0x08009f69   Thumb Code     6  errno.o(i.__set_errno)
    abs_limit                                0x08009f75   Thumb Code    42  pid.o(i.abs_limit)
    angle_init                               0x08009fa1   Thumb Code    20  rc_control.o(i.angle_init)
    angle_sum                                0x08009fbd   Thumb Code    80  rc_control.o(i.angle_sum)
    atan                                     0x0800a01d   Thumb Code    16  atan.o(i.atan)
    dbus_uart_init                           0x0800a02d   Thumb Code    64  bsp_rc.o(i.dbus_uart_init)
    fabs                                     0x0800a075   Thumb Code    24  fabs.o(i.fabs)
    free                                     0x0800a08d   Thumb Code    76  malloc.o(i.free)
    get_total_angle_6020                     0x0800a0dd   Thumb Code   118  bsp_can.o(i.get_total_angle_6020)
    imu_ahrs_update                          0x0800a155   Thumb Code  1146  bsp_imu.o(i.imu_ahrs_update)
    imu_attitude_update                      0x0800a5d1   Thumb Code   346  bsp_imu.o(i.imu_attitude_update)
    init_quaternion                          0x0800a745   Thumb Code   360  bsp_imu.o(i.init_quaternion)
    inv_sqrt                                 0x0800a911   Thumb Code    40  bsp_imu.o(i.inv_sqrt)
    ist8310_get_data                         0x0800a93d   Thumb Code    10  bsp_imu.o(i.ist8310_get_data)
    ist8310_init                             0x0800a947   Thumb Code   256  bsp_imu.o(i.ist8310_init)
    itoa                                     0x0800aac1   Thumb Code    76  judgetask.o(i.itoa)
    judgeUartRxCpltCallback                  0x0800ab0d   Thumb Code   236  judgetask.o(i.judgeUartRxCpltCallback)
    limit                                    0x0800ac05   Thumb Code    30  chassis.o(i.limit)
    main                                     0x0800ac23   Thumb Code   102  main.o(i.main)
    malloc                                   0x0800ac95   Thumb Code    92  malloc.o(i.malloc)
    map                                      0x0800ad01   Thumb Code    40  chassis.o(i.map)
    mpu_device_init                          0x0800ad29   Thumb Code    90  bsp_imu.o(i.mpu_device_init)
    mpu_get_data                             0x0800ad8d   Thumb Code   234  bsp_imu.o(i.mpu_get_data)
    mpu_offset_call                          0x0800af1d   Thumb Code   160  bsp_imu.o(i.mpu_offset_call)
    mpu_read_byte                            0x0800afc1   Thumb Code    68  bsp_imu.o(i.mpu_read_byte)
    mpu_read_bytes                           0x0800b011   Thumb Code    80  bsp_imu.o(i.mpu_read_bytes)
    mpu_set_accel_fsr                        0x0800b06d   Thumb Code    10  bsp_imu.o(i.mpu_set_accel_fsr)
    mpu_set_gyro_fsr                         0x0800b077   Thumb Code    10  bsp_imu.o(i.mpu_set_gyro_fsr)
    mpu_write_byte                           0x0800b081   Thumb Code    72  bsp_imu.o(i.mpu_write_byte)
    osDelay                                  0x0800b0fd   Thumb Code    14  cmsis_os.o(i.osDelay)
    osKernelStart                            0x0800b10b   Thumb Code    10  cmsis_os.o(i.osKernelStart)
    osThreadCreate                           0x0800b115   Thumb Code    84  cmsis_os.o(i.osThreadCreate)
    pvPortMalloc                             0x0800b4ad   Thumb Code   210  heap_4.o(i.pvPortMalloc)
    pxPortInitialiseStack                    0x0800b585   Thumb Code    40  port.o(i.pxPortInitialiseStack)
    rc_callback_handler                      0x0800b5b1   Thumb Code   306  bsp_rc.o(i.rc_callback_handler)
    sqrt                                     0x0800b6e3   Thumb Code   110  sqrt.o(i.sqrt)
    uart_receive_handler                     0x0800b751   Thumb Code    92  bsp_rc.o(i.uart_receive_handler)
    uxListRemove                             0x0800b7b9   Thumb Code    38  list.o(i.uxListRemove)
    vApplicationGetIdleTaskMemory            0x0800b7e1   Thumb Code    16  freertos.o(i.vApplicationGetIdleTaskMemory)
    vListInitialise                          0x0800b7f5   Thumb Code    22  list.o(i.vListInitialise)
    vListInitialiseItem                      0x0800b80b   Thumb Code     6  list.o(i.vListInitialiseItem)
    vListInsert                              0x0800b811   Thumb Code    48  list.o(i.vListInsert)
    vListInsertEnd                           0x0800b841   Thumb Code    24  list.o(i.vListInsertEnd)
    vPortEnterCritical                       0x0800b859   Thumb Code    54  port.o(i.vPortEnterCritical)
    vPortExitCritical                        0x0800b899   Thumb Code    34  port.o(i.vPortExitCritical)
    vPortFree                                0x0800b8c1   Thumb Code    88  heap_4.o(i.vPortFree)
    vPortSetupTimerInterrupt                 0x0800b91d   Thumb Code    32  port.o(i.vPortSetupTimerInterrupt)
    vTaskDelay                               0x0800b941   Thumb Code    66  tasks.o(i.vTaskDelay)
    vTaskStartScheduler                      0x0800b98d   Thumb Code    90  tasks.o(i.vTaskStartScheduler)
    vTaskSuspendAll                          0x0800b9f9   Thumb Code    10  tasks.o(i.vTaskSuspendAll)
    vTaskSwitchContext                       0x0800ba09   Thumb Code    82  tasks.o(i.vTaskSwitchContext)
    velocity                                 0x0800ba65   Thumb Code   290  chassis.o(i.velocity)
    xPortStartScheduler                      0x0800bb99   Thumb Code   222  port.o(i.xPortStartScheduler)
    xPortSysTickHandler                      0x0800bc8d   Thumb Code    38  port.o(i.xPortSysTickHandler)
    xTaskCreate                              0x0800bcb9   Thumb Code    90  tasks.o(i.xTaskCreate)
    xTaskCreateStatic                        0x0800bd13   Thumb Code    86  tasks.o(i.xTaskCreateStatic)
    xTaskGetSchedulerState                   0x0800bd69   Thumb Code    22  tasks.o(i.xTaskGetSchedulerState)
    xTaskIncrementTick                       0x0800bd85   Thumb Code   192  tasks.o(i.xTaskIncrementTick)
    xTaskResumeAll                           0x0800be4d   Thumb Code   182  tasks.o(i.xTaskResumeAll)
    AHBPrescTable                            0x0800bf64   Data          16  system_stm32f4xx.o(.constdata)
    APBPrescTable                            0x0800bf74   Data           8  system_stm32f4xx.o(.constdata)
    CRC8_TAB                                 0x0800bf90   Data         256  crc.o(.constdata)
    wCRC_Table                               0x0800c090   Data         512  crc.o(.constdata)
    __mathlib_zero                           0x0800c488   Data           8  qnan.o(.constdata)
    Region$$Table$$Base                      0x0800c59c   Number         0  anon$$obj.o(Region$$Table)
    Region$$Table$$Limit                     0x0800c5bc   Number         0  anon$$obj.o(Region$$Table)
    dialspd                                  0x20000000   Data           2  freertos.o(.data)
    UIflag                                   0x20000002   Data           2  freertos.o(.data)
    RC_FLAG                                  0x20000004   Data           2  freertos.o(.data)
    RcCounter                                0x20000006   Data           2  freertos.o(.data)
    RcCounterTrue                            0x20000008   Data           2  freertos.o(.data)
    RcCounterFalse                           0x2000000a   Data           2  freertos.o(.data)
    defaultTaskHandle                        0x2000000c   Data           4  freertos.o(.data)
    ControlHandle                            0x20000010   Data           4  freertos.o(.data)
    DebugHandle                              0x20000014   Data           4  freertos.o(.data)
    persent_x                                0x20000018   Data           5  freertos.o(.data)
    last_imu_yaw                             0x20000020   Data           8  freertos.o(.data)
    SystemCoreClock                          0x2000002c   Data           4  system_stm32f4xx.o(.data)
    tim11_cnt                                0x20000030   Data           2  bsp_tim.o(.data)
    aRxBuffer                                0x20000032   Data           1  bsp_usart.o(.data)
    CAN1_CNT                                 0x20000034   Data           2  bsp_can.o(.data)
    CAN2_CNT                                 0x20000036   Data           2  bsp_can.o(.data)
    id                                       0x2000003a   Data           1  bsp_imu.o(.data)
    q0                                       0x2000003c   Data           4  bsp_imu.o(.data)
    q1                                       0x20000040   Data           4  bsp_imu.o(.data)
    q2                                       0x20000044   Data           4  bsp_imu.o(.data)
    q3                                       0x20000048   Data           4  bsp_imu.o(.data)
    exInt                                    0x2000004c   Data           4  bsp_imu.o(.data)
    eyInt                                    0x20000050   Data           4  bsp_imu.o(.data)
    ezInt                                    0x20000054   Data           4  bsp_imu.o(.data)
    last_update                              0x2000007c   Data           4  bsp_imu.o(.data)
    now_update                               0x20000080   Data           4  bsp_imu.o(.data)
    ist_buff                                 0x20000084   Data           6  bsp_imu.o(.data)
    pi                                       0x20000098   Data           4  pid.o(.data)
    angle0                                   0x2000009c   Data           4  pid.o(.data)
    yaw0                                     0x200000a0   Data           4  pid.o(.data)
    chasisspd                                0x200000a4   Data           4  pid.o(.data)
    spin_angle_set                           0x200000a8   Data           4  gimbal.o(.data)
    pitch_angle_set                          0x200000ac   Data           4  gimbal.o(.data)
    Vision_receiving                         0x200000b0   Data           1  gimbal.o(.data)
    Vision_buffercnt                         0x200000b1   Data           1  gimbal.o(.data)
    tmp_vision                               0x200000b2   Data           1  gimbal.o(.data)
    vis_pitch                                0x200000b4   Data           4  gimbal.o(.data)
    vis_yaw                                  0x200000b8   Data           4  gimbal.o(.data)
    rc_flag                                  0x200000c0   Data           1  rc_control.o(.data)
    shootflag2                               0x200000c1   Data           1  rc_control.o(.data)
    spin_flag                                0x200000c2   Data           1  rc_control.o(.data)
    spin_flag1                               0x200000c3   Data           1  rc_control.o(.data)
    Storeflag                                0x200000c4   Data           1  rc_control.o(.data)
    M2006flag                                0x200000c5   Data           1  rc_control.o(.data)
    QuickReveseFlag                          0x200000c6   Data           1  rc_control.o(.data)
    IsSpeedUpFlag                            0x200000c7   Data           1  rc_control.o(.data)
    SpinStartFlag                            0x200000c8   Data           1  rc_control.o(.data)
    IsSpinFlag                               0x200000c9   Data           1  rc_control.o(.data)
    ShotSwitchflag                           0x200000ca   Data           1  rc_control.o(.data)
    ShotFlag                                 0x200000cb   Data           1  rc_control.o(.data)
    StoreCounter                             0x200000cc   Data           2  rc_control.o(.data)
    M2006_cur                                0x200000d0   Data           4  rc_control.o(.data)
    STORETOTALANGLE                          0x200000d4   Data           4  rc_control.o(.data)
    p_flag                                   0x200000d8   Data           4  rc_control.o(.data)
    lowpassy_last                            0x200000dc   Data           4  rc_control.o(.data)
    lowpassp_last                            0x200000e0   Data           4  rc_control.o(.data)
    lowpassy                                 0x200000e4   Data           4  rc_control.o(.data)
    lowpassp                                 0x200000e8   Data           4  rc_control.o(.data)
    ShotSwitchCounter                        0x200000ec   Data           4  rc_control.o(.data)
    imu_last_anglesum                        0x200000f0   Data           8  rc_control.o(.data)
    imu_angle_bias                           0x200000f8   Data           8  rc_control.o(.data)
    imu_agbias_sum                           0x20000100   Data           8  rc_control.o(.data)
    receiving                                0x20000108   Data           1  judgetask.o(.data)
    buffercnt                                0x20000109   Data           1  judgetask.o(.data)
    JUDGE_Received                           0x2000010a   Data           1  judgetask.o(.data)
    JUDGE_State                              0x2000010b   Data           1  judgetask.o(.data)
    lenth                                    0x2000010c   Data           1  judgetask.o(.data)
    tmp_judge                                0x2000010d   Data           1  judgetask.o(.data)
    hurtLck                                  0x2000010e   Data           1  judgetask.o(.data)
    BuffMask                                 0x2000010f   Data           1  judgetask.o(.data)
    maxHP                                    0x20000110   Data           2  judgetask.o(.data)
    maxHeat0                                 0x20000112   Data           2  judgetask.o(.data)
    remainHeat0                              0x20000114   Data           2  judgetask.o(.data)
    maxHeat1                                 0x20000116   Data           2  judgetask.o(.data)
    remainHeat1                              0x20000118   Data           2  judgetask.o(.data)
    RealHeat0                                0x2000011a   Data           2  judgetask.o(.data)
    cmdID                                    0x20000120   Data           2  judgetask.o(.data)
    realBulletSpeed0                         0x20000124   Data           4  judgetask.o(.data)
    cooldown0                                0x20000128   Data           4  judgetask.o(.data)
    ShootData                                0x20000130   Data           6  judgetask.o(.data)
    CRC_INIT                                 0x20000136   Data           2  crc.o(.data)
    uwTickFreq                               0x20000138   Data           1  stm32f4xx_hal.o(.data)
    uwTickPrio                               0x2000013c   Data           4  stm32f4xx_hal.o(.data)
    uwTick                                   0x20000140   Data           4  stm32f4xx_hal.o(.data)
    pxCurrentTCB                             0x20000144   Data           4  tasks.o(.data)
    __microlib_freelist                      0x200001a4   Data           4  mvars.o(.data)
    __microlib_freelist_initialised          0x200001a8   Data           4  mvars.o(.data)
    hadc1                                    0x20000404   Data          72  adc.o(.bss)
    hcan1                                    0x2000044c   Data          40  can.o(.bss)
    hcan2                                    0x20000474   Data          40  can.o(.bss)
    hspi1                                    0x2000049c   Data          88  spi.o(.bss)
    hspi5                                    0x200004f4   Data          88  spi.o(.bss)
    htim1                                    0x2000054c   Data          64  tim.o(.bss)
    htim3                                    0x2000058c   Data          64  tim.o(.bss)
    htim4                                    0x200005cc   Data          64  tim.o(.bss)
    htim5                                    0x2000060c   Data          64  tim.o(.bss)
    htim6                                    0x2000064c   Data          64  tim.o(.bss)
    htim11                                   0x2000068c   Data          64  tim.o(.bss)
    htim12                                   0x200006cc   Data          64  tim.o(.bss)
    huart7                                   0x2000070c   Data          64  usart.o(.bss)
    huart8                                   0x2000074c   Data          64  usart.o(.bss)
    huart1                                   0x2000078c   Data          64  usart.o(.bss)
    huart2                                   0x200007cc   Data          64  usart.o(.bss)
    huart6                                   0x2000080c   Data          64  usart.o(.bss)
    hdma_uart7_rx                            0x2000084c   Data          96  usart.o(.bss)
    hdma_uart7_tx                            0x200008ac   Data          96  usart.o(.bss)
    hdma_usart1_rx                           0x2000090c   Data          96  usart.o(.bss)
    hdma_usart6_rx                           0x2000096c   Data          96  usart.o(.bss)
    hdma_usart6_tx                           0x200009cc   Data          96  usart.o(.bss)
    CAN_GM6020                               0x20000a2c   Data          40  bsp_can.o(.bss)
    CAN_M2006                                0x20000a54   Data          60  bsp_can.o(.bss)
    CAN_M3508                                0x20000a90   Data         192  bsp_can.o(.bss)
    powerData                                0x20000b50   Data          16  bsp_can.o(.bss)
    imu                                      0x20000b60   Data          72  bsp_imu.o(.bss)
    mpu_buff                                 0x20000ba8   Data          14  bsp_imu.o(.bss)
    mpu_data                                 0x20000bb6   Data          32  bsp_imu.o(.bss)
    dbus_buf                                 0x20000fd6   Data          18  bsp_rc.o(.bss)
    rc                                       0x20000fe8   Data          36  bsp_rc.o(.bss)
    PID_GM6020                               0x2000100c   Data         696  pid.o(.bss)
    PID_M2006_ANGLE                          0x200012c4   Data         348  pid.o(.bss)
    PID_M3508                                0x20001420   Data         928  pid.o(.bss)
    PID_M3508_Follow                         0x200017c0   Data         116  pid.o(.bss)
    PID_Superpower                           0x20001834   Data         116  pid.o(.bss)
    PID_GM6020_speed                         0x200018a8   Data         232  pid.o(.bss)
    PID_M2006                                0x20001990   Data         348  pid.o(.bss)
    PID_HEAT_PWM                             0x20001aec   Data         116  pid.o(.bss)
    BN                                       0x20001b60   Data          84  chassis.o(.bss)
    setSpeed                                 0x20001bb4   Data          16  chassis.o(.bss)
    Vision_buffer                            0x20001bc4   Data          10  gimbal.o(.bss)
    datadata                                 0x20001bd0   Data          32  gimbal.o(.bss)
    buffer                                   0x20001bf0   Data         128  judgetask.o(.bss)
    CliendTxBuffer                           0x20001c70   Data         128  judgetask.o(.bss)
    GraphicData                              0x20001cf0   Data         120  judgetask.o(.bss)
    CharacterData                            0x20001d68   Data          60  judgetask.o(.bss)
    client_state_now                         0x20001da4   Data           9  judgetask.o(.bss)
    user_data                                0x20001dad   Data          13  judgetask.o(.bss)
    GameRobotState                           0x20001dba   Data          27  judgetask.o(.bss)
    PowerHeat                                0x20001dd5   Data          16  judgetask.o(.bss)
    custom_data                              0x20001de5   Data          13  judgetask.o(.bss)
    client_state_past                        0x20001df2   Data           9  judgetask.o(.bss)
    __heap_base                              0x20005af0   Data           0  startup_stm32f427xx.o(HEAP)
    __heap_limit                             0x200060f0   Data           0  startup_stm32f427xx.o(HEAP)
    __initial_sp                             0x200064f0   Data           0  startup_stm32f427xx.o(STACK)



==============================================================================

Memory Map of the image

  Image Entry point : 0x080001ad

  Load Region LR_IROM1 (Base: 0x08000000, Size: 0x0000c76c, Max: 0x00200000, ABSOLUTE, COMPRESSED[0x0000c5fc])

    Execution Region ER_IROM1 (Exec base: 0x08000000, Load base: 0x08000000, Size: 0x0000c5bc, Max: 0x00200000, ABSOLUTE)

    Exec Addr    Load Addr    Size         Type   Attr      Idx    E Section Name        Object

    0x08000000   0x08000000   0x000001ac   Data   RO            3    RESET               startup_stm32f427xx.o
    0x080001ac   0x080001ac   0x00000000   Code   RO         7184  * .ARM.Collect$$$$00000000  mc_w.l(entry.o)
    0x080001ac   0x080001ac   0x00000004   Code   RO         7542    .ARM.Collect$$$$00000001  mc_w.l(entry2.o)
    0x080001b0   0x080001b0   0x00000004   Code   RO         7545    .ARM.Collect$$$$00000004  mc_w.l(entry5.o)
    0x080001b4   0x080001b4   0x00000000   Code   RO         7547    .ARM.Collect$$$$00000008  mc_w.l(entry7b.o)
    0x080001b4   0x080001b4   0x00000000   Code   RO         7549    .ARM.Collect$$$$0000000A  mc_w.l(entry8b.o)
    0x080001b4   0x080001b4   0x00000008   Code   RO         7550    .ARM.Collect$$$$0000000B  mc_w.l(entry9a.o)
    0x080001bc   0x080001bc   0x00000000   Code   RO         7552    .ARM.Collect$$$$0000000D  mc_w.l(entry10a.o)
    0x080001bc   0x080001bc   0x00000000   Code   RO         7554    .ARM.Collect$$$$0000000F  mc_w.l(entry11a.o)
    0x080001bc   0x080001bc   0x00000004   Code   RO         7543    .ARM.Collect$$$$00002712  mc_w.l(entry2.o)
    0x080001c0   0x080001c0   0x000000be   Code   RO         6997    .emb_text           port.o
    0x0800027e   0x0800027e   0x00000002   PAD
    0x08000280   0x08000280   0x00000024   Code   RO            4    .text               startup_stm32f427xx.o
    0x080002a4   0x080002a4   0x00000062   Code   RO         7187    .text               mc_w.l(uldiv.o)
    0x08000306   0x08000306   0x00000024   Code   RO         7189    .text               mc_w.l(memcpya.o)
    0x0800032a   0x0800032a   0x00000024   Code   RO         7193    .text               mc_w.l(memseta.o)
    0x0800034e   0x0800034e   0x00000012   Code   RO         7195    .text               mc_w.l(strcpy.o)
    0x08000360   0x08000360   0x0000014e   Code   RO         7487    .text               mf_w.l(dadd.o)
    0x080004ae   0x080004ae   0x000000e4   Code   RO         7489    .text               mf_w.l(dmul.o)
    0x08000592   0x08000592   0x000000de   Code   RO         7491    .text               mf_w.l(ddiv.o)
    0x08000670   0x08000670   0x00000022   Code   RO         7493    .text               mf_w.l(dflti.o)
    0x08000692   0x08000692   0x0000001a   Code   RO         7495    .text               mf_w.l(dfltui.o)
    0x080006ac   0x080006ac   0x0000003e   Code   RO         7497    .text               mf_w.l(dfixi.o)
    0x080006ea   0x080006ea   0x00000032   Code   RO         7499    .text               mf_w.l(dfixui.o)
    0x0800071c   0x0800071c   0x00000026   Code   RO         7501    .text               mf_w.l(f2d.o)
    0x08000742   0x08000742   0x00000002   PAD
    0x08000744   0x08000744   0x00000030   Code   RO         7503    .text               mf_w.l(cdcmple.o)
    0x08000774   0x08000774   0x00000030   Code   RO         7505    .text               mf_w.l(cdrcmple.o)
    0x080007a4   0x080007a4   0x00000038   Code   RO         7507    .text               mf_w.l(d2f.o)
    0x080007dc   0x080007dc   0x0000001e   Code   RO         7559    .text               mc_w.l(llshl.o)
    0x080007fa   0x080007fa   0x00000020   Code   RO         7561    .text               mc_w.l(llushr.o)
    0x0800081a   0x0800081a   0x00000024   Code   RO         7563    .text               mc_w.l(llsshr.o)
    0x0800083e   0x0800083e   0x00000000   Code   RO         7574    .text               mc_w.l(iusefp.o)
    0x0800083e   0x0800083e   0x0000006e   Code   RO         7575    .text               mf_w.l(fepilogue.o)
    0x080008ac   0x080008ac   0x000000ba   Code   RO         7577    .text               mf_w.l(depilogue.o)
    0x08000966   0x08000966   0x0000002e   Code   RO         7581    .text               mf_w.l(dscalb.o)
    0x08000994   0x08000994   0x000000a2   Code   RO         7583    .text               mf_w.l(dsqrt.o)
    0x08000a36   0x08000a36   0x00000002   PAD
    0x08000a38   0x08000a38   0x00000024   Code   RO         7587    .text               mc_w.l(init.o)
    0x08000a5c   0x08000a5c   0x00000056   Code   RO         7597    .text               mc_w.l(__dczerorl2.o)
    0x08000ab2   0x08000ab2   0x00000002   PAD
    0x08000ab4   0x08000ab4   0x00000128   Code   RO         2517    i.ADC_Init          stm32f4xx_hal_adc.o
    0x08000bdc   0x08000bdc   0x00000028   Code   RO         2431    i.Append_CRC16_Check_Sum  crc.o
    0x08000c04   0x08000c04   0x00000020   Code   RO         2432    i.Append_CRC8_Check_Sum  crc.o
    0x08000c24   0x08000c24   0x000000a8   Code   RO         1811    i.BNumberInit       chassis.o
    0x08000ccc   0x08000ccc   0x000002b0   Code   RO           13    i.BSP_All_Init      main.o
    0x08000f7c   0x08000f7c   0x00000084   Code   RO         2053    i.BT_SendDialWave   bluetooth.o
    0x08001000   0x08001000   0x00000024   Code   RO         1371    i.Beep              bsp_beep.o
    0x08001024   0x08001024   0x0000000c   Code   RO         1372    i.Beep_Off          bsp_beep.o
    0x08001030   0x08001030   0x00000002   Code   RO          777    i.BusFault_Handler  stm32f4xx_it.o
    0x08001032   0x08001032   0x00000002   PAD
    0x08001034   0x08001034   0x0000000c   Code   RO          778    i.CAN1_RX0_IRQHandler  stm32f4xx_it.o
    0x08001040   0x08001040   0x0000000c   Code   RO          779    i.CAN1_TX_IRQHandler  stm32f4xx_it.o
    0x0800104c   0x0800104c   0x0000000c   Code   RO          780    i.CAN2_RX0_IRQHandler  stm32f4xx_it.o
    0x08001058   0x08001058   0x00000080   Code   RO         1115    i.CAN_Chassis_SendCurrent  bsp_can.o
    0x080010d8   0x080010d8   0x0000007c   Code   RO         1116    i.CAN_FilterInit    bsp_can.o
    0x08001154   0x08001154   0x00000056   Code   RO         1118    i.CAN_SendMsg       bsp_can.o
    0x080011aa   0x080011aa   0x00000002   PAD
    0x080011ac   0x080011ac   0x00000094   Code   RO         1119    i.CAN_Shoot_SendCurrent  bsp_can.o
    0x08001240   0x08001240   0x00000030   Code   RO         1120    i.CAN_Superpower    bsp_can.o
    0x08001270   0x08001270   0x0000000c   Code   RO          781    i.DMA1_Stream1_IRQHandler  stm32f4xx_it.o
    0x0800127c   0x0800127c   0x0000000c   Code   RO          782    i.DMA1_Stream3_IRQHandler  stm32f4xx_it.o
    0x08001288   0x08001288   0x0000000c   Code   RO          783    i.DMA2_Stream1_IRQHandler  stm32f4xx_it.o
    0x08001294   0x08001294   0x0000000c   Code   RO          784    i.DMA2_Stream2_IRQHandler  stm32f4xx_it.o
    0x080012a0   0x080012a0   0x0000000c   Code   RO          785    i.DMA2_Stream6_IRQHandler  stm32f4xx_it.o
    0x080012ac   0x080012ac   0x00000028   Code   RO         3300    i.DMA_CalcBaseAndBitshift  stm32f4xx_hal_dma.o
    0x080012d4   0x080012d4   0x00000054   Code   RO         3301    i.DMA_CheckFifoParam  stm32f4xx_hal_dma.o
    0x08001328   0x08001328   0x00000028   Code   RO         3302    i.DMA_SetConfig     stm32f4xx_hal_dma.o
    0x08001350   0x08001350   0x00000002   Code   RO          786    i.DebugMon_Handler  stm32f4xx_it.o
    0x08001352   0x08001352   0x00000002   Code   RO           14    i.Error_Handler     main.o
    0x08001354   0x08001354   0x0000002c   Code   RO         2433    i.Get_CRC16_Check_Sum  crc.o
    0x08001380   0x08001380   0x00000020   Code   RO         2434    i.Get_CRC8_Check_Sum  crc.o
    0x080013a0   0x080013a0   0x00000210   Code   RO         1724    i.Gyro_mobile       pid.o
    0x080015b0   0x080015b0   0x00000164   Code   RO         2519    i.HAL_ADC_ConfigChannel  stm32f4xx_hal_adc.o
    0x08001714   0x08001714   0x00000054   Code   RO         2528    i.HAL_ADC_Init      stm32f4xx_hal_adc.o
    0x08001768   0x08001768   0x00000060   Code   RO          453    i.HAL_ADC_MspInit   adc.o
    0x080017c8   0x080017c8   0x00000024   Code   RO         4001    i.HAL_CAN_ActivateNotification  stm32f4xx_hal_can.o
    0x080017ec   0x080017ec   0x000000c8   Code   RO         4002    i.HAL_CAN_AddTxMessage  stm32f4xx_hal_can.o
    0x080018b4   0x080018b4   0x0000010c   Code   RO         4003    i.HAL_CAN_ConfigFilter  stm32f4xx_hal_can.o
    0x080019c0   0x080019c0   0x00000002   Code   RO         4006    i.HAL_CAN_ErrorCallback  stm32f4xx_hal_can.o
    0x080019c2   0x080019c2   0x000000e8   Code   RO         4009    i.HAL_CAN_GetRxMessage  stm32f4xx_hal_can.o
    0x08001aaa   0x08001aaa   0x0000002c   Code   RO         4011    i.HAL_CAN_GetTxMailboxesFreeLevel  stm32f4xx_hal_can.o
    0x08001ad6   0x08001ad6   0x000001fc   Code   RO         4013    i.HAL_CAN_IRQHandler  stm32f4xx_hal_can.o
    0x08001cd2   0x08001cd2   0x0000011a   Code   RO         4014    i.HAL_CAN_Init      stm32f4xx_hal_can.o
    0x08001dec   0x08001dec   0x0000010c   Code   RO          495    i.HAL_CAN_MspInit   can.o
    0x08001ef8   0x08001ef8   0x00000002   Code   RO         4021    i.HAL_CAN_RxFifo0FullCallback  stm32f4xx_hal_can.o
    0x08001efa   0x08001efa   0x00000002   PAD
    0x08001efc   0x08001efc   0x00000254   Code   RO         1121    i.HAL_CAN_RxFifo0MsgPendingCallback  bsp_can.o
    0x08002150   0x08002150   0x00000002   Code   RO         4023    i.HAL_CAN_RxFifo1FullCallback  stm32f4xx_hal_can.o
    0x08002152   0x08002152   0x00000002   Code   RO         4024    i.HAL_CAN_RxFifo1MsgPendingCallback  stm32f4xx_hal_can.o
    0x08002154   0x08002154   0x00000002   Code   RO         4025    i.HAL_CAN_SleepCallback  stm32f4xx_hal_can.o
    0x08002156   0x08002156   0x00000002   PAD
    0x08002158   0x08002158   0x00000058   Code   RO         4026    i.HAL_CAN_Start     stm32f4xx_hal_can.o
    0x080021b0   0x080021b0   0x00000002   Code   RO         4028    i.HAL_CAN_TxMailbox0AbortCallback  stm32f4xx_hal_can.o
    0x080021b2   0x080021b2   0x00000002   Code   RO         4029    i.HAL_CAN_TxMailbox0CompleteCallback  stm32f4xx_hal_can.o
    0x080021b4   0x080021b4   0x00000002   Code   RO         4030    i.HAL_CAN_TxMailbox1AbortCallback  stm32f4xx_hal_can.o
    0x080021b6   0x080021b6   0x00000002   Code   RO         4031    i.HAL_CAN_TxMailbox1CompleteCallback  stm32f4xx_hal_can.o
    0x080021b8   0x080021b8   0x00000002   Code   RO         4032    i.HAL_CAN_TxMailbox2AbortCallback  stm32f4xx_hal_can.o
    0x080021ba   0x080021ba   0x00000002   Code   RO         4033    i.HAL_CAN_TxMailbox2CompleteCallback  stm32f4xx_hal_can.o
    0x080021bc   0x080021bc   0x00000002   Code   RO         4035    i.HAL_CAN_WakeUpFromRxMsgCallback  stm32f4xx_hal_can.o
    0x080021be   0x080021be   0x00000024   Code   RO         3304    i.HAL_DMA_Abort_IT  stm32f4xx_hal_dma.o
    0x080021e2   0x080021e2   0x00000002   PAD
    0x080021e4   0x080021e4   0x000001a0   Code   RO         3308    i.HAL_DMA_IRQHandler  stm32f4xx_hal_dma.o
    0x08002384   0x08002384   0x000000d4   Code   RO         3309    i.HAL_DMA_Init      stm32f4xx_hal_dma.o
    0x08002458   0x08002458   0x00000046   Code   RO         3312    i.HAL_DMA_Start     stm32f4xx_hal_dma.o
    0x0800249e   0x0800249e   0x00000078   Code   RO         3313    i.HAL_DMA_Start_IT  stm32f4xx_hal_dma.o
    0x08002516   0x08002516   0x00000002   PAD
    0x08002518   0x08002518   0x00000024   Code   RO         3740    i.HAL_Delay         stm32f4xx_hal.o
    0x0800253c   0x0800253c   0x000001cc   Code   RO         3196    i.HAL_GPIO_Init     stm32f4xx_hal_gpio.o
    0x08002708   0x08002708   0x0000000e   Code   RO         3199    i.HAL_GPIO_TogglePin  stm32f4xx_hal_gpio.o
    0x08002716   0x08002716   0x0000000a   Code   RO         3200    i.HAL_GPIO_WritePin  stm32f4xx_hal_gpio.o
    0x08002720   0x08002720   0x0000000c   Code   RO         3748    i.HAL_GetTick       stm32f4xx_hal.o
    0x0800272c   0x0800272c   0x00000010   Code   RO         3754    i.HAL_IncTick       stm32f4xx_hal.o
    0x0800273c   0x0800273c   0x00000034   Code   RO         3755    i.HAL_Init          stm32f4xx_hal.o
    0x08002770   0x08002770   0x00000040   Code   RO         3756    i.HAL_InitTick      stm32f4xx_hal.o
    0x080027b0   0x080027b0   0x00000038   Code   RO          931    i.HAL_MspInit       stm32f4xx_hal_msp.o
    0x080027e8   0x080027e8   0x0000001a   Code   RO         3603    i.HAL_NVIC_EnableIRQ  stm32f4xx_hal_cortex.o
    0x08002802   0x08002802   0x00000002   PAD
    0x08002804   0x08002804   0x00000040   Code   RO         3609    i.HAL_NVIC_SetPriority  stm32f4xx_hal_cortex.o
    0x08002844   0x08002844   0x00000024   Code   RO         3610    i.HAL_NVIC_SetPriorityGrouping  stm32f4xx_hal_cortex.o
    0x08002868   0x08002868   0x00000130   Code   RO         2790    i.HAL_RCC_ClockConfig  stm32f4xx_hal_rcc.o
    0x08002998   0x08002998   0x00000020   Code   RO         2797    i.HAL_RCC_GetPCLK1Freq  stm32f4xx_hal_rcc.o
    0x080029b8   0x080029b8   0x00000020   Code   RO         2798    i.HAL_RCC_GetPCLK2Freq  stm32f4xx_hal_rcc.o
    0x080029d8   0x080029d8   0x00000064   Code   RO         2799    i.HAL_RCC_GetSysClockFreq  stm32f4xx_hal_rcc.o
    0x08002a3c   0x08002a3c   0x0000031c   Code   RO         2802    i.HAL_RCC_OscConfig  stm32f4xx_hal_rcc.o
    0x08002d58   0x08002d58   0x00000080   Code   RO         4245    i.HAL_SPI_Init      stm32f4xx_hal_spi.o
    0x08002dd8   0x08002dd8   0x000000cc   Code   RO          568    i.HAL_SPI_MspInit   spi.o
    0x08002ea4   0x08002ea4   0x0000015c   Code   RO         4253    i.HAL_SPI_Transmit  stm32f4xx_hal_spi.o
    0x08003000   0x08003000   0x000001e2   Code   RO         4254    i.HAL_SPI_TransmitReceive  stm32f4xx_hal_spi.o
    0x080031e2   0x080031e2   0x00000028   Code   RO         3614    i.HAL_SYSTICK_Config  stm32f4xx_hal_cortex.o
    0x0800320a   0x0800320a   0x00000002   Code   RO         5233    i.HAL_TIMEx_BreakCallback  stm32f4xx_hal_tim_ex.o
    0x0800320c   0x0800320c   0x00000002   Code   RO         5234    i.HAL_TIMEx_CommutCallback  stm32f4xx_hal_tim_ex.o
    0x0800320e   0x0800320e   0x00000054   Code   RO         5236    i.HAL_TIMEx_ConfigBreakDeadTime  stm32f4xx_hal_tim_ex.o
    0x08003262   0x08003262   0x00000042   Code   RO         5251    i.HAL_TIMEx_MasterConfigSynchronization  stm32f4xx_hal_tim_ex.o
    0x080032a4   0x080032a4   0x00000036   Code   RO         4558    i.HAL_TIM_Base_Init  stm32f4xx_hal_tim.o
    0x080032da   0x080032da   0x00000002   PAD
    0x080032dc   0x080032dc   0x0000009c   Code   RO          616    i.HAL_TIM_Base_MspInit  tim.o
    0x08003378   0x08003378   0x00000022   Code   RO         4563    i.HAL_TIM_Base_Start_IT  stm32f4xx_hal_tim.o
    0x0800339a   0x0800339a   0x0000002a   Code   RO         4566    i.HAL_TIM_Base_Stop_IT  stm32f4xx_hal_tim.o
    0x080033c4   0x080033c4   0x000000d6   Code   RO         4567    i.HAL_TIM_ConfigClockSource  stm32f4xx_hal_tim.o
    0x0800349a   0x0800349a   0x00000002   Code   RO         4587    i.HAL_TIM_IC_CaptureCallback  stm32f4xx_hal_tim.o
    0x0800349c   0x0800349c   0x00000166   Code   RO         4601    i.HAL_TIM_IRQHandler  stm32f4xx_hal_tim.o
    0x08003602   0x08003602   0x00000002   PAD
    0x08003604   0x08003604   0x000000e0   Code   RO          617    i.HAL_TIM_MspPostInit  tim.o
    0x080036e4   0x080036e4   0x00000002   Code   RO         4604    i.HAL_TIM_OC_DelayElapsedCallback  stm32f4xx_hal_tim.o
    0x080036e6   0x080036e6   0x000000d0   Code   RO         4625    i.HAL_TIM_PWM_ConfigChannel  stm32f4xx_hal_tim.o
    0x080037b6   0x080037b6   0x00000036   Code   RO         4628    i.HAL_TIM_PWM_Init  stm32f4xx_hal_tim.o
    0x080037ec   0x080037ec   0x00000074   Code   RO          619    i.HAL_TIM_PWM_MspInit  tim.o
    0x08003860   0x08003860   0x00000002   Code   RO         4631    i.HAL_TIM_PWM_PulseFinishedCallback  stm32f4xx_hal_tim.o
    0x08003862   0x08003862   0x00000002   PAD
    0x08003864   0x08003864   0x00000044   Code   RO         4633    i.HAL_TIM_PWM_Start  stm32f4xx_hal_tim.o
    0x080038a8   0x080038a8   0x0000005c   Code   RO         4636    i.HAL_TIM_PWM_Stop  stm32f4xx_hal_tim.o
    0x08003904   0x08003904   0x00000028   Code   RO         1029    i.HAL_TIM_PeriodElapsedCallback  bsp_tim.o
    0x0800392c   0x0800392c   0x00000002   Code   RO         4644    i.HAL_TIM_TriggerCallback  stm32f4xx_hal_tim.o
    0x0800392e   0x0800392e   0x0000004c   Code   RO         1059    i.HAL_UART_ErrorCallback  bsp_usart.o
    0x0800397a   0x0800397a   0x0000000a   Code   RO         5507    i.HAL_UART_GetState  stm32f4xx_hal_uart.o
    0x08003984   0x08003984   0x00000110   Code   RO         5508    i.HAL_UART_IRQHandler  stm32f4xx_hal_uart.o
    0x08003a94   0x08003a94   0x00000062   Code   RO         5509    i.HAL_UART_Init     stm32f4xx_hal_uart.o
    0x08003af6   0x08003af6   0x00000002   PAD
    0x08003af8   0x08003af8   0x00000318   Code   RO          712    i.HAL_UART_MspInit  usart.o
    0x08003e10   0x08003e10   0x00000098   Code   RO         5513    i.HAL_UART_Receive_DMA  stm32f4xx_hal_uart.o
    0x08003ea8   0x08003ea8   0x00000052   Code   RO         5514    i.HAL_UART_Receive_IT  stm32f4xx_hal_uart.o
    0x08003efa   0x08003efa   0x00000002   PAD
    0x08003efc   0x08003efc   0x0000002c   Code   RO         1060    i.HAL_UART_RxCpltCallback  bsp_usart.o
    0x08003f28   0x08003f28   0x00000002   Code   RO         5516    i.HAL_UART_RxHalfCpltCallback  stm32f4xx_hal_uart.o
    0x08003f2a   0x08003f2a   0x000000ba   Code   RO         5517    i.HAL_UART_Transmit  stm32f4xx_hal_uart.o
    0x08003fe4   0x08003fe4   0x00000080   Code   RO         5518    i.HAL_UART_Transmit_DMA  stm32f4xx_hal_uart.o
    0x08004064   0x08004064   0x00000002   Code   RO         5520    i.HAL_UART_TxCpltCallback  stm32f4xx_hal_uart.o
    0x08004066   0x08004066   0x00000002   Code   RO         5521    i.HAL_UART_TxHalfCpltCallback  stm32f4xx_hal_uart.o
    0x08004068   0x08004068   0x00000002   Code   RO          787    i.HardFault_Handler  stm32f4xx_it.o
    0x0800406a   0x0800406a   0x00000018   Code   RO         1229    i.IMU_Get           bsp_imu.o
    0x08004082   0x08004082   0x00000002   PAD
    0x08004084   0x08004084   0x0000002c   Code   RO         2255    i.InitJudgeUart     judgetask.o
    0x080040b0   0x080040b0   0x00000030   Code   RO         1904    i.Judge_wheel_of    shoot.o
    0x080040e0   0x080040e0   0x00000010   Code   RO         1609    i.LASER_On          bsp_pwr.o
    0x080040f0   0x080040f0   0x00000010   Code   RO         1550    i.LED_G_Toggle      bsp_led.o
    0x08004100   0x08004100   0x00000010   Code   RO         1554    i.LED_R_Toggle      bsp_led.o
    0x08004110   0x08004110   0x00000074   Code   RO         1937    i.M2006_Total_Angle  rc_control.o
    0x08004184   0x08004184   0x0000016c   Code   RO         1726    i.M3508_follow      pid.o
    0x080042f0   0x080042f0   0x00000064   Code   RO          454    i.MX_ADC1_Init      adc.o
    0x08004354   0x08004354   0x00000048   Code   RO          496    i.MX_CAN1_Init      can.o
    0x0800439c   0x0800439c   0x00000044   Code   RO          497    i.MX_CAN2_Init      can.o
    0x080043e0   0x080043e0   0x0000007c   Code   RO          543    i.MX_DMA_Init       dma.o
    0x0800445c   0x0800445c   0x00000054   Code   RO          358    i.MX_FREERTOS_Init  freertos.o
    0x080044b0   0x080044b0   0x00000144   Code   RO          331    i.MX_GPIO_Init      gpio.o
    0x080045f4   0x080045f4   0x00000048   Code   RO          569    i.MX_SPI1_Init      spi.o
    0x0800463c   0x0800463c   0x00000044   Code   RO          570    i.MX_SPI5_Init      spi.o
    0x08004680   0x08004680   0x00000034   Code   RO          620    i.MX_TIM11_Init     tim.o
    0x080046b4   0x080046b4   0x0000005c   Code   RO          621    i.MX_TIM12_Init     tim.o
    0x08004710   0x08004710   0x000000d4   Code   RO          622    i.MX_TIM1_Init      tim.o
    0x080047e4   0x080047e4   0x00000070   Code   RO          623    i.MX_TIM3_Init      tim.o
    0x08004854   0x08004854   0x00000064   Code   RO          624    i.MX_TIM4_Init      tim.o
    0x080048b8   0x080048b8   0x000000ac   Code   RO          625    i.MX_TIM5_Init      tim.o
    0x08004964   0x08004964   0x00000048   Code   RO          626    i.MX_TIM6_Init      tim.o
    0x080049ac   0x080049ac   0x00000038   Code   RO          713    i.MX_UART7_Init     usart.o
    0x080049e4   0x080049e4   0x00000038   Code   RO          714    i.MX_UART8_Init     usart.o
    0x08004a1c   0x08004a1c   0x00000040   Code   RO          715    i.MX_USART1_UART_Init  usart.o
    0x08004a5c   0x08004a5c   0x00000038   Code   RO          716    i.MX_USART2_UART_Init  usart.o
    0x08004a94   0x08004a94   0x00000038   Code   RO          717    i.MX_USART6_UART_Init  usart.o
    0x08004acc   0x08004acc   0x00000002   Code   RO          788    i.MemManage_Handler  stm32f4xx_it.o
    0x08004ace   0x08004ace   0x00000002   Code   RO          789    i.NMI_Handler       stm32f4xx_it.o
    0x08004ad0   0x08004ad0   0x00000040   Code   RO         1411    i.OLED_Clear        bsp_oled.o
    0x08004b10   0x08004b10   0x00000124   Code   RO         1416    i.OLED_Init         bsp_oled.o
    0x08004c34   0x08004c34   0x0000002c   Code   RO         1424    i.OLED_WriteByte    bsp_oled.o
    0x08004c60   0x08004c60   0x00000600   Code   RO         1728    i.PID_Calculate     pid.o
    0x08005260   0x08005260   0x00000018   Code   RO         1729    i.PID_Init          pid.o
    0x08005278   0x08005278   0x0000001c   Code   RO         1202    i.PWM_init          bsp_pwm.o
    0x08005294   0x08005294   0x00000034   Code   RO         1611    i.PWR24V_On         bsp_pwr.o
    0x080052c8   0x080052c8   0x00000838   Code   RO         1940    i.RC_PC             rc_control.o
    0x08005b00   0x08005b00   0x0000010c   Code   RO         2259    i.Referee_Transmit_character_AiMBot  judgetask.o
    0x08005c0c   0x08005c0c   0x00000100   Code   RO         2260    i.Referee_Transmit_character_bin_cover  judgetask.o
    0x08005d0c   0x08005d0c   0x0000010c   Code   RO         2261    i.Referee_Transmit_character_present  judgetask.o
    0x08005e18   0x08005e18   0x0000010c   Code   RO         2262    i.Referee_Transmit_character_rate  judgetask.o
    0x08005f24   0x08005f24   0x00000108   Code   RO         2263    i.Referee_Transmit_character_top  judgetask.o
    0x0800602c   0x0800602c   0x00000100   Code   RO         2264    i.Referee_Transmit_character_wheel  judgetask.o
    0x0800612c   0x0800612c   0x00000440   Code   RO         2265    i.Referee_Transmit_graphic  judgetask.o
    0x0800656c   0x0800656c   0x00000150   Code   RO         2266    i.Referee_Transmit_graphic_2  judgetask.o
    0x080066bc   0x080066bc   0x0000019c   Code   RO         2267    i.Referee_Transmit_graphic_Init  judgetask.o
    0x08006858   0x08006858   0x0000001c   Code   RO         2269    i.Referee_Update_BuffMask  judgetask.o
    0x08006874   0x08006874   0x000000a4   Code   RO         2270    i.Referee_Update_PowerHeatData  judgetask.o
    0x08006918   0x08006918   0x000001c8   Code   RO         2271    i.Referee_Update_RobotState  judgetask.o
    0x08006ae0   0x08006ae0   0x00000038   Code   RO         2272    i.Referee_Update_ShootData  judgetask.o
    0x08006b18   0x08006b18   0x0000001c   Code   RO         2273    i.Referee_Update_hurt  judgetask.o
    0x08006b34   0x08006b34   0x00000058   Code   RO         4283    i.SPI_EndRxTxTransaction  stm32f4xx_hal_spi.o
    0x08006b8c   0x08006b8c   0x00000094   Code   RO         4288    i.SPI_WaitFlagStateUntilTimeout  stm32f4xx_hal_spi.o
    0x08006c20   0x08006c20   0x00000068   Code   RO          359    i.StartControl      freertos.o
    0x08006c88   0x08006c88   0x00000324   Code   RO          360    i.StartDebug        freertos.o
    0x08006fac   0x08006fac   0x0000016c   Code   RO          361    i.StartDefaultTask  freertos.o
    0x08007118   0x08007118   0x00000018   Code   RO          790    i.SysTick_Handler   stm32f4xx_it.o
    0x08007130   0x08007130   0x00000088   Code   RO           15    i.SystemClock_Config  main.o
    0x080071b8   0x080071b8   0x00000054   Code   RO          956    i.SystemInit        system_stm32f4xx.o
    0x0800720c   0x0800720c   0x0000001c   Code   RO          791    i.TIM1_TRG_COM_TIM11_IRQHandler  stm32f4xx_it.o
    0x08007228   0x08007228   0x0000000c   Code   RO          792    i.TIM6_DAC_IRQHandler  stm32f4xx_it.o
    0x08007234   0x08007234   0x000000c8   Code   RO         4646    i.TIM_Base_SetConfig  stm32f4xx_hal_tim.o
    0x080072fc   0x080072fc   0x0000001a   Code   RO         4647    i.TIM_CCxChannelCmd  stm32f4xx_hal_tim.o
    0x08007316   0x08007316   0x00000014   Code   RO         4657    i.TIM_ETR_SetConfig  stm32f4xx_hal_tim.o
    0x0800732a   0x0800732a   0x00000010   Code   RO         4658    i.TIM_ITRx_SetConfig  stm32f4xx_hal_tim.o
    0x0800733a   0x0800733a   0x00000002   PAD
    0x0800733c   0x0800733c   0x00000060   Code   RO         4659    i.TIM_OC1_SetConfig  stm32f4xx_hal_tim.o
    0x0800739c   0x0800739c   0x0000006c   Code   RO         4660    i.TIM_OC2_SetConfig  stm32f4xx_hal_tim.o
    0x08007408   0x08007408   0x00000068   Code   RO         4661    i.TIM_OC3_SetConfig  stm32f4xx_hal_tim.o
    0x08007470   0x08007470   0x00000050   Code   RO         4662    i.TIM_OC4_SetConfig  stm32f4xx_hal_tim.o
    0x080074c0   0x080074c0   0x00000022   Code   RO         4664    i.TIM_TI1_ConfigInputStage  stm32f4xx_hal_tim.o
    0x080074e2   0x080074e2   0x00000024   Code   RO         4666    i.TIM_TI2_ConfigInputStage  stm32f4xx_hal_tim.o
    0x08007506   0x08007506   0x00000002   PAD
    0x08007508   0x08007508   0x0000000c   Code   RO          793    i.UART7_IRQHandler  stm32f4xx_it.o
    0x08007514   0x08007514   0x0000000c   Code   RO          794    i.UART8_IRQHandler  stm32f4xx_it.o
    0x08007520   0x08007520   0x00000010   Code   RO         5522    i.UART_DMAAbortOnError  stm32f4xx_hal_uart.o
    0x08007530   0x08007530   0x0000004a   Code   RO         5523    i.UART_DMAError     stm32f4xx_hal_uart.o
    0x0800757a   0x0800757a   0x0000003c   Code   RO         5524    i.UART_DMAReceiveCplt  stm32f4xx_hal_uart.o
    0x080075b6   0x080075b6   0x0000000a   Code   RO         5526    i.UART_DMARxHalfCplt  stm32f4xx_hal_uart.o
    0x080075c0   0x080075c0   0x0000002e   Code   RO         5528    i.UART_DMATransmitCplt  stm32f4xx_hal_uart.o
    0x080075ee   0x080075ee   0x0000000a   Code   RO         5530    i.UART_DMATxHalfCplt  stm32f4xx_hal_uart.o
    0x080075f8   0x080075f8   0x0000001c   Code   RO         5532    i.UART_EndRxTransfer  stm32f4xx_hal_uart.o
    0x08007614   0x08007614   0x00000012   Code   RO         5533    i.UART_EndTxTransfer  stm32f4xx_hal_uart.o
    0x08007626   0x08007626   0x00000020   Code   RO         1061    i.UART_PutBuff      bsp_usart.o
    0x08007646   0x08007646   0x00000096   Code   RO         5534    i.UART_Receive_IT   stm32f4xx_hal_uart.o
    0x080076dc   0x080076dc   0x000002ac   Code   RO         5535    i.UART_SetConfig    stm32f4xx_hal_uart.o
    0x08007988   0x08007988   0x00000062   Code   RO         5536    i.UART_Transmit_IT  stm32f4xx_hal_uart.o
    0x080079ea   0x080079ea   0x00000064   Code   RO         5537    i.UART_WaitOnFlagUntilTimeout  stm32f4xx_hal_uart.o
    0x08007a4e   0x08007a4e   0x00000002   PAD
    0x08007a50   0x08007a50   0x00000018   Code   RO          795    i.USART1_IRQHandler  stm32f4xx_it.o
    0x08007a68   0x08007a68   0x0000002c   Code   RO          796    i.USART2_IRQHandler  stm32f4xx_it.o
    0x08007a94   0x08007a94   0x0000000c   Code   RO          797    i.USART6_IRQHandler  stm32f4xx_it.o
    0x08007aa0   0x08007aa0   0x00000002   Code   RO          798    i.UsageFault_Handler  stm32f4xx_it.o
    0x08007aa2   0x08007aa2   0x00000002   PAD
    0x08007aa4   0x08007aa4   0x0000003c   Code   RO         1062    i.VCAN_SendWare     bsp_usart.o
    0x08007ae0   0x08007ae0   0x0000003c   Code   RO         2435    i.Verify_CRC16_Check_Sum  crc.o
    0x08007b1c   0x08007b1c   0x0000002a   Code   RO         2436    i.Verify_CRC8_Check_Sum  crc.o
    0x08007b46   0x08007b46   0x00000002   PAD
    0x08007b48   0x08007b48   0x0000012c   Code   RO         1860    i.VisionUartRxCpltCallback  gimbal.o
    0x08007c74   0x08007c74   0x00000030   Code   RO         7526    i.__ARM_fpclassify  m_wm.l(fpclassify.o)
    0x08007ca4   0x08007ca4   0x00000020   Code   RO         3616    i.__NVIC_SetPriority  stm32f4xx_hal_cortex.o
    0x08007cc4   0x08007cc4   0x00000004   PAD
    0x08007cc8   0x08007cc8   0x00000358   Code   RO         7074    i.__hardfp_acos     m_wm.l(acos.o)
    0x08008020   0x08008020   0x00000360   Code   RO         7088    i.__hardfp_asin     m_wm.l(asin.o)
    0x08008380   0x08008380   0x000002d8   Code   RO         7102    i.__hardfp_atan     m_wm.l(atan.o)
    0x08008658   0x08008658   0x000001f0   Code   RO         7116    i.__hardfp_atan2    m_wm.l(atan2.o)
    0x08008848   0x08008848   0x000000c8   Code   RO         7128    i.__hardfp_cos      m_wm.l(cos.o)
    0x08008910   0x08008910   0x00000014   Code   RO         7140    i.__hardfp_fabs     m_wm.l(fabs.o)
    0x08008924   0x08008924   0x00000004   PAD
    0x08008928   0x08008928   0x00000c50   Code   RO         7146    i.__hardfp_pow      m_wm.l(pow.o)
    0x08009578   0x08009578   0x000000c8   Code   RO         7160    i.__hardfp_sin      m_wm.l(sin.o)
    0x08009640   0x08009640   0x0000007a   Code   RO         7172    i.__hardfp_sqrt     m_wm.l(sqrt.o)
    0x080096ba   0x080096ba   0x00000006   PAD
    0x080096c0   0x080096c0   0x00000438   Code   RO         7531    i.__ieee754_rem_pio2  m_wm.l(rred.o)
    0x08009af8   0x08009af8   0x00000170   Code   RO         7509    i.__kernel_cos      m_wm.l(cos_i.o)
    0x08009c68   0x08009c68   0x000000f8   Code   RO         7528    i.__kernel_poly     m_wm.l(poly.o)
    0x08009d60   0x08009d60   0x00000130   Code   RO         7536    i.__kernel_sin      m_wm.l(sin_i.o)
    0x08009e90   0x08009e90   0x00000030   Code   RO         7512    i.__mathlib_dbl_divzero  m_wm.l(dunder.o)
    0x08009ec0   0x08009ec0   0x00000014   Code   RO         7513    i.__mathlib_dbl_infnan  m_wm.l(dunder.o)
    0x08009ed4   0x08009ed4   0x00000014   Code   RO         7514    i.__mathlib_dbl_infnan2  m_wm.l(dunder.o)
    0x08009ee8   0x08009ee8   0x00000020   Code   RO         7515    i.__mathlib_dbl_invalid  m_wm.l(dunder.o)
    0x08009f08   0x08009f08   0x00000020   Code   RO         7516    i.__mathlib_dbl_overflow  m_wm.l(dunder.o)
    0x08009f28   0x08009f28   0x00000020   Code   RO         7518    i.__mathlib_dbl_underflow  m_wm.l(dunder.o)
    0x08009f48   0x08009f48   0x0000000e   Code   RO         7591    i.__scatterload_copy  mc_w.l(handlers.o)
    0x08009f56   0x08009f56   0x00000002   Code   RO         7592    i.__scatterload_null  mc_w.l(handlers.o)
    0x08009f58   0x08009f58   0x0000000e   Code   RO         7593    i.__scatterload_zeroinit  mc_w.l(handlers.o)
    0x08009f66   0x08009f66   0x00000002   PAD
    0x08009f68   0x08009f68   0x0000000c   Code   RO         7569    i.__set_errno       mc_w.l(errno.o)
    0x08009f74   0x08009f74   0x0000002a   Code   RO         1731    i.abs_limit         pid.o
    0x08009f9e   0x08009f9e   0x00000002   PAD
    0x08009fa0   0x08009fa0   0x0000001c   Code   RO         1945    i.angle_init        rc_control.o
    0x08009fbc   0x08009fbc   0x00000060   Code   RO         1946    i.angle_sum         rc_control.o
    0x0800a01c   0x0800a01c   0x00000010   Code   RO         7104    i.atan              m_wm.l(atan.o)
    0x0800a02c   0x0800a02c   0x00000048   Code   RO         1653    i.dbus_uart_init    bsp_rc.o
    0x0800a074   0x0800a074   0x00000018   Code   RO         7142    i.fabs              m_wm.l(fabs.o)
    0x0800a08c   0x0800a08c   0x00000050   Code   RO         7459    i.free              mc_w.l(malloc.o)
    0x0800a0dc   0x0800a0dc   0x00000076   Code   RO         1124    i.get_total_angle_6020  bsp_can.o
    0x0800a152   0x0800a152   0x00000002   PAD
    0x0800a154   0x0800a154   0x0000047a   Code   RO         1230    i.imu_ahrs_update   bsp_imu.o
    0x0800a5ce   0x0800a5ce   0x00000002   PAD
    0x0800a5d0   0x0800a5d0   0x00000174   Code   RO         1231    i.imu_attitude_update  bsp_imu.o
    0x0800a744   0x0800a744   0x000001cc   Code   RO         1232    i.init_quaternion   bsp_imu.o
    0x0800a910   0x0800a910   0x0000002c   Code   RO         1233    i.inv_sqrt          bsp_imu.o
    0x0800a93c   0x0800a93c   0x0000000a   Code   RO         1234    i.ist8310_get_data  bsp_imu.o
    0x0800a946   0x0800a946   0x00000100   Code   RO         1235    i.ist8310_init      bsp_imu.o
    0x0800aa46   0x0800aa46   0x00000038   Code   RO         1236    i.ist_reg_read_by_mpu  bsp_imu.o
    0x0800aa7e   0x0800aa7e   0x00000042   Code   RO         1237    i.ist_reg_write_by_mpu  bsp_imu.o
    0x0800aac0   0x0800aac0   0x0000004c   Code   RO         2276    i.itoa              judgetask.o
    0x0800ab0c   0x0800ab0c   0x000000f8   Code   RO         2277    i.judgeUartRxCpltCallback  judgetask.o
    0x0800ac04   0x0800ac04   0x0000001e   Code   RO         1812    i.limit             chassis.o
    0x0800ac22   0x0800ac22   0x00000066   Code   RO           16    i.main              main.o
    0x0800ac88   0x0800ac88   0x0000000c   Code   RO         6569    i.makeFreeRtosPriority  cmsis_os.o
    0x0800ac94   0x0800ac94   0x0000006c   Code   RO         7460    i.malloc            mc_w.l(malloc.o)
    0x0800ad00   0x0800ad00   0x00000028   Code   RO         1813    i.map               chassis.o
    0x0800ad28   0x0800ad28   0x00000064   Code   RO         1238    i.mpu_device_init   bsp_imu.o
    0x0800ad8c   0x0800ad8c   0x00000100   Code   RO         1239    i.mpu_get_data      bsp_imu.o
    0x0800ae8c   0x0800ae8c   0x0000008e   Code   RO         1240    i.mpu_master_i2c_auto_read_config  bsp_imu.o
    0x0800af1a   0x0800af1a   0x00000002   PAD
    0x0800af1c   0x0800af1c   0x000000a4   Code   RO         1241    i.mpu_offset_call   bsp_imu.o
    0x0800afc0   0x0800afc0   0x00000050   Code   RO         1242    i.mpu_read_byte     bsp_imu.o
    0x0800b010   0x0800b010   0x0000005c   Code   RO         1243    i.mpu_read_bytes    bsp_imu.o
    0x0800b06c   0x0800b06c   0x0000000a   Code   RO         1244    i.mpu_set_accel_fsr  bsp_imu.o
    0x0800b076   0x0800b076   0x0000000a   Code   RO         1245    i.mpu_set_gyro_fsr  bsp_imu.o
    0x0800b080   0x0800b080   0x00000054   Code   RO         1246    i.mpu_write_byte    bsp_imu.o
    0x0800b0d4   0x0800b0d4   0x00000028   Code   RO         1426    i.oled_set_pos      bsp_oled.o
    0x0800b0fc   0x0800b0fc   0x0000000e   Code   RO         6571    i.osDelay           cmsis_os.o
    0x0800b10a   0x0800b10a   0x0000000a   Code   RO         6574    i.osKernelStart     cmsis_os.o
    0x0800b114   0x0800b114   0x00000054   Code   RO         6608    i.osThreadCreate    cmsis_os.o
    0x0800b168   0x0800b168   0x00000070   Code   RO         6266    i.prvAddCurrentTaskToDelayedList  tasks.o
    0x0800b1d8   0x0800b1d8   0x000000d0   Code   RO         6267    i.prvAddNewTaskToReadyList  tasks.o
    0x0800b2a8   0x0800b2a8   0x00000034   Code   RO         6268    i.prvDeleteTCB      tasks.o
    0x0800b2dc   0x0800b2dc   0x0000004c   Code   RO         6936    i.prvHeapInit       heap_4.o
    0x0800b328   0x0800b328   0x00000060   Code   RO         6269    i.prvIdleTask       tasks.o
    0x0800b388   0x0800b388   0x0000008e   Code   RO         6270    i.prvInitialiseNewTask  tasks.o
    0x0800b416   0x0800b416   0x00000002   PAD
    0x0800b418   0x0800b418   0x0000004c   Code   RO         6937    i.prvInsertBlockIntoFreeList  heap_4.o
    0x0800b464   0x0800b464   0x00000020   Code   RO         6271    i.prvResetNextTaskUnblockTime  tasks.o
    0x0800b484   0x0800b484   0x00000028   Code   RO         6998    i.prvTaskExitError  port.o
    0x0800b4ac   0x0800b4ac   0x000000d8   Code   RO         6938    i.pvPortMalloc      heap_4.o
    0x0800b584   0x0800b584   0x0000002c   Code   RO         6999    i.pxPortInitialiseStack  port.o
    0x0800b5b0   0x0800b5b0   0x00000132   Code   RO         1655    i.rc_callback_handler  bsp_rc.o
    0x0800b6e2   0x0800b6e2   0x0000006e   Code   RO         7174    i.sqrt              m_wm.l(sqrt.o)
    0x0800b750   0x0800b750   0x00000068   Code   RO         1656    i.uart_receive_handler  bsp_rc.o
    0x0800b7b8   0x0800b7b8   0x00000026   Code   RO         5911    i.uxListRemove      list.o
    0x0800b7de   0x0800b7de   0x00000002   PAD
    0x0800b7e0   0x0800b7e0   0x00000014   Code   RO          362    i.vApplicationGetIdleTaskMemory  freertos.o
    0x0800b7f4   0x0800b7f4   0x00000016   Code   RO         5912    i.vListInitialise   list.o
    0x0800b80a   0x0800b80a   0x00000006   Code   RO         5913    i.vListInitialiseItem  list.o
    0x0800b810   0x0800b810   0x00000030   Code   RO         5914    i.vListInsert       list.o
    0x0800b840   0x0800b840   0x00000018   Code   RO         5915    i.vListInsertEnd    list.o
    0x0800b858   0x0800b858   0x00000040   Code   RO         7001    i.vPortEnterCritical  port.o
    0x0800b898   0x0800b898   0x00000028   Code   RO         7002    i.vPortExitCritical  port.o
    0x0800b8c0   0x0800b8c0   0x0000005c   Code   RO         6939    i.vPortFree         heap_4.o
    0x0800b91c   0x0800b91c   0x00000024   Code   RO         7003    i.vPortSetupTimerInterrupt  port.o
    0x0800b940   0x0800b940   0x0000004c   Code   RO         6279    i.vTaskDelay        tasks.o
    0x0800b98c   0x0800b98c   0x0000006c   Code   RO         6292    i.vTaskStartScheduler  tasks.o
    0x0800b9f8   0x0800b9f8   0x00000010   Code   RO         6294    i.vTaskSuspendAll   tasks.o
    0x0800ba08   0x0800ba08   0x0000005c   Code   RO         6295    i.vTaskSwitchContext  tasks.o
    0x0800ba64   0x0800ba64   0x00000134   Code   RO         1814    i.velocity          chassis.o
    0x0800bb98   0x0800bb98   0x000000f4   Code   RO         7005    i.xPortStartScheduler  port.o
    0x0800bc8c   0x0800bc8c   0x0000002c   Code   RO         7006    i.xPortSysTickHandler  port.o
    0x0800bcb8   0x0800bcb8   0x0000005a   Code   RO         6297    i.xTaskCreate       tasks.o
    0x0800bd12   0x0800bd12   0x00000056   Code   RO         6298    i.xTaskCreateStatic  tasks.o
    0x0800bd68   0x0800bd68   0x0000001c   Code   RO         6302    i.xTaskGetSchedulerState  tasks.o
    0x0800bd84   0x0800bd84   0x000000c8   Code   RO         6305    i.xTaskIncrementTick  tasks.o
    0x0800be4c   0x0800be4c   0x000000c4   Code   RO         6311    i.xTaskResumeAll    tasks.o
    0x0800bf10   0x0800bf10   0x00000054   Data   RO          364    .constdata          freertos.o
    0x0800bf64   0x0800bf64   0x00000010   Data   RO          957    .constdata          system_stm32f4xx.o
    0x0800bf74   0x0800bf74   0x00000008   Data   RO          958    .constdata          system_stm32f4xx.o
    0x0800bf7c   0x0800bf7c   0x00000014   Data   RO         1248    .constdata          bsp_imu.o
    0x0800bf90   0x0800bf90   0x00000300   Data   RO         2438    .constdata          crc.o
    0x0800c290   0x0800c290   0x00000008   Data   RO         3315    .constdata          stm32f4xx_hal_dma.o
    0x0800c298   0x0800c298   0x00000050   Data   RO         7077    .constdata          m_wm.l(acos.o)
    0x0800c2e8   0x0800c2e8   0x00000050   Data   RO         7091    .constdata          m_wm.l(asin.o)
    0x0800c338   0x0800c338   0x00000098   Data   RO         7105    .constdata          m_wm.l(atan.o)
    0x0800c3d0   0x0800c3d0   0x00000088   Data   RO         7149    .constdata          m_wm.l(pow.o)
    0x0800c458   0x0800c458   0x00000030   Data   RO         7510    .constdata          m_wm.l(cos_i.o)
    0x0800c488   0x0800c488   0x00000008   Data   RO         7530    .constdata          m_wm.l(qnan.o)
    0x0800c490   0x0800c490   0x000000c8   Data   RO         7533    .constdata          m_wm.l(rred.o)
    0x0800c558   0x0800c558   0x00000028   Data   RO         7537    .constdata          m_wm.l(sin_i.o)
    0x0800c580   0x0800c580   0x0000001c   Data   RO          365    .conststring        freertos.o
    0x0800c59c   0x0800c59c   0x00000020   Data   RO         7589    Region$$Table       anon$$obj.o


    Execution Region RW_IRAM2 (Exec base: 0x10000000, Load base: 0x0800c5fc, Size: 0x00000000, Max: 0x00010000, ABSOLUTE)

    **** No section assigned to this execution region ****


    Execution Region RW_IRAM1 (Exec base: 0x20000000, Load base: 0x0800c5bc, Size: 0x000064f0, Max: 0x00030000, ABSOLUTE, COMPRESSED[0x00000040])

    Exec Addr    Load Addr    Size         Type   Attr      Idx    E Section Name        Object

    0x20000000   COMPRESSED   0x00000028   Data   RW          366    .data               freertos.o
    0x20000028   COMPRESSED   0x00000004   Data   RW          499    .data               can.o
    0x2000002c   COMPRESSED   0x00000004   Data   RW          959    .data               system_stm32f4xx.o
    0x20000030   COMPRESSED   0x00000002   Data   RW         1030    .data               bsp_tim.o
    0x20000032   COMPRESSED   0x00000001   Data   RW         1066    .data               bsp_usart.o
    0x20000033   COMPRESSED   0x00000001   PAD
    0x20000034   COMPRESSED   0x00000004   Data   RW         1126    .data               bsp_can.o
    0x20000038   COMPRESSED   0x00000060   Data   RW         1249    .data               bsp_imu.o
    0x20000098   COMPRESSED   0x00000010   Data   RW         1737    .data               pid.o
    0x200000a8   COMPRESSED   0x00000004   Data   RW         1864    .data               gimbal.o
    0x200000ac   COMPRESSED   0x00000004   Data   RW         1865    .data               gimbal.o
    0x200000b0   COMPRESSED   0x00000003   Data   RW         1867    .data               gimbal.o
    0x200000b3   COMPRESSED   0x00000001   PAD
    0x200000b4   COMPRESSED   0x00000004   Data   RW         1868    .data               gimbal.o
    0x200000b8   COMPRESSED   0x00000004   Data   RW         1869    .data               gimbal.o
    0x200000bc   COMPRESSED   0x00000004   PAD
    0x200000c0   COMPRESSED   0x00000048   Data   RW         1950    .data               rc_control.o
    0x20000108   COMPRESSED   0x0000002e   Data   RW         2281    .data               judgetask.o
    0x20000136   COMPRESSED   0x00000002   Data   RW         2439    .data               crc.o
    0x20000138   COMPRESSED   0x0000000c   Data   RW         3762    .data               stm32f4xx_hal.o
    0x20000144   COMPRESSED   0x0000003c   Data   RW         6314    .data               tasks.o
    0x20000180   COMPRESSED   0x00000018   Data   RW         6944    .data               heap_4.o
    0x20000198   COMPRESSED   0x0000000c   Data   RW         7007    .data               port.o
    0x200001a4   COMPRESSED   0x00000004   Data   RW         7565    .data               mc_w.l(mvars.o)
    0x200001a8   COMPRESSED   0x00000004   Data   RW         7566    .data               mc_w.l(mvars.o)
    0x200001ac   COMPRESSED   0x00000004   Data   RW         7570    .data               mc_w.l(errno.o)
    0x200001b0        -       0x00000254   Zero   RW          363    .bss                freertos.o
    0x20000404        -       0x00000048   Zero   RW          455    .bss                adc.o
    0x2000044c        -       0x00000050   Zero   RW          498    .bss                can.o
    0x2000049c        -       0x000000b0   Zero   RW          571    .bss                spi.o
    0x2000054c        -       0x000001c0   Zero   RW          627    .bss                tim.o
    0x2000070c        -       0x00000320   Zero   RW          718    .bss                usart.o
    0x20000a2c        -       0x00000134   Zero   RW         1125    .bss                bsp_can.o
    0x20000b60        -       0x00000076   Zero   RW         1247    .bss                bsp_imu.o
    0x20000bd6        -       0x00000400   Zero   RW         1427    .bss                bsp_oled.o
    0x20000fd6        -       0x00000036   Zero   RW         1657    .bss                bsp_rc.o
    0x2000100c        -       0x0000089c   Zero   RW         1732    .bss                pid.o
    0x200018a8        -       0x000000e8   Zero   RW         1733    .bss                pid.o
    0x20001990        -       0x0000015c   Zero   RW         1734    .bss                pid.o
    0x20001aec        -       0x00000074   Zero   RW         1736    .bss                pid.o
    0x20001b60        -       0x00000064   Zero   RW         1815    .bss                chassis.o
    0x20001bc4        -       0x0000002c   Zero   RW         1861    .bss                gimbal.o
    0x20001bf0        -       0x00000202   Zero   RW         2278    .bss                judgetask.o
    0x20001df2        -       0x00000009   Zero   RW         2279    .bss                judgetask.o
    0x20001dfb   COMPRESSED   0x00000001   PAD
    0x20001dfc        -       0x000000f0   Zero   RW         6313    .bss                tasks.o
    0x20001eec        -       0x00003c00   Zero   RW         6943    .bss                heap_4.o
    0x20005aec   COMPRESSED   0x00000004   PAD
    0x20005af0        -       0x00000600   Zero   RW            2    HEAP                startup_stm32f427xx.o
    0x200060f0        -       0x00000400   Zero   RW            1    STACK               startup_stm32f427xx.o


==============================================================================

Image component sizes


      Code (inc. data)   RO Data    RW Data    ZI Data      Debug   Object Name

       196         24          0          0         72       1889   adc.o
       132         20          0          0          0        658   bluetooth.o
        48         10          0          0          0       1090   bsp_beep.o
      1248         68          0          4        308       7849   bsp_can.o
      3372        228         20         96        118      15370   bsp_imu.o
        32         12          0          0          0       1014   bsp_led.o
       440         18          0          0       1024       4929   bsp_oled.o
        28          6          0          0          0        535   bsp_pwm.o
        68         10          0          0          0       1055   bsp_pwr.o
       482         20          0          0         54       3911   bsp_rc.o
        40          8          0          2          0       1196   bsp_tim.o
       212         18          0          1          0       3826   bsp_usart.o
       408         42          0          4         80       2722   can.o
       546         54          0          0        100       3813   chassis.o
       120          0          0          0          0      22945   cmsis_os.o
       250         22        768          2          0       5096   crc.o
       124          4          0          0          0        938   dma.o
         0          0          0          0          0      18360   event_groups.o
      1376        312        112         40        596       6430   freertos.o
       300         30          0         19         44       2591   gimbal.o
       324         24          0          0          0       1215   gpio.o
       460         24          0         24      15360       7727   heap_4.o
      4516        238          0         46        523      24781   judgetask.o
       138          0          0          0          0       3894   list.o
       928        116          0          0          0     807059   main.o
      2494        140          0         16       2900       6835   pid.o
       702         72          0         12          0      11724   port.o
      2344        218          0         72          0       6612   rc_control.o
        48          4          0          0          0        633   shoot.o
       344         42          0          0        176       2650   spi.o
        36          8        428          0       2560        892   startup_stm32f427xx.o
       180         28          0         12          0       4973   stm32f4xx_hal.o
       736         34          0          0          0       3119   stm32f4xx_hal_adc.o
      1682          6          0          0          0      16229   stm32f4xx_hal_can.o
       198         14          0          0          0      34295   stm32f4xx_hal_cortex.o
      1018         16          8          0          0       7850   stm32f4xx_hal_dma.o
       484         52          0          0          0       3293   stm32f4xx_hal_gpio.o
        56          4          0          0          0        954   stm32f4xx_hal_msp.o
      1264         80          0          0          0       5496   stm32f4xx_hal_rcc.o
      1194          8          0          0          0       6604   stm32f4xx_hal_spi.o
      1852         98          0          0          0      18690   stm32f4xx_hal_tim.o
       154          0          0          0          0       3549   stm32f4xx_hal_tim_ex.o
      2228         42          0          0          0      17581   stm32f4xx_hal_uart.o
       276         98          0          0          0      11666   stm32f4xx_it.o
         0          0          0          0          0        392   stream_buffer.o
        84         18         24          4          0       1323   system_stm32f4xx.o
      1534        116          0         60        240      18179   tasks.o
      1308        130          0          0        448       7836   tim.o
      1080        104          0          0        800       5403   usart.o

    ----------------------------------------------------------------------
     37138       2640       1392        420      25408    1147671   Object Totals
         0          0         32          0          0          0   (incl. Generated)
        54          0          0          6          5          0   (incl. Padding)

    ----------------------------------------------------------------------

      Code (inc. data)   RO Data    RW Data    ZI Data      Debug   Library Member Name

       856        118         80          0          0        288   acos.o
       864         94         80          0          0        280   asin.o
       744        106        152          0          0        352   atan.o
       496         64          0          0          0        192   atan2.o
       200         20          0          0          0        164   cos.o
       368         46         48          0          0        200   cos_i.o
       184         44          0          0          0        744   dunder.o
        44          0          0          0          0        248   fabs.o
        48          0          0          0          0        124   fpclassify.o
       248          0          0          0          0        152   poly.o
      3152        296        136          0          0        352   pow.o
         0          0          8          0          0          0   qnan.o
      1080        142        200          0          0        188   rred.o
       200         20          0          0          0        164   sin.o
       304         24         40          0          0        208   sin_i.o
       232          0          0          0          0        296   sqrt.o
        86          0          0          0          0          0   __dczerorl2.o
         0          0          0          0          0          0   entry.o
         0          0          0          0          0          0   entry10a.o
         0          0          0          0          0          0   entry11a.o
         8          4          0          0          0          0   entry2.o
         4          0          0          0          0          0   entry5.o
         0          0          0          0          0          0   entry7b.o
         0          0          0          0          0          0   entry8b.o
         8          4          0          0          0          0   entry9a.o
        12          6          0          4          0         68   errno.o
        30          0          0          0          0          0   handlers.o
        36          8          0          0          0         68   init.o
         0          0          0          0          0          0   iusefp.o
        30          0          0          0          0         68   llshl.o
        36          0          0          0          0         68   llsshr.o
        32          0          0          0          0         68   llushr.o
       188         20          0          0          0        160   malloc.o
        36          0          0          0          0         68   memcpya.o
        36          0          0          0          0        108   memseta.o
         0          0          0          8          0          0   mvars.o
        18          0          0          0          0         68   strcpy.o
        98          0          0          0          0         92   uldiv.o
        48          0          0          0          0         68   cdcmple.o
        48          0          0          0          0         68   cdrcmple.o
        56          0          0          0          0         88   d2f.o
       334          0          0          0          0        148   dadd.o
       222          0          0          0          0        100   ddiv.o
       186          0          0          0          0        176   depilogue.o
        62          0          0          0          0         80   dfixi.o
        50          0          0          0          0         76   dfixui.o
        34          0          0          0          0         76   dflti.o
        26          0          0          0          0         76   dfltui.o
       228          0          0          0          0         96   dmul.o
        46          0          0          0          0         80   dscalb.o
       162          0          0          0          0        100   dsqrt.o
        38          0          0          0          0         68   f2d.o
       110          0          0          0          0        168   fepilogue.o

    ----------------------------------------------------------------------
     11346       1016        744         12          0       6256   Library Totals
        18          0          0          0          0          0   (incl. Padding)

    ----------------------------------------------------------------------

      Code (inc. data)   RO Data    RW Data    ZI Data      Debug   Library Name

      9020        974        744          0          0       3952   m_wm.l
       658         42          0         12          0        836   mc_w.l
      1650          0          0          0          0       1468   mf_w.l

    ----------------------------------------------------------------------
     11346       1016        744         12          0       6256   Library Totals

    ----------------------------------------------------------------------

==============================================================================


      Code (inc. data)   RO Data    RW Data    ZI Data      Debug   

     48484       3656       2136        432      25408    1124015   Grand Totals
     48484       3656       2136         64      25408    1124015   ELF Image Totals (compressed)
     48484       3656       2136         64          0          0   ROM Totals

==============================================================================

    Total RO  Size (Code + RO Data)                50620 (  49.43kB)
    Total RW  Size (RW Data + ZI Data)             25840 (  25.23kB)
    Total ROM Size (Code + RO Data + RW Data)      50684 (  49.50kB)

==============================================================================

